[0.007s][info][gc,heap] Heap region size: 1M
[0.011s][info][gc     ] Using G1
[0.011s][info][gc,heap,coops] Heap address: 0x0000000083000000, size: 2000 MB, Compressed Oops mode: 32-bit
[2.075s][info][gc,start     ] GC(0) Pause Young (Concurrent Start) (Metadata GC Threshold)
[2.076s][info][gc,task      ] GC(0) Using 5 workers of 8 for evacuation
[2.110s][info][gc,mmu       ] GC(0) MMU target violated: 21.0ms (20.0ms/21.0ms)
[2.110s][info][gc,phases    ] GC(0)   Pre Evacuate Collection Set: 0.1ms
[2.110s][info][gc,phases    ] GC(0)   Evacuate Collection Set: 28.0ms
[2.110s][info][gc,phases    ] GC(0)   Post Evacuate Collection Set: 5.7ms
[2.110s][info][gc,phases    ] GC(0)   Other: 1.1ms
[2.110s][info][gc,heap      ] GC(0) Eden regions: 102->0(183)
[2.110s][info][gc,heap      ] GC(0) Survivor regions: 0->15(25)
[2.110s][info][gc,heap      ] GC(0) Old regions: 0->0
[2.110s][info][gc,heap      ] GC(0) Humongous regions: 1->1
[2.110s][info][gc,metaspace ] GC(0) Metaspace: 20574K->20574K(1069056K)
[2.110s][info][gc           ] GC(0) Pause Young (Concurrent Start) (Metadata GC Threshold) 102M->15M(248M) 34.926ms
[2.110s][info][gc,cpu       ] GC(0) User=0.05s Sys=0.01s Real=0.04s
[2.110s][info][gc           ] GC(1) Concurrent Cycle
[2.110s][info][gc,marking   ] GC(1) Concurrent Clear Claimed Marks
[2.110s][info][gc,marking   ] GC(1) Concurrent Clear Claimed Marks 0.053ms
[2.110s][info][gc,marking   ] GC(1) Concurrent Scan Root Regions
[2.121s][info][gc,marking   ] GC(1) Concurrent Scan Root Regions 11.230ms
[2.121s][info][gc,marking   ] GC(1) Concurrent Mark (2.121s)
[2.121s][info][gc,marking   ] GC(1) Concurrent Mark From Roots
[2.121s][info][gc,task      ] GC(1) Using 2 workers of 2 for marking
[2.122s][info][gc,marking   ] GC(1) Concurrent Mark From Roots 0.304ms
[2.122s][info][gc,marking   ] GC(1) Concurrent Preclean
[2.122s][info][gc,marking   ] GC(1) Concurrent Preclean 0.126ms
[2.122s][info][gc,marking   ] GC(1) Concurrent Mark (2.121s, 2.122s) 0.468ms
[2.122s][info][gc,start     ] GC(1) Pause Remark
[2.127s][info][gc,stringtable] GC(1) Cleaned string and symbol table, strings: 10261 processed, 0 removed, symbols: 70274 processed, 43 removed
[2.129s][info][gc            ] GC(1) Pause Remark 17M->17M(248M) 7.151ms
[2.129s][info][gc,cpu        ] GC(1) User=0.00s Sys=0.00s Real=0.00s
[2.129s][info][gc,marking    ] GC(1) Concurrent Rebuild Remembered Sets
[2.129s][info][gc,marking    ] GC(1) Concurrent Rebuild Remembered Sets 0.055ms
[2.129s][info][gc,start      ] GC(1) Pause Cleanup
[2.129s][info][gc            ] GC(1) Pause Cleanup 17M->17M(248M) 0.089ms
[2.129s][info][gc,cpu        ] GC(1) User=0.01s Sys=0.00s Real=0.00s
[2.130s][info][gc,marking    ] GC(1) Concurrent Cleanup for Next Mark
[2.131s][info][gc,marking    ] GC(1) Concurrent Cleanup for Next Mark 1.239ms
[2.131s][info][gc            ] GC(1) Concurrent Cycle 20.816ms
[3.294s][info][gc,start      ] GC(2) Pause Young (Normal) (G1 Evacuation Pause)
[3.294s][info][gc,task       ] GC(2) Using 5 workers of 8 for evacuation
[3.314s][info][gc,phases     ] GC(2)   Pre Evacuate Collection Set: 0.0ms
[3.314s][info][gc,phases     ] GC(2)   Evacuate Collection Set: 16.8ms
[3.314s][info][gc,phases     ] GC(2)   Post Evacuate Collection Set: 2.6ms
[3.314s][info][gc,phases     ] GC(2)   Other: 0.2ms
[3.314s][info][gc,heap       ] GC(2) Eden regions: 183->0(189)
[3.314s][info][gc,heap       ] GC(2) Survivor regions: 15->9(25)
[3.314s][info][gc,heap       ] GC(2) Old regions: 0->15
[3.314s][info][gc,heap       ] GC(2) Humongous regions: 1->1
[3.314s][info][gc,metaspace  ] GC(2) Metaspace: 32473K->32473K(1079296K)
[3.314s][info][gc            ] GC(2) Pause Young (Normal) (G1 Evacuation Pause) 198M->23M(248M) 19.709ms
[3.314s][info][gc,cpu        ] GC(2) User=0.05s Sys=0.02s Real=0.02s
[4.073s][info][gc,start      ] GC(3) Pause Young (Normal) (G1 Evacuation Pause)
[4.073s][info][gc,task       ] GC(3) Using 5 workers of 8 for evacuation
[4.089s][info][gc,phases     ] GC(3)   Pre Evacuate Collection Set: 0.0ms
[4.089s][info][gc,phases     ] GC(3)   Evacuate Collection Set: 8.4ms
[4.089s][info][gc,phases     ] GC(3)   Post Evacuate Collection Set: 8.2ms
[4.089s][info][gc,phases     ] GC(3)   Other: 0.1ms
[4.089s][info][gc,heap       ] GC(3) Eden regions: 189->0(181)
[4.089s][info][gc,heap       ] GC(3) Survivor regions: 9->17(25)
[4.089s][info][gc,heap       ] GC(3) Old regions: 15->15
[4.089s][info][gc,heap       ] GC(3) Humongous regions: 1->1
[4.089s][info][gc,metaspace  ] GC(3) Metaspace: 32828K->32828K(1079296K)
[4.089s][info][gc            ] GC(3) Pause Young (Normal) (G1 Evacuation Pause) 212M->32M(248M) 16.848ms
[4.089s][info][gc,cpu        ] GC(3) User=0.06s Sys=0.00s Real=0.01s
[4.693s][info][gc,start      ] GC(4) Pause Young (Normal) (G1 Evacuation Pause)
[4.693s][info][gc,task       ] GC(4) Using 5 workers of 8 for evacuation
[4.724s][info][gc,mmu        ] GC(4) MMU target violated: 21.0ms (20.0ms/21.0ms)
[4.724s][info][gc,phases     ] GC(4)   Pre Evacuate Collection Set: 0.0ms
[4.724s][info][gc,phases     ] GC(4)   Evacuate Collection Set: 11.5ms
[4.724s][info][gc,phases     ] GC(4)   Post Evacuate Collection Set: 19.7ms
[4.724s][info][gc,phases     ] GC(4)   Other: 0.2ms
[4.724s][info][gc,heap       ] GC(4) Eden regions: 181->0(183)
[4.724s][info][gc,heap       ] GC(4) Survivor regions: 17->15(25)
[4.724s][info][gc,heap       ] GC(4) Old regions: 15->22
[4.724s][info][gc,heap       ] GC(4) Humongous regions: 1->1
[4.724s][info][gc,metaspace  ] GC(4) Metaspace: 32858K->32858K(1079296K)
[4.724s][info][gc            ] GC(4) Pause Young (Normal) (G1 Evacuation Pause) 213M->37M(248M) 31.550ms
[4.724s][info][gc,cpu        ] GC(4) User=0.09s Sys=0.00s Real=0.03s
[5.633s][info][gc,start      ] GC(5) Pause Young (Normal) (G1 Evacuation Pause)
[5.633s][info][gc,task       ] GC(5) Using 5 workers of 8 for evacuation
[5.653s][info][gc,phases     ] GC(5)   Pre Evacuate Collection Set: 0.0ms
[5.653s][info][gc,phases     ] GC(5)   Evacuate Collection Set: 9.6ms
[5.653s][info][gc,phases     ] GC(5)   Post Evacuate Collection Set: 9.7ms
[5.653s][info][gc,phases     ] GC(5)   Other: 0.1ms
[5.653s][info][gc,heap       ] GC(5) Eden regions: 183->0(185)
[5.653s][info][gc,heap       ] GC(5) Survivor regions: 15->13(25)
[5.653s][info][gc,heap       ] GC(5) Old regions: 22->28
[5.653s][info][gc,heap       ] GC(5) Humongous regions: 1->1
[5.653s][info][gc,metaspace  ] GC(5) Metaspace: 32888K->32888K(1079296K)
[5.653s][info][gc            ] GC(5) Pause Young (Normal) (G1 Evacuation Pause) 220M->41M(248M) 19.584ms
[5.653s][info][gc,cpu        ] GC(5) User=0.07s Sys=0.00s Real=0.02s
[6.235s][info][gc,start      ] GC(6) Pause Young (Normal) (G1 Evacuation Pause)
[6.235s][info][gc,task       ] GC(6) Using 5 workers of 8 for evacuation
[6.257s][info][gc,mmu        ] GC(6) MMU target violated: 21.0ms (20.0ms/21.0ms)
[6.257s][info][gc,phases     ] GC(6)   Pre Evacuate Collection Set: 0.0ms
[6.257s][info][gc,phases     ] GC(6)   Evacuate Collection Set: 12.8ms
[6.257s][info][gc,phases     ] GC(6)   Post Evacuate Collection Set: 9.6ms
[6.257s][info][gc,phases     ] GC(6)   Other: 0.2ms
[6.257s][info][gc,heap       ] GC(6) Eden regions: 185->0(181)
[6.257s][info][gc,heap       ] GC(6) Survivor regions: 13->17(25)
[6.257s][info][gc,heap       ] GC(6) Old regions: 28->28
[6.257s][info][gc,heap       ] GC(6) Humongous regions: 1->1
[6.257s][info][gc,metaspace  ] GC(6) Metaspace: 32901K->32901K(1079296K)
[6.257s][info][gc            ] GC(6) Pause Young (Normal) (G1 Evacuation Pause) 226M->45M(248M) 22.723ms
[6.257s][info][gc,cpu        ] GC(6) User=0.06s Sys=0.00s Real=0.02s
[6.765s][info][gc,start      ] GC(7) Pause Young (Concurrent Start) (Metadata GC Threshold)
[6.765s][info][gc,task       ] GC(7) Using 5 workers of 8 for evacuation
[6.787s][info][gc,mmu        ] GC(7) MMU target violated: 21.0ms (20.0ms/21.0ms)
[6.787s][info][gc,phases     ] GC(7)   Pre Evacuate Collection Set: 0.1ms
[6.787s][info][gc,phases     ] GC(7)   Evacuate Collection Set: 14.6ms
[6.787s][info][gc,phases     ] GC(7)   Post Evacuate Collection Set: 6.3ms
[6.787s][info][gc,phases     ] GC(7)   Other: 0.2ms
[6.787s][info][gc,heap       ] GC(7) Eden regions: 104->0(224)
[6.787s][info][gc,heap       ] GC(7) Survivor regions: 17->14(25)
[6.787s][info][gc,heap       ] GC(7) Old regions: 28->32
[6.787s][info][gc,heap       ] GC(7) Humongous regions: 1->1
[6.787s][info][gc,metaspace  ] GC(7) Metaspace: 34936K->34936K(1081344K)
[6.787s][info][gc            ] GC(7) Pause Young (Concurrent Start) (Metadata GC Threshold) 148M->46M(298M) 21.277ms
[6.787s][info][gc,cpu        ] GC(7) User=0.06s Sys=0.00s Real=0.02s
[6.787s][info][gc            ] GC(8) Concurrent Cycle
[6.787s][info][gc,marking    ] GC(8) Concurrent Clear Claimed Marks
[6.787s][info][gc,marking    ] GC(8) Concurrent Clear Claimed Marks 0.069ms
[6.787s][info][gc,marking    ] GC(8) Concurrent Scan Root Regions
[6.793s][info][gc,marking    ] GC(8) Concurrent Scan Root Regions 5.766ms
[6.793s][info][gc,marking    ] GC(8) Concurrent Mark (6.793s)
[6.793s][info][gc,marking    ] GC(8) Concurrent Mark From Roots
[6.793s][info][gc,task       ] GC(8) Using 2 workers of 2 for marking
[6.835s][info][gc,marking    ] GC(8) Concurrent Mark From Roots 42.154ms
[6.835s][info][gc,marking    ] GC(8) Concurrent Preclean
[6.835s][info][gc,marking    ] GC(8) Concurrent Preclean 0.289ms
[6.835s][info][gc,marking    ] GC(8) Concurrent Mark (6.793s, 6.835s) 42.505ms
[6.835s][info][gc,start      ] GC(8) Pause Remark
[6.844s][info][gc,stringtable] GC(8) Cleaned string and symbol table, strings: 18636 processed, 93 removed, symbols: 124414 processed, 223 removed
[6.844s][info][gc            ] GC(8) Pause Remark 50M->50M(298M) 8.579ms
[6.844s][info][gc,cpu        ] GC(8) User=0.01s Sys=0.00s Real=0.01s
[6.844s][info][gc,marking    ] GC(8) Concurrent Rebuild Remembered Sets
[6.881s][info][gc,marking    ] GC(8) Concurrent Rebuild Remembered Sets 36.734ms
[6.881s][info][gc,start      ] GC(8) Pause Cleanup
[6.881s][info][gc            ] GC(8) Pause Cleanup 52M->52M(298M) 0.104ms
[6.881s][info][gc,cpu        ] GC(8) User=0.00s Sys=0.00s Real=0.00s
[6.881s][info][gc,marking    ] GC(8) Concurrent Cleanup for Next Mark
[6.884s][info][gc,marking    ] GC(8) Concurrent Cleanup for Next Mark 2.777ms
[6.884s][info][gc            ] GC(8) Concurrent Cycle 97.055ms
[9.226s][info][gc,start      ] GC(9) Pause Young (Normal) (G1 Evacuation Pause)
[9.226s][info][gc,task       ] GC(9) Using 8 workers of 8 for evacuation
[9.244s][info][gc,phases     ] GC(9)   Pre Evacuate Collection Set: 0.0ms
[9.244s][info][gc,phases     ] GC(9)   Evacuate Collection Set: 16.8ms
[9.244s][info][gc,phases     ] GC(9)   Post Evacuate Collection Set: 1.1ms
[9.244s][info][gc,phases     ] GC(9)   Other: 0.3ms
[9.244s][info][gc,heap       ] GC(9) Eden regions: 224->0(218)
[9.244s][info][gc,heap       ] GC(9) Survivor regions: 14->20(30)
[9.244s][info][gc,heap       ] GC(9) Old regions: 32->32
[9.244s][info][gc,heap       ] GC(9) Humongous regions: 1->1
[9.244s][info][gc,metaspace  ] GC(9) Metaspace: 49152K->49152K(1093632K)
[9.244s][info][gc            ] GC(9) Pause Young (Normal) (G1 Evacuation Pause) 270M->52M(298M) 18.237ms
[9.244s][info][gc,cpu        ] GC(9) User=0.09s Sys=0.00s Real=0.02s
[10.305s][info][gc,start      ] GC(10) Pause Young (Concurrent Start) (Metadata GC Threshold)
[10.305s][info][gc,task       ] GC(10) Using 8 workers of 8 for evacuation
[10.323s][info][gc,phases     ] GC(10)   Pre Evacuate Collection Set: 0.1ms
[10.324s][info][gc,phases     ] GC(10)   Evacuate Collection Set: 16.7ms
[10.324s][info][gc,phases     ] GC(10)   Post Evacuate Collection Set: 1.3ms
[10.324s][info][gc,phases     ] GC(10)   Other: 0.2ms
[10.324s][info][gc,heap       ] GC(10) Eden regions: 181->0(216)
[10.324s][info][gc,heap       ] GC(10) Survivor regions: 20->22(30)
[10.324s][info][gc,heap       ] GC(10) Old regions: 32->36
[10.324s][info][gc,heap       ] GC(10) Humongous regions: 8->1
[10.324s][info][gc,metaspace  ] GC(10) Metaspace: 58877K->58877K(1101824K)
[10.324s][info][gc            ] GC(10) Pause Young (Concurrent Start) (Metadata GC Threshold) 240M->58M(298M) 18.343ms
[10.324s][info][gc,cpu        ] GC(10) User=0.10s Sys=0.00s Real=0.02s
[10.324s][info][gc            ] GC(11) Concurrent Cycle
[10.324s][info][gc,marking    ] GC(11) Concurrent Clear Claimed Marks
[10.324s][info][gc,marking    ] GC(11) Concurrent Clear Claimed Marks 0.128ms
[10.324s][info][gc,marking    ] GC(11) Concurrent Scan Root Regions
[10.336s][info][gc,marking    ] GC(11) Concurrent Scan Root Regions 12.273ms
[10.336s][info][gc,marking    ] GC(11) Concurrent Mark (10.336s)
[10.336s][info][gc,marking    ] GC(11) Concurrent Mark From Roots
[10.336s][info][gc,task       ] GC(11) Using 2 workers of 2 for marking
[10.368s][info][gc,marking    ] GC(11) Concurrent Mark From Roots 31.964ms
[10.368s][info][gc,marking    ] GC(11) Concurrent Preclean
[10.368s][info][gc,marking    ] GC(11) Concurrent Preclean 0.224ms
[10.368s][info][gc,marking    ] GC(11) Concurrent Mark (10.336s, 10.368s) 32.242ms
[10.368s][info][gc,start      ] GC(11) Pause Remark
[10.384s][info][gc,stringtable] GC(11) Cleaned string and symbol table, strings: 35095 processed, 0 removed, symbols: 193221 processed, 383 removed
[10.384s][info][gc            ] GC(11) Pause Remark 62M->62M(298M) 15.658ms
[10.384s][info][gc,cpu        ] GC(11) User=0.05s Sys=0.00s Real=0.02s
[10.384s][info][gc,marking    ] GC(11) Concurrent Rebuild Remembered Sets
[10.415s][info][gc,marking    ] GC(11) Concurrent Rebuild Remembered Sets 30.462ms
[10.415s][info][gc,start      ] GC(11) Pause Cleanup
[10.415s][info][gc            ] GC(11) Pause Cleanup 63M->63M(298M) 0.121ms
[10.415s][info][gc,cpu        ] GC(11) User=0.00s Sys=0.00s Real=0.00s
[10.415s][info][gc,marking    ] GC(11) Concurrent Cleanup for Next Mark
[10.416s][info][gc,marking    ] GC(11) Concurrent Cleanup for Next Mark 0.616ms
[10.416s][info][gc            ] GC(11) Concurrent Cycle 92.105ms
[16.633s][info][gc,start      ] GC(12) Pause Young (Concurrent Start) (GCLocker Initiated GC)
[16.633s][info][gc,task       ] GC(12) Using 8 workers of 8 for evacuation
[16.686s][info][gc,mmu        ] GC(12) MMU target violated: 21.0ms (20.0ms/21.0ms)
[16.686s][info][gc,phases     ] GC(12)   Pre Evacuate Collection Set: 0.2ms
[16.686s][info][gc,phases     ] GC(12)   Evacuate Collection Set: 44.8ms
[16.686s][info][gc,phases     ] GC(12)   Post Evacuate Collection Set: 7.1ms
[16.686s][info][gc,phases     ] GC(12)   Other: 0.4ms
[16.686s][info][gc,heap       ] GC(12) Eden regions: 216->0(216)
[16.686s][info][gc,heap       ] GC(12) Survivor regions: 22->24(30)
[16.686s][info][gc,heap       ] GC(12) Old regions: 36->38
[16.686s][info][gc,heap       ] GC(12) Humongous regions: 1->1
[16.686s][info][gc,metaspace  ] GC(12) Metaspace: 68700K->68700K(1112064K)
[16.686s][info][gc            ] GC(12) Pause Young (Concurrent Start) (GCLocker Initiated GC) 274M->62M(301M) 52.540ms
[16.686s][info][gc,cpu        ] GC(12) User=0.11s Sys=0.01s Real=0.05s
[16.686s][info][gc            ] GC(13) Concurrent Cycle
[16.686s][info][gc,marking    ] GC(13) Concurrent Clear Claimed Marks
[16.686s][info][gc,marking    ] GC(13) Concurrent Clear Claimed Marks 0.192ms
[16.686s][info][gc,marking    ] GC(13) Concurrent Scan Root Regions
[16.699s][info][gc,marking    ] GC(13) Concurrent Scan Root Regions 13.244ms
[16.699s][info][gc,marking    ] GC(13) Concurrent Mark (16.699s)
[16.699s][info][gc,marking    ] GC(13) Concurrent Mark From Roots
[16.699s][info][gc,task       ] GC(13) Using 2 workers of 2 for marking
[16.734s][info][gc,marking    ] GC(13) Concurrent Mark From Roots 34.019ms
[16.734s][info][gc,marking    ] GC(13) Concurrent Preclean
[16.734s][info][gc,marking    ] GC(13) Concurrent Preclean 0.262ms
[16.734s][info][gc,marking    ] GC(13) Concurrent Mark (16.699s, 16.734s) 34.349ms
[16.736s][info][gc,start      ] GC(13) Pause Remark
[16.748s][info][gc,stringtable] GC(13) Cleaned string and symbol table, strings: 38356 processed, 0 removed, symbols: 216889 processed, 5 removed
[16.748s][info][gc            ] GC(13) Pause Remark 66M->59M(301M) 11.998ms
[16.748s][info][gc,cpu        ] GC(13) User=0.03s Sys=0.00s Real=0.01s
[16.748s][info][gc,marking    ] GC(13) Concurrent Rebuild Remembered Sets
[16.766s][info][gc,marking    ] GC(13) Concurrent Rebuild Remembered Sets 18.018ms
[16.786s][info][gc,start      ] GC(13) Pause Cleanup
[16.786s][info][gc            ] GC(13) Pause Cleanup 59M->59M(301M) 0.243ms
[16.786s][info][gc,cpu        ] GC(13) User=0.01s Sys=0.00s Real=0.00s
[16.786s][info][gc,marking    ] GC(13) Concurrent Cleanup for Next Mark
[16.787s][info][gc,marking    ] GC(13) Concurrent Cleanup for Next Mark 0.538ms
[16.787s][info][gc            ] GC(13) Concurrent Cycle 100.864ms
[17.372s][info][gc,start      ] GC(14) Pause Young (Normal) (GCLocker Initiated GC)
[17.372s][info][gc,task       ] GC(14) Using 8 workers of 8 for evacuation
[17.424s][info][gc,mmu        ] GC(14) MMU target violated: 21.0ms (20.0ms/21.0ms)
[17.424s][info][gc,phases     ] GC(14)   Pre Evacuate Collection Set: 0.0ms
[17.424s][info][gc,phases     ] GC(14)   Evacuate Collection Set: 49.1ms
[17.424s][info][gc,phases     ] GC(14)   Post Evacuate Collection Set: 2.4ms
[17.424s][info][gc,phases     ] GC(14)   Other: 0.4ms
[17.424s][info][gc,heap       ] GC(14) Eden regions: 228->0(229)
[17.424s][info][gc,heap       ] GC(14) Survivor regions: 24->21(30)
[17.424s][info][gc,heap       ] GC(14) Old regions: 31->39
[17.424s][info][gc,heap       ] GC(14) Humongous regions: 1->1
[17.424s][info][gc,metaspace  ] GC(14) Metaspace: 69081K->69081K(1112064K)
[17.424s][info][gc            ] GC(14) Pause Young (Normal) (GCLocker Initiated GC) 283M->59M(313M) 51.976ms
[17.424s][info][gc,cpu        ] GC(14) User=0.11s Sys=0.00s Real=0.05s
[18.154s][info][gc,start      ] GC(15) Pause Young (Normal) (GCLocker Initiated GC)
[18.154s][info][gc,task       ] GC(15) Using 8 workers of 8 for evacuation
[18.227s][info][gc,mmu        ] GC(15) MMU target violated: 21.0ms (20.0ms/21.0ms)
[18.228s][info][gc,phases     ] GC(15)   Pre Evacuate Collection Set: 0.0ms
[18.228s][info][gc,phases     ] GC(15)   Evacuate Collection Set: 63.8ms
[18.228s][info][gc,phases     ] GC(15)   Post Evacuate Collection Set: 9.5ms
[18.228s][info][gc,phases     ] GC(15)   Other: 0.3ms
[18.228s][info][gc,heap       ] GC(15) Eden regions: 232->0(237)
[18.228s][info][gc,heap       ] GC(15) Survivor regions: 21->13(32)
[18.228s][info][gc,heap       ] GC(15) Old regions: 39->45
[18.228s][info][gc,heap       ] GC(15) Humongous regions: 1->1
[18.228s][info][gc,metaspace  ] GC(15) Metaspace: 70114K->70114K(1112064K)
[18.228s][info][gc            ] GC(15) Pause Young (Normal) (GCLocker Initiated GC) 291M->58M(313M) 73.765ms
[18.228s][info][gc,cpu        ] GC(15) User=0.13s Sys=0.01s Real=0.07s
[19.279s][info][gc,start      ] GC(16) Pause Young (Normal) (G1 Evacuation Pause)
[19.279s][info][gc,task       ] GC(16) Using 8 workers of 8 for evacuation
[19.305s][info][gc,mmu        ] GC(16) MMU target violated: 21.0ms (20.0ms/21.0ms)
[19.305s][info][gc,phases     ] GC(16)   Pre Evacuate Collection Set: 0.0ms
[19.305s][info][gc,phases     ] GC(16)   Evacuate Collection Set: 13.7ms
[19.305s][info][gc,phases     ] GC(16)   Post Evacuate Collection Set: 12.1ms
[19.305s][info][gc,phases     ] GC(16)   Other: 0.3ms
[19.305s][info][gc,heap       ] GC(16) Eden regions: 237->0(287)
[19.305s][info][gc,heap       ] GC(16) Survivor regions: 13->13(32)
[19.305s][info][gc,heap       ] GC(16) Old regions: 45->45
[19.305s][info][gc,heap       ] GC(16) Humongous regions: 1->1
[19.305s][info][gc,metaspace  ] GC(16) Metaspace: 71978K->71978K(1116160K)
[19.305s][info][gc            ] GC(16) Pause Young (Normal) (G1 Evacuation Pause) 295M->58M(376M) 26.227ms
[19.305s][info][gc,cpu        ] GC(16) User=0.06s Sys=0.00s Real=0.03s
[20.112s][info][gc,start      ] GC(17) Pause Young (Normal) (G1 Evacuation Pause)
[20.112s][info][gc,task       ] GC(17) Using 8 workers of 8 for evacuation
[20.195s][info][gc,mmu        ] GC(17) MMU target violated: 21.0ms (20.0ms/21.0ms)
[20.195s][info][gc,phases     ] GC(17)   Pre Evacuate Collection Set: 0.0ms
[20.195s][info][gc,phases     ] GC(17)   Evacuate Collection Set: 80.7ms
[20.195s][info][gc,phases     ] GC(17)   Post Evacuate Collection Set: 2.2ms
[20.195s][info][gc,phases     ] GC(17)   Other: 0.5ms
[20.195s][info][gc,heap       ] GC(17) Eden regions: 287->0(280)
[20.195s][info][gc,heap       ] GC(17) Survivor regions: 13->20(38)
[20.195s][info][gc,heap       ] GC(17) Old regions: 45->45
[20.195s][info][gc,heap       ] GC(17) Humongous regions: 1->1
[20.195s][info][gc,metaspace  ] GC(17) Metaspace: 72069K->72069K(1116160K)
[20.195s][info][gc            ] GC(17) Pause Young (Normal) (G1 Evacuation Pause) 345M->64M(376M) 83.430ms
[20.195s][info][gc,cpu        ] GC(17) User=0.11s Sys=0.00s Real=0.08s
[20.838s][info][gc,start      ] GC(18) Pause Young (Normal) (G1 Evacuation Pause)
[20.838s][info][gc,task       ] GC(18) Using 8 workers of 8 for evacuation
[20.958s][info][gc,mmu        ] GC(18) MMU target violated: 21.0ms (20.0ms/21.0ms)
[20.958s][info][gc,phases     ] GC(18)   Pre Evacuate Collection Set: 0.0ms
[20.958s][info][gc,phases     ] GC(18)   Evacuate Collection Set: 118.2ms
[20.958s][info][gc,phases     ] GC(18)   Post Evacuate Collection Set: 2.1ms
[20.958s][info][gc,phases     ] GC(18)   Other: 0.4ms
[20.958s][info][gc,heap       ] GC(18) Eden regions: 280->0(269)
[20.958s][info][gc,heap       ] GC(18) Survivor regions: 20->36(38)
[20.958s][info][gc,heap       ] GC(18) Old regions: 45->45
[20.958s][info][gc,heap       ] GC(18) Humongous regions: 1->1
[20.958s][info][gc,metaspace  ] GC(18) Metaspace: 72155K->72155K(1116160K)
[20.958s][info][gc            ] GC(18) Pause Young (Normal) (G1 Evacuation Pause) 344M->81M(382M) 120.850ms
[20.958s][info][gc,cpu        ] GC(18) User=0.23s Sys=0.01s Real=0.12s
[21.595s][info][gc,start      ] GC(19) Pause Young (Normal) (G1 Evacuation Pause)
[21.595s][info][gc,task       ] GC(19) Using 8 workers of 8 for evacuation
[21.756s][info][gc,mmu        ] GC(19) MMU target violated: 21.0ms (20.0ms/21.0ms)
[21.756s][info][gc,phases     ] GC(19)   Pre Evacuate Collection Set: 0.0ms
[21.756s][info][gc,phases     ] GC(19)   Evacuate Collection Set: 158.4ms
[21.756s][info][gc,phases     ] GC(19)   Post Evacuate Collection Set: 2.2ms
[21.756s][info][gc,phases     ] GC(19)   Other: 0.4ms
[21.756s][info][gc,heap       ] GC(19) Eden regions: 269->0(289)
[21.756s][info][gc,heap       ] GC(19) Survivor regions: 36->29(39)
[21.756s][info][gc,heap       ] GC(19) Old regions: 45->62
[21.756s][info][gc,heap       ] GC(19) Humongous regions: 2->2
[21.756s][info][gc,metaspace  ] GC(19) Metaspace: 72198K->72198K(1116160K)
[21.756s][info][gc            ] GC(19) Pause Young (Normal) (G1 Evacuation Pause) 351M->91M(398M) 161.171ms
[21.756s][info][gc,cpu        ] GC(19) User=0.27s Sys=0.01s Real=0.16s
[22.482s][info][gc,start      ] GC(20) Pause Young (Normal) (G1 Evacuation Pause)
[22.482s][info][gc,task       ] GC(20) Using 8 workers of 8 for evacuation
[22.653s][info][gc,mmu        ] GC(20) MMU target violated: 21.0ms (20.0ms/21.0ms)
[22.653s][info][gc,phases     ] GC(20)   Pre Evacuate Collection Set: 0.0ms
[22.653s][info][gc,phases     ] GC(20)   Evacuate Collection Set: 156.3ms
[22.653s][info][gc,phases     ] GC(20)   Post Evacuate Collection Set: 14.5ms
[22.653s][info][gc,phases     ] GC(20)   Other: 0.4ms
[22.653s][info][gc,heap       ] GC(20) Eden regions: 289->0(308)
[22.653s][info][gc,heap       ] GC(20) Survivor regions: 29->28(40)
[22.653s][info][gc,heap       ] GC(20) Old regions: 62->73
[22.653s][info][gc,heap       ] GC(20) Humongous regions: 2->2
[22.653s][info][gc,metaspace  ] GC(20) Metaspace: 72253K->72253K(1116160K)
[22.653s][info][gc            ] GC(20) Pause Young (Normal) (G1 Evacuation Pause) 380M->102M(421M) 171.344ms
[22.653s][info][gc,cpu        ] GC(20) User=0.26s Sys=0.02s Real=0.17s
[23.811s][info][gc,start      ] GC(21) Pause Young (Normal) (G1 Evacuation Pause)
[23.811s][info][gc,task       ] GC(21) Using 8 workers of 8 for evacuation
[24.102s][info][gc,mmu        ] GC(21) MMU target violated: 21.0ms (20.0ms/21.0ms)
[24.102s][info][gc,phases     ] GC(21)   Pre Evacuate Collection Set: 0.0ms
[24.102s][info][gc,phases     ] GC(21)   Evacuate Collection Set: 261.1ms
[24.102s][info][gc,phases     ] GC(21)   Post Evacuate Collection Set: 29.6ms
[24.102s][info][gc,phases     ] GC(21)   Other: 0.5ms
[24.102s][info][gc,heap       ] GC(21) Eden regions: 308->0(496)
[24.102s][info][gc,heap       ] GC(21) Survivor regions: 28->32(42)
[24.102s][info][gc,heap       ] GC(21) Old regions: 73->85
[24.102s][info][gc,heap       ] GC(21) Humongous regions: 4->4
[24.102s][info][gc,metaspace  ] GC(21) Metaspace: 72367K->72367K(1116160K)
[24.102s][info][gc            ] GC(21) Pause Young (Normal) (G1 Evacuation Pause) 412M->120M(661M) 291.265ms
[24.102s][info][gc,cpu        ] GC(21) User=0.37s Sys=0.09s Real=0.29s
[27.255s][info][gc,start      ] GC(22) Pause Young (Normal) (G1 Evacuation Pause)
[27.255s][info][gc,task       ] GC(22) Using 8 workers of 8 for evacuation
[27.546s][info][gc,mmu        ] GC(22) MMU target violated: 21.0ms (20.0ms/21.0ms)
[27.546s][info][gc,phases     ] GC(22)   Pre Evacuate Collection Set: 0.0ms
[27.546s][info][gc,phases     ] GC(22)   Evacuate Collection Set: 285.3ms
[27.546s][info][gc,phases     ] GC(22)   Post Evacuate Collection Set: 5.8ms
[27.547s][info][gc,phases     ] GC(22)   Other: 0.7ms
[27.547s][info][gc,heap       ] GC(22) Eden regions: 496->0(485)
[27.547s][info][gc,heap       ] GC(22) Survivor regions: 32->51(66)
[27.547s][info][gc,heap       ] GC(22) Old regions: 85->85
[27.547s][info][gc,heap       ] GC(22) Humongous regions: 6->6
[27.547s][info][gc,metaspace  ] GC(22) Metaspace: 72428K->72428K(1116160K)
[27.547s][info][gc            ] GC(22) Pause Young (Normal) (G1 Evacuation Pause) 618M->141M(670M) 291.972ms
[27.547s][info][gc,cpu        ] GC(22) User=0.43s Sys=0.00s Real=0.29s
[30.325s][info][gc,start      ] GC(23) Pause Young (Normal) (G1 Evacuation Pause)
[30.325s][info][gc,task       ] GC(23) Using 8 workers of 8 for evacuation
[30.396s][info][gc,mmu        ] GC(23) MMU target violated: 21.0ms (20.0ms/21.0ms)
[30.396s][info][gc,phases     ] GC(23)   Pre Evacuate Collection Set: 0.0ms
[30.396s][info][gc,phases     ] GC(23)   Evacuate Collection Set: 67.8ms
[30.396s][info][gc,phases     ] GC(23)   Post Evacuate Collection Set: 2.7ms
[30.396s][info][gc,phases     ] GC(23)   Other: 0.4ms
[30.396s][info][gc,heap       ] GC(23) Eden regions: 485->0(516)
[30.396s][info][gc,heap       ] GC(23) Survivor regions: 51->40(67)
[30.396s][info][gc,heap       ] GC(23) Old regions: 85->108
[30.396s][info][gc,heap       ] GC(23) Humongous regions: 11->11
[30.396s][info][gc,metaspace  ] GC(23) Metaspace: 72472K->72472K(1116160K)
[30.396s][info][gc            ] GC(23) Pause Young (Normal) (G1 Evacuation Pause) 631M->158M(695M) 70.924ms
[30.396s][info][gc,cpu        ] GC(23) User=0.42s Sys=0.01s Real=0.07s
[31.241s][info][gc,start      ] GC(24) Pause Young (Normal) (G1 Evacuation Pause)
[31.241s][info][gc,task       ] GC(24) Using 8 workers of 8 for evacuation
[31.292s][info][gc,mmu        ] GC(24) MMU target violated: 21.0ms (20.0ms/21.0ms)
[31.292s][info][gc,phases     ] GC(24)   Pre Evacuate Collection Set: 0.0ms
[31.292s][info][gc,phases     ] GC(24)   Evacuate Collection Set: 49.5ms
[31.292s][info][gc,phases     ] GC(24)   Post Evacuate Collection Set: 1.3ms
[31.292s][info][gc,phases     ] GC(24)   Other: 0.3ms
[31.292s][info][gc,heap       ] GC(24) Eden regions: 516->0(548)
[31.292s][info][gc,heap       ] GC(24) Survivor regions: 40->38(70)
[31.292s][info][gc,heap       ] GC(24) Old regions: 108->128
[31.292s][info][gc,heap       ] GC(24) Humongous regions: 11->11
[31.292s][info][gc,metaspace  ] GC(24) Metaspace: 72492K->72492K(1116160K)
[31.292s][info][gc            ] GC(24) Pause Young (Normal) (G1 Evacuation Pause) 674M->176M(733M) 51.190ms
[31.292s][info][gc,cpu        ] GC(24) User=0.35s Sys=0.02s Real=0.05s
[31.810s][info][gc,start      ] GC(25) Pause Young (Normal) (G1 Evacuation Pause)
[31.810s][info][gc,task       ] GC(25) Using 8 workers of 8 for evacuation
[31.878s][info][gc,mmu        ] GC(25) MMU target violated: 21.0ms (20.0ms/21.0ms)
[31.878s][info][gc,phases     ] GC(25)   Pre Evacuate Collection Set: 0.0ms
[31.878s][info][gc,phases     ] GC(25)   Evacuate Collection Set: 65.4ms
[31.878s][info][gc,phases     ] GC(25)   Post Evacuate Collection Set: 2.6ms
[31.879s][info][gc,phases     ] GC(25)   Other: 0.3ms
[31.879s][info][gc,heap       ] GC(25) Eden regions: 548->0(568)
[31.879s][info][gc,heap       ] GC(25) Survivor regions: 38->56(74)
[31.879s][info][gc,heap       ] GC(25) Old regions: 128->128
[31.879s][info][gc,heap       ] GC(25) Humongous regions: 11->11
[31.879s][info][gc,metaspace  ] GC(25) Metaspace: 72855K->72855K(1116160K)
[31.879s][info][gc            ] GC(25) Pause Young (Normal) (G1 Evacuation Pause) 724M->193M(781M) 68.526ms
[31.879s][info][gc,cpu        ] GC(25) User=0.39s Sys=0.04s Real=0.06s
[32.467s][info][gc,start      ] GC(26) Pause Young (Normal) (G1 Evacuation Pause)
[32.467s][info][gc,task       ] GC(26) Using 8 workers of 8 for evacuation
[32.549s][info][gc,mmu        ] GC(26) MMU target violated: 21.0ms (20.0ms/21.0ms)
[32.550s][info][gc,phases     ] GC(26)   Pre Evacuate Collection Set: 0.0ms
[32.550s][info][gc,phases     ] GC(26)   Evacuate Collection Set: 79.3ms
[32.550s][info][gc,phases     ] GC(26)   Post Evacuate Collection Set: 2.7ms
[32.550s][info][gc,phases     ] GC(26)   Other: 0.3ms
[32.550s][info][gc,heap       ] GC(26) Eden regions: 568->0(613)
[32.550s][info][gc,heap       ] GC(26) Survivor regions: 56->53(78)
[32.550s][info][gc,heap       ] GC(26) Old regions: 128->145
[32.550s][info][gc,heap       ] GC(26) Humongous regions: 11->11
[32.550s][info][gc,metaspace  ] GC(26) Metaspace: 73537K->73537K(1118208K)
[32.550s][info][gc            ] GC(26) Pause Young (Normal) (G1 Evacuation Pause) 761M->208M(833M) 82.395ms
[32.550s][info][gc,cpu        ] GC(26) User=0.49s Sys=0.03s Real=0.09s
[33.169s][info][gc,start      ] GC(27) Pause Young (Normal) (G1 Evacuation Pause)
[33.169s][info][gc,task       ] GC(27) Using 8 workers of 8 for evacuation
[33.236s][info][gc,mmu        ] GC(27) MMU target violated: 21.0ms (20.0ms/21.0ms)
[33.236s][info][gc,phases     ] GC(27)   Pre Evacuate Collection Set: 0.0ms
[33.236s][info][gc,phases     ] GC(27)   Evacuate Collection Set: 64.9ms
[33.236s][info][gc,phases     ] GC(27)   Post Evacuate Collection Set: 2.1ms
[33.236s][info][gc,phases     ] GC(27)   Other: 0.3ms
[33.236s][info][gc,heap       ] GC(27) Eden regions: 613->0(657)
[33.236s][info][gc,heap       ] GC(27) Survivor regions: 53->55(84)
[33.236s][info][gc,heap       ] GC(27) Old regions: 145->159
[33.236s][info][gc,heap       ] GC(27) Humongous regions: 11->11
[33.236s][info][gc,metaspace  ] GC(27) Metaspace: 74752K->74752K(1118208K)
[33.236s][info][gc            ] GC(27) Pause Young (Normal) (G1 Evacuation Pause) 821M->224M(891M) 67.398ms
[33.236s][info][gc,cpu        ] GC(27) User=0.44s Sys=0.03s Real=0.07s
[33.981s][info][gc,start      ] GC(28) Pause Young (Normal) (G1 Evacuation Pause)
[33.981s][info][gc,task       ] GC(28) Using 8 workers of 8 for evacuation
[34.064s][info][gc,mmu        ] GC(28) MMU target violated: 21.0ms (20.0ms/21.0ms)
[34.064s][info][gc,phases     ] GC(28)   Pre Evacuate Collection Set: 0.1ms
[34.064s][info][gc,phases     ] GC(28)   Evacuate Collection Set: 74.8ms
[34.064s][info][gc,phases     ] GC(28)   Post Evacuate Collection Set: 7.6ms
[34.064s][info][gc,phases     ] GC(28)   Other: 0.4ms
[34.064s][info][gc,heap       ] GC(28) Eden regions: 657->0(705)
[34.064s][info][gc,heap       ] GC(28) Survivor regions: 55->50(89)
[34.064s][info][gc,heap       ] GC(28) Old regions: 159->171
[34.064s][info][gc,heap       ] GC(28) Humongous regions: 11->11
[34.064s][info][gc,metaspace  ] GC(28) Metaspace: 75137K->75137K(1118208K)
[34.064s][info][gc            ] GC(28) Pause Young (Normal) (G1 Evacuation Pause) 881M->231M(944M) 83.016ms
[34.064s][info][gc,cpu        ] GC(28) User=0.43s Sys=0.03s Real=0.08s
[35.216s][info][gc,start      ] GC(29) Pause Young (Normal) (G1 Evacuation Pause)
[35.216s][info][gc,task       ] GC(29) Using 8 workers of 8 for evacuation
[35.392s][info][gc,mmu        ] GC(29) MMU target violated: 21.0ms (20.0ms/21.0ms)
[35.392s][info][gc,phases     ] GC(29)   Pre Evacuate Collection Set: 0.0ms
[35.392s][info][gc,phases     ] GC(29)   Evacuate Collection Set: 171.8ms
[35.392s][info][gc,phases     ] GC(29)   Post Evacuate Collection Set: 4.3ms
[35.392s][info][gc,phases     ] GC(29)   Other: 0.4ms
[35.392s][info][gc,heap       ] GC(29) Eden regions: 705->0(740)
[35.392s][info][gc,heap       ] GC(29) Survivor regions: 50->65(95)
[35.392s][info][gc,heap       ] GC(29) Old regions: 171->171
[35.392s][info][gc,heap       ] GC(29) Humongous regions: 16->12
[35.392s][info][gc,metaspace  ] GC(29) Metaspace: 76056K->76056K(1120256K)
[35.393s][info][gc            ] GC(29) Pause Young (Normal) (G1 Evacuation Pause) 941M->247M(1007M) 176.647ms
[35.393s][info][gc,cpu        ] GC(29) User=0.43s Sys=0.05s Real=0.18s
[36.304s][info][gc,start      ] GC(30) Pause Young (Normal) (G1 Evacuation Pause)
[36.304s][info][gc,task       ] GC(30) Using 8 workers of 8 for evacuation
[36.425s][info][gc,mmu        ] GC(30) MMU target violated: 21.0ms (20.0ms/21.0ms)
[36.425s][info][gc,phases     ] GC(30)   Pre Evacuate Collection Set: 0.0ms
[36.425s][info][gc,phases     ] GC(30)   Evacuate Collection Set: 117.8ms
[36.425s][info][gc,phases     ] GC(30)   Post Evacuate Collection Set: 3.6ms
[36.425s][info][gc,phases     ] GC(30)   Other: 0.4ms
[36.425s][info][gc,heap       ] GC(30) Eden regions: 740->0(791)
[36.425s][info][gc,heap       ] GC(30) Survivor regions: 65->52(101)
[36.425s][info][gc,heap       ] GC(30) Old regions: 171->185
[36.425s][info][gc,heap       ] GC(30) Humongous regions: 12->12
[36.425s][info][gc,metaspace  ] GC(30) Metaspace: 76288K->76288K(1120256K)
[36.425s][info][gc            ] GC(30) Pause Young (Normal) (G1 Evacuation Pause) 987M->248M(1054M) 121.886ms
[36.426s][info][gc,cpu        ] GC(30) User=0.45s Sys=0.03s Real=0.12s
[37.756s][info][gc,start      ] GC(31) Pause Young (Normal) (G1 Evacuation Pause)
[37.756s][info][gc,task       ] GC(31) Using 8 workers of 8 for evacuation
[37.932s][info][gc,mmu        ] GC(31) MMU target violated: 21.0ms (20.0ms/21.0ms)
[37.932s][info][gc,phases     ] GC(31)   Pre Evacuate Collection Set: 0.1ms
[37.932s][info][gc,phases     ] GC(31)   Evacuate Collection Set: 171.0ms
[37.932s][info][gc,phases     ] GC(31)   Post Evacuate Collection Set: 4.9ms
[37.932s][info][gc,phases     ] GC(31)   Other: 0.6ms
[37.932s][info][gc,heap       ] GC(31) Eden regions: 791->0(948)
[37.932s][info][gc,heap       ] GC(31) Survivor regions: 52->60(106)
[37.932s][info][gc,heap       ] GC(31) Old regions: 185->185
[37.932s][info][gc,heap       ] GC(31) Humongous regions: 12->12
[37.932s][info][gc,metaspace  ] GC(31) Metaspace: 76288K->76288K(1120256K)
[37.932s][info][gc            ] GC(31) Pause Young (Normal) (G1 Evacuation Pause) 1039M->256M(1261M) 176.629ms
[37.933s][info][gc,cpu        ] GC(31) User=0.41s Sys=0.03s Real=0.18s
[39.866s][info][gc,start      ] GC(32) Pause Young (Normal) (G1 Evacuation Pause)
[39.866s][info][gc,task       ] GC(32) Using 8 workers of 8 for evacuation
[40.116s][info][gc,mmu        ] GC(32) MMU target violated: 21.0ms (20.0ms/21.0ms)
[40.116s][info][gc,phases     ] GC(32)   Pre Evacuate Collection Set: 0.1ms
[40.116s][info][gc,phases     ] GC(32)   Evacuate Collection Set: 245.9ms
[40.116s][info][gc,phases     ] GC(32)   Post Evacuate Collection Set: 3.3ms
[40.116s][info][gc,phases     ] GC(32)   Other: 0.6ms
[40.116s][info][gc,heap       ] GC(32) Eden regions: 948->0(948)
[40.116s][info][gc,heap       ] GC(32) Survivor regions: 60->80(126)
[40.116s][info][gc,heap       ] GC(32) Old regions: 185->185
[40.116s][info][gc,heap       ] GC(32) Humongous regions: 12->12
[40.116s][info][gc,metaspace  ] GC(32) Metaspace: 76348K->76348K(1120256K)
[40.116s][info][gc            ] GC(32) Pause Young (Normal) (G1 Evacuation Pause) 1204M->276M(1285M) 249.978ms
[40.116s][info][gc,cpu        ] GC(32) User=0.51s Sys=0.01s Real=0.25s
[41.401s][info][gc,start      ] GC(33) Pause Young (Normal) (G1 Evacuation Pause)
[41.401s][info][gc,task       ] GC(33) Using 8 workers of 8 for evacuation
[41.667s][info][gc,mmu        ] GC(33) MMU target violated: 21.0ms (20.0ms/21.0ms)
[41.667s][info][gc,phases     ] GC(33)   Pre Evacuate Collection Set: 0.1ms
[41.667s][info][gc,phases     ] GC(33)   Evacuate Collection Set: 260.1ms
[41.667s][info][gc,phases     ] GC(33)   Post Evacuate Collection Set: 4.7ms
[41.667s][info][gc,phases     ] GC(33)   Other: 0.6ms
[41.667s][info][gc,heap       ] GC(33) Eden regions: 948->0(980)
[41.667s][info][gc,heap       ] GC(33) Survivor regions: 80->88(129)
[41.667s][info][gc,heap       ] GC(33) Old regions: 185->207
[41.667s][info][gc,heap       ] GC(33) Humongous regions: 12->12
[41.667s][info][gc,metaspace  ] GC(33) Metaspace: 76530K->76530K(1120256K)
[41.667s][info][gc            ] GC(33) Pause Young (Normal) (G1 Evacuation Pause) 1224M->306M(1335M) 265.472ms
[41.667s][info][gc,cpu        ] GC(33) User=0.69s Sys=0.04s Real=0.26s
[43.176s][info][gc,start      ] GC(34) Pause Young (Normal) (G1 Evacuation Pause)
[43.176s][info][gc,task       ] GC(34) Using 8 workers of 8 for evacuation
[43.573s][info][gc,mmu        ] GC(34) MMU target violated: 21.0ms (20.0ms/21.0ms)
[43.573s][info][gc,phases     ] GC(34)   Pre Evacuate Collection Set: 0.1ms
[43.573s][info][gc,phases     ] GC(34)   Evacuate Collection Set: 394.2ms
[43.573s][info][gc,phases     ] GC(34)   Post Evacuate Collection Set: 2.5ms
[43.573s][info][gc,phases     ] GC(34)   Other: 0.6ms
[43.573s][info][gc,heap       ] GC(34) Eden regions: 980->0(1033)
[43.573s][info][gc,heap       ] GC(34) Survivor regions: 88->90(134)
[43.573s][info][gc,heap       ] GC(34) Old regions: 207->232
[43.574s][info][gc,heap       ] GC(34) Humongous regions: 14->14
[43.574s][info][gc,metaspace  ] GC(34) Metaspace: 76530K->76530K(1120256K)
[43.574s][info][gc            ] GC(34) Pause Young (Normal) (G1 Evacuation Pause) 1288M->334M(1404M) 397.480ms
[43.574s][info][gc,cpu        ] GC(34) User=0.72s Sys=0.04s Real=0.40s
[46.084s][info][gc,start      ] GC(35) Pause Young (Normal) (G1 Evacuation Pause)
[46.084s][info][gc,task       ] GC(35) Using 8 workers of 8 for evacuation
[46.191s][info][gc,mmu        ] GC(35) MMU target violated: 21.0ms (20.0ms/21.0ms)
[46.191s][info][gc,phases     ] GC(35)   Pre Evacuate Collection Set: 0.1ms
[46.191s][info][gc,phases     ] GC(35)   Evacuate Collection Set: 104.8ms
[46.191s][info][gc,phases     ] GC(35)   Post Evacuate Collection Set: 2.5ms
[46.191s][info][gc,phases     ] GC(35)   Other: 0.4ms
[46.191s][info][gc,heap       ] GC(35) Eden regions: 1033->0(1196)
[46.191s][info][gc,heap       ] GC(35) Survivor regions: 90->89(141)
[46.191s][info][gc,heap       ] GC(35) Old regions: 232->256
[46.191s][info][gc,heap       ] GC(35) Humongous regions: 16->16
[46.191s][info][gc,metaspace  ] GC(35) Metaspace: 76540K->76540K(1120256K)
[46.191s][info][gc            ] GC(35) Pause Young (Normal) (G1 Evacuation Pause) 1369M->360M(1607M) 107.789ms
[46.191s][info][gc,cpu        ] GC(35) User=0.68s Sys=0.04s Real=0.11s
[48.019s][info][gc,start      ] GC(36) Pause Young (Normal) (G1 Evacuation Pause)
[48.019s][info][gc,task       ] GC(36) Using 8 workers of 8 for evacuation
[48.096s][info][gc,mmu        ] GC(36) MMU target violated: 21.0ms (20.0ms/21.0ms)
[48.096s][info][gc,phases     ] GC(36)   Pre Evacuate Collection Set: 0.0ms
[48.096s][info][gc,phases     ] GC(36)   Evacuate Collection Set: 74.6ms
[48.096s][info][gc,phases     ] GC(36)   Post Evacuate Collection Set: 1.6ms
[48.096s][info][gc,phases     ] GC(36)   Other: 0.4ms
[48.096s][info][gc,heap       ] GC(36) Eden regions: 1196->0(1250)
[48.096s][info][gc,heap       ] GC(36) Survivor regions: 89->82(161)
[48.096s][info][gc,heap       ] GC(36) Old regions: 256->278
[48.096s][info][gc,heap       ] GC(36) Humongous regions: 21->21
[48.096s][info][gc,metaspace  ] GC(36) Metaspace: 76568K->76568K(1120256K)
[48.096s][info][gc            ] GC(36) Pause Young (Normal) (G1 Evacuation Pause) 1561M->380M(1666M) 76.738ms
[48.096s][info][gc,cpu        ] GC(36) User=0.55s Sys=0.02s Real=0.08s
[49.111s][info][gc,start      ] GC(37) Pause Young (Normal) (G1 Evacuation Pause)
[49.111s][info][gc,task       ] GC(37) Using 8 workers of 8 for evacuation
[49.256s][info][gc,mmu        ] GC(37) MMU target violated: 21.0ms (20.0ms/21.0ms)
[49.256s][info][gc,phases     ] GC(37)   Pre Evacuate Collection Set: 0.1ms
[49.257s][info][gc,phases     ] GC(37)   Evacuate Collection Set: 141.3ms
[49.257s][info][gc,phases     ] GC(37)   Post Evacuate Collection Set: 3.2ms
[49.257s][info][gc,phases     ] GC(37)   Other: 0.7ms
[49.257s][info][gc,heap       ] GC(37) Eden regions: 1250->0(1280)
[49.257s][info][gc,heap       ] GC(37) Survivor regions: 82->122(167)
[49.257s][info][gc,heap       ] GC(37) Old regions: 278->278
[49.257s][info][gc,heap       ] GC(37) Humongous regions: 21->21
[49.257s][info][gc,metaspace  ] GC(37) Metaspace: 76759K->76759K(1120256K)
[49.257s][info][gc            ] GC(37) Pause Young (Normal) (G1 Evacuation Pause) 1630M->421M(1753M) 145.360ms
[49.257s][info][gc,cpu        ] GC(37) User=0.80s Sys=0.06s Real=0.14s
[50.306s][info][gc,start      ] GC(38) Pause Young (Normal) (G1 Evacuation Pause)
[50.306s][info][gc,task       ] GC(38) Using 8 workers of 8 for evacuation
[50.467s][info][gc,mmu        ] GC(38) MMU target violated: 21.0ms (20.0ms/21.0ms)
[50.467s][info][gc,phases     ] GC(38)   Pre Evacuate Collection Set: 0.1ms
[50.467s][info][gc,phases     ] GC(38)   Evacuate Collection Set: 158.2ms
[50.467s][info][gc,phases     ] GC(38)   Post Evacuate Collection Set: 2.2ms
[50.467s][info][gc,phases     ] GC(38)   Other: 0.5ms
[50.467s][info][gc,heap       ] GC(38) Eden regions: 1280->0(1386)
[50.467s][info][gc,heap       ] GC(38) Survivor regions: 122->95(176)
[50.467s][info][gc,heap       ] GC(38) Old regions: 278->334
[50.467s][info][gc,heap       ] GC(38) Humongous regions: 21->21
[50.467s][info][gc,metaspace  ] GC(38) Metaspace: 76761K->76761K(1120256K)
[50.467s][info][gc            ] GC(38) Pause Young (Normal) (G1 Evacuation Pause) 1701M->449M(1852M) 161.046ms
[50.467s][info][gc,cpu        ] GC(38) User=0.99s Sys=0.10s Real=0.16s
[51.527s][info][gc,start      ] GC(39) Pause Young (Normal) (G1 Evacuation Pause)
[51.528s][info][gc,task       ] GC(39) Using 8 workers of 8 for evacuation
[51.660s][info][gc,mmu        ] GC(39) MMU target violated: 21.0ms (20.0ms/21.0ms)
[51.661s][info][gc,phases     ] GC(39)   Pre Evacuate Collection Set: 0.1ms
[51.661s][info][gc,phases     ] GC(39)   Evacuate Collection Set: 130.5ms
[51.661s][info][gc,phases     ] GC(39)   Post Evacuate Collection Set: 2.0ms
[51.661s][info][gc,phases     ] GC(39)   Other: 0.6ms
[51.661s][info][gc,heap       ] GC(39) Eden regions: 1386->0(1447)
[51.661s][info][gc,heap       ] GC(39) Survivor regions: 95->106(186)
[51.661s][info][gc,heap       ] GC(39) Old regions: 334->334
[51.661s][info][gc,heap       ] GC(39) Humongous regions: 21->21
[51.661s][info][gc,metaspace  ] GC(39) Metaspace: 76761K->76761K(1120256K)
[51.661s][info][gc            ] GC(39) Pause Young (Normal) (G1 Evacuation Pause) 1835M->460M(1942M) 133.170ms
[51.661s][info][gc,cpu        ] GC(39) User=0.73s Sys=0.07s Real=0.14s
[53.075s][info][gc,start      ] GC(40) Pause Young (Normal) (G1 Evacuation Pause)
[53.075s][info][gc,task       ] GC(40) Using 8 workers of 8 for evacuation
[53.112s][info][gc,mmu        ] GC(40) MMU target violated: 21.0ms (20.0ms/21.0ms)
[53.112s][info][gc,phases     ] GC(40)   Pre Evacuate Collection Set: 0.1ms
[53.112s][info][gc,phases     ] GC(40)   Evacuate Collection Set: 34.6ms
[53.112s][info][gc,phases     ] GC(40)   Post Evacuate Collection Set: 1.9ms
[53.112s][info][gc,phases     ] GC(40)   Other: 0.5ms
[53.112s][info][gc,heap       ] GC(40) Eden regions: 1447->0(1530)
[53.112s][info][gc,heap       ] GC(40) Survivor regions: 106->30(195)
[53.112s][info][gc,heap       ] GC(40) Old regions: 334->346
[53.112s][info][gc,heap       ] GC(40) Humongous regions: 21->21
[53.112s][info][gc,metaspace  ] GC(40) Metaspace: 76763K->76763K(1120256K)
[53.112s][info][gc            ] GC(40) Pause Young (Normal) (G1 Evacuation Pause) 1907M->396M(1950M) 37.081ms
[53.112s][info][gc,cpu        ] GC(40) User=0.26s Sys=0.00s Real=0.04s
[54.332s][info][gc,start      ] GC(41) Pause Young (Normal) (G1 Evacuation Pause)
[54.332s][info][gc,task       ] GC(41) Using 8 workers of 8 for evacuation
[54.668s][info][gc,mmu        ] GC(41) MMU target violated: 21.0ms (20.0ms/21.0ms)
[54.668s][info][gc            ] GC(41) To-space exhausted
[54.668s][info][gc,phases     ] GC(41)   Pre Evacuate Collection Set: 0.1ms
[54.668s][info][gc,phases     ] GC(41)   Evacuate Collection Set: 94.7ms
[54.668s][info][gc,phases     ] GC(41)   Post Evacuate Collection Set: 240.9ms
[54.668s][info][gc,phases     ] GC(41)   Other: 0.6ms
[54.668s][info][gc,heap       ] GC(41) Eden regions: 1530->0(1527)
[54.668s][info][gc,heap       ] GC(41) Survivor regions: 30->73(195)
[54.668s][info][gc,heap       ] GC(41) Old regions: 346->1564
[54.668s][info][gc,heap       ] GC(41) Humongous regions: 21->21
[54.668s][info][gc,metaspace  ] GC(41) Metaspace: 76771K->76771K(1120256K)
[54.668s][info][gc            ] GC(41) Pause Young (Normal) (G1 Evacuation Pause) 1926M->1658M(2000M) 336.253ms
[54.668s][info][gc,cpu        ] GC(41) User=2.43s Sys=0.06s Real=0.33s
[54.973s][info][gc,start      ] GC(42) Pause Young (Concurrent Start) (G1 Evacuation Pause)
[54.973s][info][gc,task       ] GC(42) Using 8 workers of 8 for evacuation
[55.312s][info][gc,mmu        ] GC(42) MMU target violated: 21.0ms (20.0ms/21.0ms)
[55.312s][info][gc            ] GC(42) To-space exhausted
[55.312s][info][gc,phases     ] GC(42)   Pre Evacuate Collection Set: 0.3ms
[55.312s][info][gc,phases     ] GC(42)   Evacuate Collection Set: 210.9ms
[55.312s][info][gc,phases     ] GC(42)   Post Evacuate Collection Set: 127.3ms
[55.312s][info][gc,phases     ] GC(42)   Other: 0.5ms
[55.312s][info][gc,heap       ] GC(42) Eden regions: 342->0(1600)
[55.312s][info][gc,heap       ] GC(42) Survivor regions: 73->0(200)
[55.312s][info][gc,heap       ] GC(42) Old regions: 1564->1979
[55.312s][info][gc,heap       ] GC(42) Humongous regions: 21->21
[55.312s][info][gc,metaspace  ] GC(42) Metaspace: 76773K->76773K(1120256K)
[55.312s][info][gc            ] GC(42) Pause Young (Concurrent Start) (G1 Evacuation Pause) 2000M->2000M(2000M) 338.993ms
[55.312s][info][gc,cpu        ] GC(42) User=2.27s Sys=0.05s Real=0.34s
[55.312s][info][gc            ] GC(43) Concurrent Cycle
[55.312s][info][gc,marking    ] GC(43) Concurrent Clear Claimed Marks
[55.312s][info][gc,task       ] GC(44) Using 8 workers of 8 for full compaction
[55.312s][info][gc,marking    ] GC(43) Concurrent Clear Claimed Marks 0.222ms
[55.312s][info][gc,marking    ] GC(43) Concurrent Scan Root Regions
[55.312s][info][gc,marking    ] GC(43) Concurrent Scan Root Regions 0.010ms
[55.312s][info][gc,marking    ] GC(43) Concurrent Mark (55.312s)
[55.312s][info][gc,marking    ] GC(43) Concurrent Mark From Roots
[55.312s][info][gc,task       ] GC(43) Using 2 workers of 2 for marking
[55.312s][info][gc,start      ] GC(44) Pause Full (G1 Evacuation Pause)
[55.331s][info][gc,phases,start] GC(44) Phase 1: Mark live objects
[55.410s][info][gc,stringtable ] GC(44) Cleaned string and symbol table, strings: 44119 processed, 8374 removed, symbols: 235000 processed, 7180 removed
[55.410s][info][gc,phases      ] GC(44) Phase 1: Mark live objects 79.274ms
[55.410s][info][gc,phases,start] GC(44) Phase 2: Prepare for compaction
[55.433s][info][gc,phases      ] GC(44) Phase 2: Prepare for compaction 22.857ms
[55.433s][info][gc,phases,start] GC(44) Phase 3: Adjust pointers
[55.474s][info][gc,phases      ] GC(44) Phase 3: Adjust pointers 41.015ms
[55.474s][info][gc,phases,start] GC(44) Phase 4: Compact heap
[55.503s][info][gc,phases      ] GC(44) Phase 4: Compact heap 29.147ms
[55.664s][info][gc,heap        ] GC(44) Eden regions: 0->0(376)
[55.664s][info][gc,heap        ] GC(44) Survivor regions: 0->0(200)
[55.664s][info][gc,heap        ] GC(44) Old regions: 1979->134
[55.664s][info][gc,heap        ] GC(44) Humongous regions: 21->7
[55.664s][info][gc,metaspace   ] GC(44) Metaspace: 76773K->76773K(1120256K)
[55.664s][info][gc             ] GC(44) Pause Full (G1 Evacuation Pause) 2000M->135M(470M) 351.547ms
[55.664s][info][gc,cpu         ] GC(44) User=1.13s Sys=0.22s Real=0.35s
[55.664s][info][gc,marking     ] GC(43) Concurrent Mark From Roots 351.973ms
[55.664s][info][gc,marking     ] GC(43) Concurrent Mark Abort
[55.664s][info][gc             ] GC(43) Concurrent Cycle 352.305ms
[55.896s][info][gc,start       ] GC(45) Pause Young (Normal) (G1 Evacuation Pause)
[55.896s][info][gc,task        ] GC(45) Using 8 workers of 8 for evacuation
[55.920s][info][gc,mmu         ] GC(45) MMU target violated: 21.0ms (20.0ms/21.0ms)
[55.921s][info][gc,phases      ] GC(45)   Pre Evacuate Collection Set: 0.0ms
[55.921s][info][gc,phases      ] GC(45)   Evacuate Collection Set: 22.8ms
[55.921s][info][gc,phases      ] GC(45)   Post Evacuate Collection Set: 1.5ms
[55.921s][info][gc,phases      ] GC(45)   Other: 0.3ms
[55.921s][info][gc,heap        ] GC(45) Eden regions: 329->0(372)
[55.921s][info][gc,heap        ] GC(45) Survivor regions: 0->19(47)
[55.921s][info][gc,heap        ] GC(45) Old regions: 134->134
[55.921s][info][gc,heap        ] GC(45) Humongous regions: 7->7
[55.921s][info][gc,metaspace   ] GC(45) Metaspace: 76777K->76777K(1120256K)
[55.921s][info][gc             ] GC(45) Pause Young (Normal) (G1 Evacuation Pause) 464M->154M(489M) 24.634ms
[55.921s][info][gc,cpu         ] GC(45) User=0.15s Sys=0.00s Real=0.03s
[56.178s][info][gc,start       ] GC(46) Pause Young (Normal) (G1 Evacuation Pause)
[56.178s][info][gc,task        ] GC(46) Using 8 workers of 8 for evacuation
[56.224s][info][gc,mmu         ] GC(46) MMU target violated: 21.0ms (20.0ms/21.0ms)
[56.225s][info][gc,phases      ] GC(46)   Pre Evacuate Collection Set: 0.0ms
[56.225s][info][gc,phases      ] GC(46)   Evacuate Collection Set: 43.6ms
[56.225s][info][gc,phases      ] GC(46)   Post Evacuate Collection Set: 2.7ms
[56.225s][info][gc,phases      ] GC(46)   Other: 0.5ms
[56.225s][info][gc,heap        ] GC(46) Eden regions: 329->0(385)
[56.225s][info][gc,heap        ] GC(46) Survivor regions: 19->31(49)
[56.225s][info][gc,heap        ] GC(46) Old regions: 134->134
[56.225s][info][gc,heap        ] GC(46) Humongous regions: 7->7
[56.225s][info][gc,metaspace   ] GC(46) Metaspace: 76778K->76778K(1120256K)
[56.225s][info][gc             ] GC(46) Pause Young (Normal) (G1 Evacuation Pause) 483M->166M(520M) 46.764ms
[56.225s][info][gc,cpu         ] GC(46) User=0.25s Sys=0.02s Real=0.05s
[56.546s][info][gc,start       ] GC(47) Pause Young (Normal) (G1 Evacuation Pause)
[56.546s][info][gc,task        ] GC(47) Using 8 workers of 8 for evacuation
[56.591s][info][gc,mmu         ] GC(47) MMU target violated: 21.0ms (20.0ms/21.0ms)
[56.591s][info][gc,phases      ] GC(47)   Pre Evacuate Collection Set: 0.0ms
[56.591s][info][gc,phases      ] GC(47)   Evacuate Collection Set: 42.9ms
[56.591s][info][gc,phases      ] GC(47)   Post Evacuate Collection Set: 1.6ms
[56.591s][info][gc,phases      ] GC(47)   Other: 0.3ms
[56.591s][info][gc,heap        ] GC(47) Eden regions: 347->0(423)
[56.591s][info][gc,heap        ] GC(47) Survivor regions: 31->22(52)
[56.591s][info][gc,heap        ] GC(47) Old regions: 134->149
[56.591s][info][gc,heap        ] GC(47) Humongous regions: 8->8
[56.591s][info][gc,metaspace   ] GC(47) Metaspace: 76778K->76778K(1120256K)
[56.591s][info][gc             ] GC(47) Pause Young (Normal) (G1 Evacuation Pause) 514M->172M(557M) 44.819ms
[56.591s][info][gc,cpu         ] GC(47) User=0.31s Sys=0.03s Real=0.05s
[56.914s][info][gc,start       ] GC(48) Pause Young (Normal) (G1 Evacuation Pause)
[56.914s][info][gc,task        ] GC(48) Using 8 workers of 8 for evacuation
[56.948s][info][gc,mmu         ] GC(48) MMU target violated: 21.0ms (20.0ms/21.0ms)
[56.948s][info][gc,phases      ] GC(48)   Pre Evacuate Collection Set: 0.0ms
[56.948s][info][gc,phases      ] GC(48)   Evacuate Collection Set: 31.9ms
[56.948s][info][gc,phases      ] GC(48)   Post Evacuate Collection Set: 1.5ms
[56.948s][info][gc,phases      ] GC(48)   Other: 0.3ms
[56.948s][info][gc,heap        ] GC(48) Eden regions: 377->0(440)
[56.948s][info][gc,heap        ] GC(48) Survivor regions: 22->26(56)
[56.948s][info][gc,heap        ] GC(48) Old regions: 149->149
[56.948s][info][gc,heap        ] GC(48) Humongous regions: 9->9
[56.948s][info][gc,metaspace   ] GC(48) Metaspace: 76778K->76778K(1120256K)
[56.948s][info][gc             ] GC(48) Pause Young (Normal) (G1 Evacuation Pause) 550M->177M(583M) 33.791ms
[56.948s][info][gc,cpu         ] GC(48) User=0.22s Sys=0.02s Real=0.03s
[57.326s][info][gc,start       ] GC(49) Pause Young (Normal) (G1 Evacuation Pause)
[57.326s][info][gc,task        ] GC(49) Using 8 workers of 8 for evacuation
[57.368s][info][gc,mmu         ] GC(49) MMU target violated: 21.0ms (20.0ms/21.0ms)
[57.368s][info][gc,phases      ] GC(49)   Pre Evacuate Collection Set: 0.0ms
[57.368s][info][gc,phases      ] GC(49)   Evacuate Collection Set: 39.8ms
[57.368s][info][gc,phases      ] GC(49)   Post Evacuate Collection Set: 1.8ms
[57.368s][info][gc,phases      ] GC(49)   Other: 0.3ms
[57.368s][info][gc,heap        ] GC(49) Eden regions: 399->0(460)
[57.368s][info][gc,heap        ] GC(49) Survivor regions: 26->30(59)
[57.368s][info][gc,heap        ] GC(49) Old regions: 149->149
[57.368s][info][gc,heap        ] GC(49) Humongous regions: 9->9
[57.368s][info][gc,metaspace   ] GC(49) Metaspace: 76778K->76778K(1120256K)
[57.368s][info][gc             ] GC(49) Pause Young (Normal) (G1 Evacuation Pause) 576M->181M(613M) 41.991ms
[57.368s][info][gc,cpu         ] GC(49) User=0.24s Sys=0.02s Real=0.04s
[57.806s][info][gc,start       ] GC(50) Pause Young (Normal) (G1 Evacuation Pause)
[57.806s][info][gc,task        ] GC(50) Using 8 workers of 8 for evacuation
[57.846s][info][gc,mmu         ] GC(50) MMU target violated: 21.0ms (20.0ms/21.0ms)
[57.846s][info][gc,phases      ] GC(50)   Pre Evacuate Collection Set: 0.0ms
[57.846s][info][gc,phases      ] GC(50)   Evacuate Collection Set: 37.6ms
[57.846s][info][gc,phases      ] GC(50)   Post Evacuate Collection Set: 2.5ms
[57.846s][info][gc,phases      ] GC(50)   Other: 0.3ms
[57.846s][info][gc,heap        ] GC(50) Eden regions: 425->0(649)
[57.846s][info][gc,heap        ] GC(50) Survivor regions: 30->40(62)
[57.846s][info][gc,heap        ] GC(50) Old regions: 149->149
[57.846s][info][gc,heap        ] GC(50) Humongous regions: 9->9
[57.846s][info][gc,metaspace   ] GC(50) Metaspace: 76778K->76778K(1120256K)
[57.846s][info][gc             ] GC(50) Pause Young (Normal) (G1 Evacuation Pause) 606M->191M(862M) 40.367ms
[57.846s][info][gc,cpu         ] GC(50) User=0.28s Sys=0.02s Real=0.04s
[58.674s][info][gc,start       ] GC(51) Pause Young (Normal) (G1 Evacuation Pause)
[58.674s][info][gc,task        ] GC(51) Using 8 workers of 8 for evacuation
[58.704s][info][gc,mmu         ] GC(51) MMU target violated: 21.0ms (20.0ms/21.0ms)
[58.704s][info][gc,phases      ] GC(51)   Pre Evacuate Collection Set: 0.0ms
[58.704s][info][gc,phases      ] GC(51)   Evacuate Collection Set: 29.1ms
[58.704s][info][gc,phases      ] GC(51)   Post Evacuate Collection Set: 1.2ms
[58.704s][info][gc,phases      ] GC(51)   Other: 0.3ms
[58.704s][info][gc,heap        ] GC(51) Eden regions: 649->0(670)
[58.704s][info][gc,heap        ] GC(51) Survivor regions: 40->35(87)
[58.704s][info][gc,heap        ] GC(51) Old regions: 149->149
[58.704s][info][gc,heap        ] GC(51) Humongous regions: 9->9
[58.704s][info][gc,metaspace   ] GC(51) Metaspace: 76778K->76778K(1120256K)
[58.704s][info][gc             ] GC(51) Pause Young (Normal) (G1 Evacuation Pause) 840M->186M(882M) 30.573ms
[58.705s][info][gc,cpu         ] GC(51) User=0.21s Sys=0.01s Real=0.03s
[60.104s][info][gc,start       ] GC(52) Pause Young (Normal) (G1 Evacuation Pause)
[60.104s][info][gc,task        ] GC(52) Using 8 workers of 8 for evacuation
[60.134s][info][gc,mmu         ] GC(52) MMU target violated: 21.0ms (20.0ms/21.0ms)
[60.134s][info][gc,phases      ] GC(52)   Pre Evacuate Collection Set: 0.0ms
[60.134s][info][gc,phases      ] GC(52)   Evacuate Collection Set: 28.2ms
[60.134s][info][gc,phases      ] GC(52)   Post Evacuate Collection Set: 1.1ms
[60.134s][info][gc,phases      ] GC(52)   Other: 0.3ms
[60.134s][info][gc,heap        ] GC(52) Eden regions: 670->0(682)
[60.134s][info][gc,heap        ] GC(52) Survivor regions: 35->41(89)
[60.134s][info][gc,heap        ] GC(52) Old regions: 149->149
[60.134s][info][gc,heap        ] GC(52) Humongous regions: 9->9
[60.134s][info][gc,metaspace   ] GC(52) Metaspace: 76779K->76779K(1120256K)
[60.134s][info][gc             ] GC(52) Pause Young (Normal) (G1 Evacuation Pause) 856M->192M(904M) 29.612ms
[60.134s][info][gc,cpu         ] GC(52) User=0.21s Sys=0.01s Real=0.03s
[60.593s][info][gc,start       ] GC(53) Pause Young (Normal) (G1 Evacuation Pause)
[60.593s][info][gc,task        ] GC(53) Using 8 workers of 8 for evacuation
[60.652s][info][gc,mmu         ] GC(53) MMU target violated: 21.0ms (20.0ms/21.0ms)
[60.652s][info][gc,phases      ] GC(53)   Pre Evacuate Collection Set: 0.0ms
[60.652s][info][gc,phases      ] GC(53)   Evacuate Collection Set: 57.4ms
[60.652s][info][gc,phases      ] GC(53)   Post Evacuate Collection Set: 1.4ms
[60.652s][info][gc,phases      ] GC(53)   Other: 0.3ms
[60.652s][info][gc,heap        ] GC(53) Eden regions: 682->0(692)
[60.652s][info][gc,heap        ] GC(53) Survivor regions: 41->64(91)
[60.652s][info][gc,heap        ] GC(53) Old regions: 149->149
[60.652s][info][gc,heap        ] GC(53) Humongous regions: 9->9
[60.652s][info][gc,metaspace   ] GC(53) Metaspace: 76779K->76779K(1120256K)
[60.652s][info][gc             ] GC(53) Pause Young (Normal) (G1 Evacuation Pause) 874M->215M(945M) 59.210ms
[60.652s][info][gc,cpu         ] GC(53) User=0.42s Sys=0.02s Real=0.06s
[61.185s][info][gc,start       ] GC(54) Pause Young (Normal) (G1 Evacuation Pause)
[61.185s][info][gc,task        ] GC(54) Using 8 workers of 8 for evacuation
[61.262s][info][gc,mmu         ] GC(54) MMU target violated: 21.0ms (20.0ms/21.0ms)
[61.262s][info][gc,phases      ] GC(54)   Pre Evacuate Collection Set: 0.0ms
[61.262s][info][gc,phases      ] GC(54)   Evacuate Collection Set: 74.1ms
[61.262s][info][gc,phases      ] GC(54)   Post Evacuate Collection Set: 2.5ms
[61.262s][info][gc,phases      ] GC(54)   Other: 0.4ms
[61.262s][info][gc,heap        ] GC(54) Eden regions: 692->0(730)
[61.262s][info][gc,heap        ] GC(54) Survivor regions: 64->66(95)
[61.262s][info][gc,heap        ] GC(54) Old regions: 149->164
[61.262s][info][gc,heap        ] GC(54) Humongous regions: 9->9
[61.262s][info][gc,metaspace   ] GC(54) Metaspace: 76919K->76919K(1120256K)
[61.262s][info][gc             ] GC(54) Pause Young (Normal) (G1 Evacuation Pause) 907M->233M(995M) 77.011ms
[61.262s][info][gc,cpu         ] GC(54) User=0.55s Sys=0.04s Real=0.08s
[61.943s][info][gc,start       ] GC(55) Pause Young (Normal) (G1 Evacuation Pause)
[61.943s][info][gc,task        ] GC(55) Using 8 workers of 8 for evacuation
[62.009s][info][gc,mmu         ] GC(55) MMU target violated: 21.0ms (20.0ms/21.0ms)
[62.009s][info][gc,phases      ] GC(55)   Pre Evacuate Collection Set: 0.0ms
[62.009s][info][gc,phases      ] GC(55)   Evacuate Collection Set: 63.6ms
[62.009s][info][gc,phases      ] GC(55)   Post Evacuate Collection Set: 1.8ms
[62.009s][info][gc,phases      ] GC(55)   Other: 0.4ms
[62.009s][info][gc,heap        ] GC(55) Eden regions: 730->0(775)
[62.009s][info][gc,heap        ] GC(55) Survivor regions: 66->62(100)
[62.009s][info][gc,heap        ] GC(55) Old regions: 164->180
[62.009s][info][gc,heap        ] GC(55) Humongous regions: 9->9
[62.009s][info][gc,metaspace   ] GC(55) Metaspace: 77047K->77047K(1120256K)
[62.009s][info][gc             ] GC(55) Pause Young (Normal) (G1 Evacuation Pause) 963M->244M(1047M) 65.792ms
[62.009s][info][gc,cpu         ] GC(55) User=0.48s Sys=0.03s Real=0.06s
[62.962s][info][gc,start       ] GC(56) Pause Young (Normal) (G1 Evacuation Pause)
[62.962s][info][gc,task        ] GC(56) Using 8 workers of 8 for evacuation
[63.018s][info][gc,mmu         ] GC(56) MMU target violated: 21.0ms (20.0ms/21.0ms)
[63.018s][info][gc,phases      ] GC(56)   Pre Evacuate Collection Set: 0.0ms
[63.018s][info][gc,phases      ] GC(56)   Evacuate Collection Set: 54.0ms
[63.018s][info][gc,phases      ] GC(56)   Post Evacuate Collection Set: 1.3ms
[63.018s][info][gc,phases      ] GC(56)   Other: 0.3ms
[63.018s][info][gc,heap        ] GC(56) Eden regions: 775->0(828)
[63.018s][info][gc,heap        ] GC(56) Survivor regions: 62->52(105)
[63.018s][info][gc,heap        ] GC(56) Old regions: 180->201
[63.018s][info][gc,heap        ] GC(56) Humongous regions: 11->11
[63.018s][info][gc,metaspace   ] GC(56) Metaspace: 77047K->77047K(1120256K)
[63.018s][info][gc             ] GC(56) Pause Young (Normal) (G1 Evacuation Pause) 1021M->257M(1101M) 55.627ms
[63.018s][info][gc,cpu         ] GC(56) User=0.40s Sys=0.02s Real=0.05s
[64.358s][info][gc,start       ] GC(57) Pause Young (Normal) (G1 Evacuation Pause)
[64.358s][info][gc,task        ] GC(57) Using 8 workers of 8 for evacuation
[64.409s][info][gc,mmu         ] GC(57) MMU target violated: 21.0ms (20.0ms/21.0ms)
[64.409s][info][gc,phases      ] GC(57)   Pre Evacuate Collection Set: 0.0ms
[64.409s][info][gc,phases      ] GC(57)   Evacuate Collection Set: 48.8ms
[64.409s][info][gc,phases      ] GC(57)   Post Evacuate Collection Set: 2.3ms
[64.409s][info][gc,phases      ] GC(57)   Other: 0.3ms
[64.409s][info][gc,heap        ] GC(57) Eden regions: 828->0(903)
[64.409s][info][gc,heap        ] GC(57) Survivor regions: 52->67(110)
[64.409s][info][gc,heap        ] GC(57) Old regions: 201->201
[64.409s][info][gc,heap        ] GC(57) Humongous regions: 12->12
[64.409s][info][gc,metaspace   ] GC(57) Metaspace: 77049K->77049K(1120256K)
[64.409s][info][gc             ] GC(57) Pause Young (Normal) (G1 Evacuation Pause) 1086M->274M(1213M) 51.411ms
[64.409s][info][gc,cpu         ] GC(57) User=0.37s Sys=0.02s Real=0.05s
[68.146s][info][gc,start       ] GC(58) Pause Young (Normal) (G1 Evacuation Pause)
[68.146s][info][gc,task        ] GC(58) Using 8 workers of 8 for evacuation
[68.203s][info][gc,mmu         ] GC(58) MMU target violated: 21.0ms (20.0ms/21.0ms)
[68.203s][info][gc,phases      ] GC(58)   Pre Evacuate Collection Set: 0.0ms
[68.203s][info][gc,phases      ] GC(58)   Evacuate Collection Set: 55.5ms
[68.203s][info][gc,phases      ] GC(58)   Post Evacuate Collection Set: 1.2ms
[68.203s][info][gc,phases      ] GC(58)   Other: 0.3ms
[68.203s][info][gc,heap        ] GC(58) Eden regions: 903->0(949)
[68.203s][info][gc,heap        ] GC(58) Survivor regions: 67->71(122)
[68.203s][info][gc,heap        ] GC(58) Old regions: 201->218
[68.203s][info][gc,heap        ] GC(58) Humongous regions: 16->16
[68.203s][info][gc,metaspace   ] GC(58) Metaspace: 77057K->77057K(1120256K)
[68.203s][info][gc             ] GC(58) Pause Young (Normal) (G1 Evacuation Pause) 1181M->298M(1275M) 57.062ms
[68.203s][info][gc,cpu         ] GC(58) User=0.40s Sys=0.02s Real=0.06s
[70.716s][info][gc,start       ] GC(59) Pause Young (Normal) (G1 Evacuation Pause)
[70.716s][info][gc,task        ] GC(59) Using 8 workers of 8 for evacuation
[70.764s][info][gc,mmu         ] GC(59) MMU target violated: 21.0ms (20.0ms/21.0ms)
[70.764s][info][gc,phases      ] GC(59)   Pre Evacuate Collection Set: 0.0ms
[70.764s][info][gc,phases      ] GC(59)   Evacuate Collection Set: 46.5ms
[70.764s][info][gc,phases      ] GC(59)   Post Evacuate Collection Set: 1.3ms
[70.764s][info][gc,phases      ] GC(59)   Other: 0.3ms
[70.764s][info][gc,heap        ] GC(59) Eden regions: 949->0(1004)
[70.764s][info][gc,heap        ] GC(59) Survivor regions: 71->60(128)
[70.764s][info][gc,heap        ] GC(59) Old regions: 218->234
[70.764s][info][gc,heap        ] GC(59) Humongous regions: 16->16
[70.764s][info][gc,metaspace   ] GC(59) Metaspace: 77065K->77065K(1120256K)
[70.764s][info][gc             ] GC(59) Pause Young (Normal) (G1 Evacuation Pause) 1247M->303M(1330M) 48.081ms
[70.764s][info][gc,cpu         ] GC(59) User=0.34s Sys=0.01s Real=0.05s
[71.746s][info][gc,start       ] GC(60) Pause Young (Normal) (G1 Evacuation Pause)
[71.746s][info][gc,task        ] GC(60) Using 8 workers of 8 for evacuation
[71.829s][info][gc,mmu         ] GC(60) MMU target violated: 21.0ms (20.0ms/21.0ms)
[71.829s][info][gc,phases      ] GC(60)   Pre Evacuate Collection Set: 0.0ms
[71.829s][info][gc,phases      ] GC(60)   Evacuate Collection Set: 80.0ms
[71.829s][info][gc,phases      ] GC(60)   Post Evacuate Collection Set: 2.7ms
[71.829s][info][gc,phases      ] GC(60)   Other: 0.4ms
[71.829s][info][gc,heap        ] GC(60) Eden regions: 1004->0(1034)
[71.829s][info][gc,heap        ] GC(60) Survivor regions: 60->86(133)
[71.829s][info][gc,heap        ] GC(60) Old regions: 234->234
[71.829s][info][gc,heap        ] GC(60) Humongous regions: 16->16
[71.829s][info][gc,metaspace   ] GC(60) Metaspace: 77486K->77486K(1120256K)
[71.829s][info][gc             ] GC(60) Pause Young (Normal) (G1 Evacuation Pause) 1307M->330M(1400M) 83.265ms
[71.830s][info][gc,cpu         ] GC(60) User=0.60s Sys=0.02s Real=0.08s
[72.675s][info][gc,start       ] GC(61) Pause Young (Normal) (G1 Evacuation Pause)
[72.675s][info][gc,task        ] GC(61) Using 8 workers of 8 for evacuation
[72.787s][info][gc,mmu         ] GC(61) MMU target violated: 21.0ms (20.0ms/21.0ms)
[72.787s][info][gc,phases      ] GC(61)   Pre Evacuate Collection Set: 0.0ms
[72.787s][info][gc,phases      ] GC(61)   Evacuate Collection Set: 109.2ms
[72.787s][info][gc,phases      ] GC(61)   Post Evacuate Collection Set: 2.3ms
[72.787s][info][gc,phases      ] GC(61)   Other: 0.4ms
[72.787s][info][gc,heap        ] GC(61) Eden regions: 1034->0(1089)
[72.787s][info][gc,heap        ] GC(61) Survivor regions: 86->102(140)
[72.787s][info][gc,heap        ] GC(61) Old regions: 234->251
[72.787s][info][gc,heap        ] GC(61) Humongous regions: 16->16
[72.787s][info][gc,metaspace   ] GC(61) Metaspace: 77507K->77507K(1120256K)
[72.787s][info][gc             ] GC(61) Pause Young (Normal) (G1 Evacuation Pause) 1364M->361M(1489M) 112.080ms
[72.787s][info][gc,cpu         ] GC(61) User=0.80s Sys=0.06s Real=0.11s
[73.664s][info][gc,start       ] GC(62) Pause Young (Normal) (G1 Evacuation Pause)
[73.664s][info][gc,task        ] GC(62) Using 8 workers of 8 for evacuation
[73.778s][info][gc,mmu         ] GC(62) MMU target violated: 21.0ms (20.0ms/21.0ms)
[73.778s][info][gc,phases      ] GC(62)   Pre Evacuate Collection Set: 0.0ms
[73.778s][info][gc,phases      ] GC(62)   Evacuate Collection Set: 111.3ms
[73.778s][info][gc,phases      ] GC(62)   Post Evacuate Collection Set: 2.7ms
[73.778s][info][gc,phases      ] GC(62)   Other: 0.5ms
[73.778s][info][gc,heap        ] GC(62) Eden regions: 1089->0(1176)
[73.778s][info][gc,heap        ] GC(62) Survivor regions: 102->85(149)
[73.778s][info][gc,heap        ] GC(62) Old regions: 251->285
[73.778s][info][gc,heap        ] GC(62) Humongous regions: 16->16
[73.778s][info][gc,metaspace   ] GC(62) Metaspace: 77511K->77511K(1120256K)
[73.778s][info][gc             ] GC(62) Pause Young (Normal) (G1 Evacuation Pause) 1450M->380M(1577M) 114.558ms
[73.778s][info][gc,cpu         ] GC(62) User=0.79s Sys=0.06s Real=0.11s
[75.217s][info][gc,start       ] GC(63) Pause Young (Normal) (G1 Evacuation Pause)
[75.217s][info][gc,task        ] GC(63) Using 8 workers of 8 for evacuation
[75.236s][info][gc,phases      ] GC(63)   Pre Evacuate Collection Set: 0.0ms
[75.236s][info][gc,phases      ] GC(63)   Evacuate Collection Set: 16.4ms
[75.236s][info][gc,phases      ] GC(63)   Post Evacuate Collection Set: 2.3ms
[75.236s][info][gc,phases      ] GC(63)   Other: 0.3ms
[75.236s][info][gc,heap        ] GC(63) Eden regions: 1176->0(1253)
[75.236s][info][gc,heap        ] GC(63) Survivor regions: 85->16(158)
[75.236s][info][gc,heap        ] GC(63) Old regions: 285->294
[75.236s][info][gc,heap        ] GC(63) Humongous regions: 16->16
[75.236s][info][gc,metaspace   ] GC(63) Metaspace: 77512K->77512K(1120256K)
[75.236s][info][gc             ] GC(63) Pause Young (Normal) (G1 Evacuation Pause) 1556M->319M(1587M) 19.112ms
[75.236s][info][gc,cpu         ] GC(63) User=0.14s Sys=0.00s Real=0.02s
[76.280s][info][gc,start       ] GC(64) Pause Young (Normal) (G1 Evacuation Pause)
[76.280s][info][gc,task        ] GC(64) Using 8 workers of 8 for evacuation
[76.325s][info][gc,mmu         ] GC(64) MMU target violated: 21.0ms (20.0ms/21.0ms)
[76.325s][info][gc,phases      ] GC(64)   Pre Evacuate Collection Set: 0.0ms
[76.325s][info][gc,phases      ] GC(64)   Evacuate Collection Set: 42.8ms
[76.325s][info][gc,phases      ] GC(64)   Post Evacuate Collection Set: 2.1ms
[76.325s][info][gc,phases      ] GC(64)   Other: 0.4ms
[76.325s][info][gc,heap        ] GC(64) Eden regions: 1253->0(1254)
[76.325s][info][gc,heap        ] GC(64) Survivor regions: 16->44(159)
[76.325s][info][gc,heap        ] GC(64) Old regions: 294->294
[76.325s][info][gc,heap        ] GC(64) Humongous regions: 16->16
[76.325s][info][gc,metaspace   ] GC(64) Metaspace: 77791K->77791K(1122304K)
[76.325s][info][gc             ] GC(64) Pause Young (Normal) (G1 Evacuation Pause) 1572M->347M(1623M) 45.445ms
[76.325s][info][gc,cpu         ] GC(64) User=0.32s Sys=0.02s Real=0.04s
[78.110s][info][gc,start       ] GC(65) Pause Young (Normal) (G1 Evacuation Pause)
[78.110s][info][gc,task        ] GC(65) Using 8 workers of 8 for evacuation
[78.124s][info][gc,phases      ] GC(65)   Pre Evacuate Collection Set: 0.1ms
[78.124s][info][gc,phases      ] GC(65)   Evacuate Collection Set: 12.6ms
[78.124s][info][gc,phases      ] GC(65)   Post Evacuate Collection Set: 1.5ms
[78.124s][info][gc,phases      ] GC(65)   Other: 0.3ms
[78.124s][info][gc,heap        ] GC(65) Eden regions: 1254->0(1282)
[78.124s][info][gc,heap        ] GC(65) Survivor regions: 44->21(163)
[78.124s][info][gc,heap        ] GC(65) Old regions: 294->294
[78.124s][info][gc,heap        ] GC(65) Humongous regions: 16->16
[78.124s][info][gc,metaspace   ] GC(65) Metaspace: 77798K->77798K(1122304K)
[78.124s][info][gc             ] GC(65) Pause Young (Normal) (G1 Evacuation Pause) 1601M->324M(1629M) 14.517ms
[78.124s][info][gc,cpu         ] GC(65) User=0.10s Sys=0.00s Real=0.01s
[79.126s][info][gc,start       ] GC(66) Pause Young (Normal) (G1 Evacuation Pause)
[79.126s][info][gc,task        ] GC(66) Using 8 workers of 8 for evacuation
[79.173s][info][gc,mmu         ] GC(66) MMU target violated: 21.0ms (20.0ms/21.0ms)
[79.173s][info][gc,phases      ] GC(66)   Pre Evacuate Collection Set: 0.0ms
[79.173s][info][gc,phases      ] GC(66)   Evacuate Collection Set: 44.8ms
[79.173s][info][gc,phases      ] GC(66)   Post Evacuate Collection Set: 2.2ms
[79.173s][info][gc,phases      ] GC(66)   Other: 0.4ms
[79.173s][info][gc,heap        ] GC(66) Eden regions: 1282->0(1280)
[79.173s][info][gc,heap        ] GC(66) Survivor regions: 21->53(163)
[79.173s][info][gc,heap        ] GC(66) Old regions: 294->294
[79.173s][info][gc,heap        ] GC(66) Humongous regions: 17->17
[79.173s][info][gc,metaspace   ] GC(66) Metaspace: 78220K->78220K(1122304K)
[79.173s][info][gc             ] GC(66) Pause Young (Normal) (G1 Evacuation Pause) 1607M->357M(1667M) 47.492ms
[79.173s][info][gc,cpu         ] GC(66) User=0.33s Sys=0.03s Real=0.05s
[80.765s][info][gc,start       ] GC(67) Pause Young (Normal) (G1 Evacuation Pause)
[80.765s][info][gc,task        ] GC(67) Using 8 workers of 8 for evacuation
[80.810s][info][gc,mmu         ] GC(67) MMU target violated: 21.0ms (20.0ms/21.0ms)
[80.810s][info][gc,phases      ] GC(67)   Pre Evacuate Collection Set: 0.0ms
[80.810s][info][gc,phases      ] GC(67)   Evacuate Collection Set: 43.6ms
[80.810s][info][gc,phases      ] GC(67)   Post Evacuate Collection Set: 1.4ms
[80.810s][info][gc,phases      ] GC(67)   Other: 0.4ms
[80.810s][info][gc,heap        ] GC(67) Eden regions: 1280->0(1301)
[80.810s][info][gc,heap        ] GC(67) Survivor regions: 53->73(167)
[80.810s][info][gc,heap        ] GC(67) Old regions: 294->294
[80.810s][info][gc,heap        ] GC(67) Humongous regions: 18->18
[80.810s][info][gc,metaspace   ] GC(67) Metaspace: 78220K->78220K(1122304K)
[80.810s][info][gc             ] GC(67) Pause Young (Normal) (G1 Evacuation Pause) 1638M->378M(1718M) 45.456ms
[80.810s][info][gc,cpu         ] GC(67) User=0.32s Sys=0.03s Real=0.05s
[82.334s][info][gc,start       ] GC(68) Pause Young (Normal) (G1 Evacuation Pause)
[82.334s][info][gc,task        ] GC(68) Using 8 workers of 8 for evacuation
[82.418s][info][gc,mmu         ] GC(68) MMU target violated: 21.0ms (20.0ms/21.0ms)
[82.418s][info][gc,phases      ] GC(68)   Pre Evacuate Collection Set: 0.1ms
[82.418s][info][gc,phases      ] GC(68)   Evacuate Collection Set: 81.8ms
[82.418s][info][gc,phases      ] GC(68)   Post Evacuate Collection Set: 1.9ms
[82.418s][info][gc,phases      ] GC(68)   Other: 0.6ms
[82.418s][info][gc,heap        ] GC(68) Eden regions: 1301->0(1336)
[82.418s][info][gc,heap        ] GC(68) Survivor regions: 73->60(172)
[82.418s][info][gc,heap        ] GC(68) Old regions: 294->294
[82.418s][info][gc,heap        ] GC(68) Humongous regions: 18->18
[82.418s][info][gc,metaspace   ] GC(68) Metaspace: 78914K->78914K(1122304K)
[82.418s][info][gc             ] GC(68) Pause Young (Normal) (G1 Evacuation Pause) 1679M->365M(1746M) 84.503ms
[82.418s][info][gc,cpu         ] GC(68) User=0.41s Sys=0.03s Real=0.08s
[83.638s][info][gc,start       ] GC(69) Pause Young (Normal) (G1 Evacuation Pause)
[83.638s][info][gc,task        ] GC(69) Using 8 workers of 8 for evacuation
[83.734s][info][gc,mmu         ] GC(69) MMU target violated: 21.0ms (20.0ms/21.0ms)
[83.734s][info][gc,phases      ] GC(69)   Pre Evacuate Collection Set: 0.1ms
[83.734s][info][gc,phases      ] GC(69)   Evacuate Collection Set: 93.1ms
[83.734s][info][gc,phases      ] GC(69)   Post Evacuate Collection Set: 2.9ms
[83.734s][info][gc,phases      ] GC(69)   Other: 0.5ms
[83.734s][info][gc,heap        ] GC(69) Eden regions: 1336->0(1349)
[83.734s][info][gc,heap        ] GC(69) Survivor regions: 60->85(175)
[83.734s][info][gc,heap        ] GC(69) Old regions: 294->294
[83.734s][info][gc,heap        ] GC(69) Humongous regions: 18->18
[83.734s][info][gc,metaspace   ] GC(69) Metaspace: 79565K->79565K(1122304K)
[83.734s][info][gc             ] GC(69) Pause Young (Normal) (G1 Evacuation Pause) 1701M->390M(1793M) 96.620ms
[83.734s][info][gc,cpu         ] GC(69) User=0.56s Sys=0.02s Real=0.10s
[85.099s][info][gc,start       ] GC(70) Pause Young (Normal) (G1 Evacuation Pause)
[85.099s][info][gc,task        ] GC(70) Using 8 workers of 8 for evacuation
[85.182s][info][gc,mmu         ] GC(70) MMU target violated: 21.0ms (20.0ms/21.0ms)
[85.182s][info][gc,phases      ] GC(70)   Pre Evacuate Collection Set: 0.0ms
[85.182s][info][gc,phases      ] GC(70)   Evacuate Collection Set: 80.2ms
[85.182s][info][gc,phases      ] GC(70)   Post Evacuate Collection Set: 2.6ms
[85.182s][info][gc,phases      ] GC(70)   Other: 0.4ms
[85.182s][info][gc,heap        ] GC(70) Eden regions: 1349->0(1375)
[85.182s][info][gc,heap        ] GC(70) Survivor regions: 85->105(180)
[85.182s][info][gc,heap        ] GC(70) Old regions: 294->294
[85.182s][info][gc,heap        ] GC(70) Humongous regions: 18->18
[85.182s][info][gc,metaspace   ] GC(70) Metaspace: 79565K->79565K(1122304K)
[85.182s][info][gc             ] GC(70) Pause Young (Normal) (G1 Evacuation Pause) 1739M->410M(1851M) 83.345ms
[85.182s][info][gc,cpu         ] GC(70) User=0.60s Sys=0.03s Real=0.09s
[86.353s][info][gc,start       ] GC(71) Pause Young (Normal) (G1 Evacuation Pause)
[86.353s][info][gc,task        ] GC(71) Using 8 workers of 8 for evacuation
[86.428s][info][gc,mmu         ] GC(71) MMU target violated: 21.0ms (20.0ms/21.0ms)
[86.428s][info][gc,phases      ] GC(71)   Pre Evacuate Collection Set: 0.1ms
[86.428s][info][gc,phases      ] GC(71)   Evacuate Collection Set: 71.5ms
[86.428s][info][gc,phases      ] GC(71)   Post Evacuate Collection Set: 3.1ms
[86.428s][info][gc,phases      ] GC(71)   Other: 0.5ms
[86.428s][info][gc,heap        ] GC(71) Eden regions: 1375->0(1434)
[86.428s][info][gc,heap        ] GC(71) Survivor regions: 105->58(185)
[86.428s][info][gc,heap        ] GC(71) Old regions: 294->310
[86.428s][info][gc,heap        ] GC(71) Humongous regions: 18->18
[86.428s][info][gc,metaspace   ] GC(71) Metaspace: 81000K->81000K(1124352K)
[86.428s][info][gc             ] GC(71) Pause Young (Normal) (G1 Evacuation Pause) 1785M->379M(1866M) 75.249ms
[86.428s][info][gc,cpu         ] GC(71) User=0.46s Sys=0.00s Real=0.07s
[87.793s][info][gc,start       ] GC(72) Pause Young (Normal) (G1 Evacuation Pause)
[87.793s][info][gc,task        ] GC(72) Using 8 workers of 8 for evacuation
[87.877s][info][gc,mmu         ] GC(72) MMU target violated: 21.0ms (20.0ms/21.0ms)
[87.877s][info][gc,phases      ] GC(72)   Pre Evacuate Collection Set: 0.0ms
[87.877s][info][gc,phases      ] GC(72)   Evacuate Collection Set: 81.8ms
[87.877s][info][gc,phases      ] GC(72)   Post Evacuate Collection Set: 2.1ms
[87.877s][info][gc,phases      ] GC(72)   Other: 0.6ms
[87.877s][info][gc,heap        ] GC(72) Eden regions: 1434->0(1439)
[87.877s][info][gc,heap        ] GC(72) Survivor regions: 58->91(187)
[87.877s][info][gc,heap        ] GC(72) Old regions: 310->310
[87.877s][info][gc,heap        ] GC(72) Humongous regions: 20->20
[87.877s][info][gc,metaspace   ] GC(72) Metaspace: 81102K->81102K(1124352K)
[87.877s][info][gc             ] GC(72) Pause Young (Normal) (G1 Evacuation Pause) 1815M->414M(1913M) 84.509ms
[87.877s][info][gc,cpu         ] GC(72) User=0.61s Sys=0.03s Real=0.08s
[89.170s][info][gc,start       ] GC(73) Pause Young (Normal) (G1 Evacuation Pause)
[89.170s][info][gc,task        ] GC(73) Using 8 workers of 8 for evacuation
[89.275s][info][gc,mmu         ] GC(73) MMU target violated: 21.0ms (20.0ms/21.0ms)
[89.275s][info][gc,phases      ] GC(73)   Pre Evacuate Collection Set: 0.0ms
[89.275s][info][gc,phases      ] GC(73)   Evacuate Collection Set: 102.5ms
[89.275s][info][gc,phases      ] GC(73)   Post Evacuate Collection Set: 1.8ms
[89.275s][info][gc,phases      ] GC(73)   Other: 0.5ms
[89.275s][info][gc,heap        ] GC(73) Eden regions: 1439->0(1468)
[89.275s][info][gc,heap        ] GC(73) Survivor regions: 91->103(192)
[89.275s][info][gc,heap        ] GC(73) Old regions: 310->310
[89.275s][info][gc,heap        ] GC(73) Humongous regions: 21->21
[89.275s][info][gc,metaspace   ] GC(73) Metaspace: 81102K->81102K(1124352K)
[89.275s][info][gc             ] GC(73) Pause Young (Normal) (G1 Evacuation Pause) 1854M->427M(1964M) 104.942ms
[89.275s][info][gc,cpu         ] GC(73) User=0.64s Sys=0.03s Real=0.10s
[91.424s][info][gc,start       ] GC(74) Pause Young (Normal) (G1 Evacuation Pause)
[91.424s][info][gc,task        ] GC(74) Using 8 workers of 8 for evacuation
[91.453s][info][gc,mmu         ] GC(74) MMU target violated: 21.0ms (20.0ms/21.0ms)
[91.453s][info][gc,phases      ] GC(74)   Pre Evacuate Collection Set: 0.0ms
[91.453s][info][gc,phases      ] GC(74)   Evacuate Collection Set: 26.6ms
[91.453s][info][gc,phases      ] GC(74)   Post Evacuate Collection Set: 1.7ms
[91.453s][info][gc,phases      ] GC(74)   Other: 0.4ms
[91.453s][info][gc,heap        ] GC(74) Eden regions: 1468->0(1531)
[91.453s][info][gc,heap        ] GC(74) Survivor regions: 103->40(197)
[91.453s][info][gc,heap        ] GC(74) Old regions: 310->314
[91.453s][info][gc,heap        ] GC(74) Humongous regions: 23->23
[91.453s][info][gc,metaspace   ] GC(74) Metaspace: 81102K->81102K(1124352K)
[91.453s][info][gc             ] GC(74) Pause Young (Normal) (G1 Evacuation Pause) 1897M->371M(1964M) 28.793ms
[91.453s][info][gc,cpu         ] GC(74) User=0.22s Sys=0.00s Real=0.03s
[92.663s][info][gc,start       ] GC(75) Pause Young (Normal) (G1 Evacuation Pause)
[92.663s][info][gc,task        ] GC(75) Using 8 workers of 8 for evacuation
[92.747s][info][gc,mmu         ] GC(75) MMU target violated: 21.0ms (20.0ms/21.0ms)
[92.747s][info][gc,phases      ] GC(75)   Pre Evacuate Collection Set: 0.1ms
[92.747s][info][gc,phases      ] GC(75)   Evacuate Collection Set: 80.3ms
[92.747s][info][gc,phases      ] GC(75)   Post Evacuate Collection Set: 3.0ms
[92.747s][info][gc,phases      ] GC(75)   Other: 0.5ms
[92.747s][info][gc,heap        ] GC(75) Eden regions: 1531->0(1509)
[92.747s][info][gc,heap        ] GC(75) Survivor regions: 40->83(197)
[92.747s][info][gc,heap        ] GC(75) Old regions: 314->314
[92.747s][info][gc,heap        ] GC(75) Humongous regions: 23->23
[92.747s][info][gc,metaspace   ] GC(75) Metaspace: 81617K->81617K(1124352K)
[92.747s][info][gc             ] GC(75) Pause Young (Normal) (G1 Evacuation Pause) 1902M->414M(1991M) 83.956ms
[92.747s][info][gc,cpu         ] GC(75) User=0.55s Sys=0.01s Real=0.08s
[94.049s][info][gc,start       ] GC(76) Pause Young (Normal) (G1 Evacuation Pause)
[94.049s][info][gc,task        ] GC(76) Using 8 workers of 8 for evacuation
[94.454s][info][gc,mmu         ] GC(76) MMU target violated: 21.0ms (20.0ms/21.0ms)
[94.455s][info][gc             ] GC(76) To-space exhausted
[94.455s][info][gc,phases      ] GC(76)   Pre Evacuate Collection Set: 0.1ms
[94.455s][info][gc,phases      ] GC(76)   Evacuate Collection Set: 112.7ms
[94.455s][info][gc,phases      ] GC(76)   Post Evacuate Collection Set: 292.4ms
[94.455s][info][gc,phases      ] GC(76)   Other: 0.6ms
[94.455s][info][gc,heap        ] GC(76) Eden regions: 1509->0(1529)
[94.455s][info][gc,heap        ] GC(76) Survivor regions: 83->71(199)
[94.455s][info][gc,heap        ] GC(76) Old regions: 314->1710
[94.455s][info][gc,heap        ] GC(76) Humongous regions: 23->23
[94.455s][info][gc,metaspace   ] GC(76) Metaspace: 81618K->81618K(1124352K)
[94.455s][info][gc             ] GC(76) Pause Young (Normal) (G1 Evacuation Pause) 1923M->1798M(2000M) 405.859ms
[94.455s][info][gc,cpu         ] GC(76) User=3.01s Sys=0.01s Real=0.41s
[94.635s][info][gc,start       ] GC(77) Pause Young (Concurrent Start) (G1 Humongous Allocation)
[94.635s][info][gc,task        ] GC(77) Using 8 workers of 8 for evacuation
[95.039s][info][gc,mmu         ] GC(77) MMU target violated: 21.0ms (20.0ms/21.0ms)
[95.040s][info][gc             ] GC(77) To-space exhausted
[95.040s][info][gc,phases      ] GC(77)   Pre Evacuate Collection Set: 0.3ms
[95.040s][info][gc,phases      ] GC(77)   Evacuate Collection Set: 366.7ms
[95.040s][info][gc,phases      ] GC(77)   Post Evacuate Collection Set: 37.2ms
[95.040s][info][gc,phases      ] GC(77)   Other: 0.5ms
[95.040s][info][gc,heap        ] GC(77) Eden regions: 134->0(1538)
[95.040s][info][gc,heap        ] GC(77) Survivor regions: 71->62(200)
[95.040s][info][gc,heap        ] GC(77) Old regions: 1710->1863
[95.040s][info][gc,heap        ] GC(77) Humongous regions: 23->23
[95.040s][info][gc,metaspace   ] GC(77) Metaspace: 81618K->81618K(1124352K)
[95.040s][info][gc             ] GC(77) Pause Young (Concurrent Start) (G1 Humongous Allocation) 1931M->1942M(2000M) 404.752ms
[95.040s][info][gc,cpu         ] GC(77) User=2.75s Sys=0.01s Real=0.41s
[95.040s][info][gc             ] GC(78) Concurrent Cycle
[95.040s][info][gc,marking     ] GC(78) Concurrent Clear Claimed Marks
[95.040s][info][gc,marking     ] GC(78) Concurrent Clear Claimed Marks 0.285ms
[95.040s][info][gc,marking     ] GC(78) Concurrent Scan Root Regions
[95.139s][info][gc,marking     ] GC(78) Concurrent Scan Root Regions 98.891ms
[95.139s][info][gc,marking     ] GC(78) Concurrent Mark (95.139s)
[95.139s][info][gc,marking     ] GC(78) Concurrent Mark From Roots
[95.139s][info][gc,task        ] GC(78) Using 2 workers of 2 for marking
[95.139s][info][gc,start       ] GC(79) Pause Young (Normal) (G1 Evacuation Pause)
[95.139s][info][gc,task        ] GC(79) Using 8 workers of 8 for evacuation
[95.542s][info][gc,mmu         ] GC(79) MMU target violated: 21.0ms (20.0ms/21.0ms)
[95.542s][info][gc             ] GC(79) To-space exhausted
[95.542s][info][gc,phases      ] GC(79)   Pre Evacuate Collection Set: 1.8ms
[95.542s][info][gc,phases      ] GC(79)   Evacuate Collection Set: 351.7ms
[95.542s][info][gc,phases      ] GC(79)   Post Evacuate Collection Set: 51.2ms
[95.542s][info][gc,phases      ] GC(79)   Other: 0.4ms
[95.542s][info][gc,heap        ] GC(79) Eden regions: 50->0(1600)
[95.542s][info][gc,heap        ] GC(79) Survivor regions: 62->0(200)
[95.542s][info][gc,heap        ] GC(79) Old regions: 1863->1975
[95.542s][info][gc,heap        ] GC(79) Humongous regions: 25->25
[95.542s][info][gc,metaspace   ] GC(79) Metaspace: 81618K->81618K(1124352K)
[95.542s][info][gc             ] GC(79) Pause Young (Normal) (G1 Evacuation Pause) 1994M->1994M(2000M) 403.476ms
[95.543s][info][gc,cpu         ] GC(79) User=2.97s Sys=0.01s Real=0.41s
[95.543s][info][gc,task        ] GC(80) Using 8 workers of 8 for full compaction
[95.543s][info][gc,start       ] GC(80) Pause Full (G1 Evacuation Pause)
[95.560s][info][gc,phases,start] GC(80) Phase 1: Mark live objects
[95.655s][info][gc,stringtable ] GC(80) Cleaned string and symbol table, strings: 37840 processed, 707 removed, symbols: 239310 processed, 6000 removed
[95.655s][info][gc,phases      ] GC(80) Phase 1: Mark live objects 94.696ms
[95.655s][info][gc,phases,start] GC(80) Phase 2: Prepare for compaction
[95.676s][info][gc,phases      ] GC(80) Phase 2: Prepare for compaction 20.621ms
[95.676s][info][gc,phases,start] GC(80) Phase 3: Adjust pointers
[95.722s][info][gc,phases      ] GC(80) Phase 3: Adjust pointers 46.488ms
[95.722s][info][gc,phases,start] GC(80) Phase 4: Compact heap
[95.749s][info][gc,phases      ] GC(80) Phase 4: Compact heap 26.650ms
[95.904s][info][gc,heap        ] GC(80) Eden regions: 0->0(413)
[95.904s][info][gc,heap        ] GC(80) Survivor regions: 0->0(200)
[95.904s][info][gc,heap        ] GC(80) Old regions: 1975->146
[95.904s][info][gc,heap        ] GC(80) Humongous regions: 25->9
[95.904s][info][gc,metaspace   ] GC(80) Metaspace: 81618K->79183K(1124352K)
[95.904s][info][gc             ] GC(80) Pause Full (G1 Evacuation Pause) 1994M->150M(517M) 361.265ms
[95.904s][info][gc,cpu         ] GC(80) User=1.23s Sys=0.20s Real=0.36s
[95.905s][info][gc,marking     ] GC(78) Concurrent Mark From Roots 765.818ms
[95.905s][info][gc,marking     ] GC(78) Concurrent Mark Abort
[95.905s][info][gc             ] GC(78) Concurrent Cycle 865.132ms
[96.206s][info][gc,start       ] GC(81) Pause Young (Normal) (G1 Evacuation Pause)
[96.206s][info][gc,task        ] GC(81) Using 8 workers of 8 for evacuation
[96.228s][info][gc,mmu         ] GC(81) MMU target violated: 21.0ms (20.0ms/21.0ms)
[96.228s][info][gc,phases      ] GC(81)   Pre Evacuate Collection Set: 0.0ms
[96.228s][info][gc,phases      ] GC(81)   Evacuate Collection Set: 19.0ms
[96.228s][info][gc,phases      ] GC(81)   Post Evacuate Collection Set: 2.4ms
[96.228s][info][gc,phases      ] GC(81)   Other: 0.4ms
[96.228s][info][gc,heap        ] GC(81) Eden regions: 362->0(410)
[96.228s][info][gc,heap        ] GC(81) Survivor regions: 0->16(52)
[96.228s][info][gc,heap        ] GC(81) Old regions: 146->146
[96.228s][info][gc,heap        ] GC(81) Humongous regions: 9->9
[96.228s][info][gc,metaspace   ] GC(81) Metaspace: 79183K->79183K(1124352K)
[96.228s][info][gc             ] GC(81) Pause Young (Normal) (G1 Evacuation Pause) 512M->165M(533M) 21.821ms
[96.228s][info][gc,cpu         ] GC(81) User=0.15s Sys=0.01s Real=0.02s
[96.736s][info][gc,start       ] GC(82) Pause Young (Normal) (G1 Evacuation Pause)
[96.736s][info][gc,task        ] GC(82) Using 8 workers of 8 for evacuation
[96.768s][info][gc,mmu         ] GC(82) MMU target violated: 21.0ms (20.0ms/21.0ms)
[96.768s][info][gc,phases      ] GC(82)   Pre Evacuate Collection Set: 0.0ms
[96.768s][info][gc,phases      ] GC(82)   Evacuate Collection Set: 29.7ms
[96.768s][info][gc,phases      ] GC(82)   Post Evacuate Collection Set: 1.8ms
[96.768s][info][gc,phases      ] GC(82)   Other: 0.3ms
[96.768s][info][gc,heap        ] GC(82) Eden regions: 361->0(420)
[96.768s][info][gc,heap        ] GC(82) Survivor regions: 16->28(54)
[96.768s][info][gc,heap        ] GC(82) Old regions: 146->146
[96.768s][info][gc,heap        ] GC(82) Humongous regions: 10->10
[96.768s][info][gc,metaspace   ] GC(82) Metaspace: 79183K->79183K(1124352K)
[96.768s][info][gc             ] GC(82) Pause Young (Normal) (G1 Evacuation Pause) 527M->179M(561M) 31.857ms
[96.768s][info][gc,cpu         ] GC(82) User=0.21s Sys=0.01s Real=0.03s
[97.232s][info][gc,start       ] GC(83) Pause Young (Normal) (G1 Evacuation Pause)
[97.232s][info][gc,task        ] GC(83) Using 8 workers of 8 for evacuation
[97.268s][info][gc,mmu         ] GC(83) MMU target violated: 21.0ms (20.0ms/21.0ms)
[97.268s][info][gc,phases      ] GC(83)   Pre Evacuate Collection Set: 0.0ms
[97.268s][info][gc,phases      ] GC(83)   Evacuate Collection Set: 34.1ms
[97.268s][info][gc,phases      ] GC(83)   Post Evacuate Collection Set: 1.2ms
[97.268s][info][gc,phases      ] GC(83)   Other: 0.3ms
[97.268s][info][gc,heap        ] GC(83) Eden regions: 377->0(441)
[97.268s][info][gc,heap        ] GC(83) Survivor regions: 28->39(56)
[97.268s][info][gc,heap        ] GC(83) Old regions: 146->146
[97.268s][info][gc,heap        ] GC(83) Humongous regions: 10->10
[97.268s][info][gc,metaspace   ] GC(83) Metaspace: 79183K->79183K(1124352K)
[97.268s][info][gc             ] GC(83) Pause Young (Normal) (G1 Evacuation Pause) 556M->189M(600M) 35.655ms
[97.268s][info][gc,cpu         ] GC(83) User=0.25s Sys=0.02s Real=0.03s
[97.777s][info][gc,start       ] GC(84) Pause Young (Normal) (G1 Evacuation Pause)
[97.777s][info][gc,task        ] GC(84) Using 8 workers of 8 for evacuation
[97.819s][info][gc,mmu         ] GC(84) MMU target violated: 21.0ms (20.0ms/21.0ms)
[97.819s][info][gc,phases      ] GC(84)   Pre Evacuate Collection Set: 0.0ms
[97.819s][info][gc,phases      ] GC(84)   Evacuate Collection Set: 40.7ms
[97.819s][info][gc,phases      ] GC(84)   Post Evacuate Collection Set: 1.3ms
[97.819s][info][gc,phases      ] GC(84)   Other: 0.3ms
[97.819s][info][gc,heap        ] GC(84) Eden regions: 405->0(482)
[97.819s][info][gc,heap        ] GC(84) Survivor regions: 39->34(60)
[97.819s][info][gc,heap        ] GC(84) Old regions: 146->157
[97.819s][info][gc,heap        ] GC(84) Humongous regions: 10->10
[97.819s][info][gc,metaspace   ] GC(84) Metaspace: 79183K->79183K(1124352K)
[97.819s][info][gc             ] GC(84) Pause Young (Normal) (G1 Evacuation Pause) 594M->195M(645M) 42.301ms
[97.819s][info][gc,cpu         ] GC(84) User=0.28s Sys=0.02s Real=0.04s
[98.135s][info][gc,start       ] GC(85) Pause Young (Normal) (G1 Evacuation Pause)
[98.135s][info][gc,task        ] GC(85) Using 8 workers of 8 for evacuation
[98.182s][info][gc,mmu         ] GC(85) MMU target violated: 21.0ms (20.0ms/21.0ms)
[98.182s][info][gc,phases      ] GC(85)   Pre Evacuate Collection Set: 0.0ms
[98.182s][info][gc,phases      ] GC(85)   Evacuate Collection Set: 45.5ms
[98.182s][info][gc,phases      ] GC(85)   Post Evacuate Collection Set: 1.5ms
[98.182s][info][gc,phases      ] GC(85)   Other: 0.3ms
[98.182s][info][gc,heap        ] GC(85) Eden regions: 444->0(506)
[98.182s][info][gc,heap        ] GC(85) Survivor regions: 34->49(65)
[98.182s][info][gc,heap        ] GC(85) Old regions: 157->157
[98.182s][info][gc,heap        ] GC(85) Humongous regions: 10->10
[98.182s][info][gc,metaspace   ] GC(85) Metaspace: 79185K->79185K(1124352K)
[98.182s][info][gc             ] GC(85) Pause Young (Normal) (G1 Evacuation Pause) 639M->210M(694M) 47.445ms
[98.182s][info][gc,cpu         ] GC(85) User=0.33s Sys=0.02s Real=0.05s
[98.693s][info][gc,start       ] GC(86) Pause Young (Normal) (G1 Evacuation Pause)
[98.693s][info][gc,task        ] GC(86) Using 8 workers of 8 for evacuation
[98.785s][info][gc,mmu         ] GC(86) MMU target violated: 21.0ms (20.0ms/21.0ms)
[98.785s][info][gc,phases      ] GC(86)   Pre Evacuate Collection Set: 0.0ms
[98.785s][info][gc,phases      ] GC(86)   Evacuate Collection Set: 89.0ms
[98.785s][info][gc,phases      ] GC(86)   Post Evacuate Collection Set: 3.3ms
[98.785s][info][gc,phases      ] GC(86)   Other: 0.3ms
[98.785s][info][gc,heap        ] GC(86) Eden regions: 478->0(560)
[98.785s][info][gc,heap        ] GC(86) Survivor regions: 49->49(70)
[98.785s][info][gc,heap        ] GC(86) Old regions: 157->176
[98.785s][info][gc,heap        ] GC(86) Humongous regions: 10->10
[98.785s][info][gc,metaspace   ] GC(86) Metaspace: 80962K->80962K(1126400K)
[98.786s][info][gc             ] GC(86) Pause Young (Normal) (G1 Evacuation Pause) 688M->230M(762M) 92.701ms
[98.786s][info][gc,cpu         ] GC(86) User=0.47s Sys=0.03s Real=0.09s
[99.607s][info][gc,start       ] GC(87) Pause Young (Normal) (G1 Evacuation Pause)
[99.607s][info][gc,task        ] GC(87) Using 8 workers of 8 for evacuation
[99.653s][info][gc,mmu         ] GC(87) MMU target violated: 21.0ms (20.0ms/21.0ms)
[99.653s][info][gc,phases      ] GC(87)   Pre Evacuate Collection Set: 0.0ms
[99.653s][info][gc,phases      ] GC(87)   Evacuate Collection Set: 44.1ms
[99.653s][info][gc,phases      ] GC(87)   Post Evacuate Collection Set: 1.9ms
[99.653s][info][gc,phases      ] GC(87)   Other: 0.2ms
[99.653s][info][gc,heap        ] GC(87) Eden regions: 525->0(607)
[99.653s][info][gc,heap        ] GC(87) Survivor regions: 49->53(77)
[99.653s][info][gc,heap        ] GC(87) Old regions: 176->187
[99.653s][info][gc,heap        ] GC(87) Humongous regions: 12->12
[99.653s][info][gc,metaspace   ] GC(87) Metaspace: 81058K->81058K(1126400K)
[99.653s][info][gc             ] GC(87) Pause Young (Normal) (G1 Evacuation Pause) 757M->246M(826M) 46.356ms
[99.653s][info][gc,cpu         ] GC(87) User=0.31s Sys=0.04s Real=0.05s
[101.165s][info][gc,start       ] GC(88) Pause Young (Normal) (G1 Evacuation Pause)
[101.165s][info][gc,task        ] GC(88) Using 8 workers of 8 for evacuation
[101.207s][info][gc,mmu         ] GC(88) MMU target violated: 21.0ms (20.0ms/21.0ms)
[101.207s][info][gc,phases      ] GC(88)   Pre Evacuate Collection Set: 0.0ms
[101.207s][info][gc,phases      ] GC(88)   Evacuate Collection Set: 40.8ms
[101.207s][info][gc,phases      ] GC(88)   Post Evacuate Collection Set: 1.1ms
[101.207s][info][gc,phases      ] GC(88)   Other: 0.2ms
[101.207s][info][gc,heap        ] GC(88) Eden regions: 574->0(659)
[101.207s][info][gc,heap        ] GC(88) Survivor regions: 53->55(83)
[101.207s][info][gc,heap        ] GC(88) Old regions: 187->199
[101.207s][info][gc,heap        ] GC(88) Humongous regions: 12->12
[101.207s][info][gc,metaspace   ] GC(88) Metaspace: 81058K->81058K(1126400K)
[101.207s][info][gc             ] GC(88) Pause Young (Normal) (G1 Evacuation Pause) 820M->260M(893M) 42.186ms
[101.207s][info][gc,cpu         ] GC(88) User=0.27s Sys=0.03s Real=0.04s
[102.019s][info][gc,start       ] GC(89) Pause Young (Normal) (G1 Evacuation Pause)
[102.019s][info][gc,task        ] GC(89) Using 8 workers of 8 for evacuation
[102.077s][info][gc,mmu         ] GC(89) MMU target violated: 21.0ms (20.0ms/21.0ms)
[102.077s][info][gc,phases      ] GC(89)   Pre Evacuate Collection Set: 0.0ms
[102.077s][info][gc,phases      ] GC(89)   Evacuate Collection Set: 56.8ms
[102.077s][info][gc,phases      ] GC(89)   Post Evacuate Collection Set: 1.4ms
[102.077s][info][gc,phases      ] GC(89)   Other: 0.3ms
[102.077s][info][gc,heap        ] GC(89) Eden regions: 627->0(719)
[102.077s][info][gc,heap        ] GC(89) Survivor regions: 55->53(90)
[102.077s][info][gc,heap        ] GC(89) Old regions: 199->218
[102.077s][info][gc,heap        ] GC(89) Humongous regions: 12->12
[102.077s][info][gc,metaspace   ] GC(89) Metaspace: 81308K->81308K(1126400K)
[102.077s][info][gc             ] GC(89) Pause Young (Normal) (G1 Evacuation Pause) 887M->277M(965M) 58.628ms
[102.077s][info][gc,cpu         ] GC(89) User=0.41s Sys=0.03s Real=0.06s
[102.787s][info][gc,start       ] GC(90) Pause Young (Normal) (G1 Evacuation Pause)
[102.787s][info][gc,task        ] GC(90) Using 8 workers of 8 for evacuation
[102.857s][info][gc,mmu         ] GC(90) MMU target violated: 21.0ms (20.0ms/21.0ms)
[102.857s][info][gc,phases      ] GC(90)   Pre Evacuate Collection Set: 0.0ms
[102.857s][info][gc,phases      ] GC(90)   Evacuate Collection Set: 68.4ms
[102.857s][info][gc,phases      ] GC(90)   Post Evacuate Collection Set: 1.6ms
[102.857s][info][gc,phases      ] GC(90)   Other: 0.3ms
[102.857s][info][gc,heap        ] GC(90) Eden regions: 682->0(774)
[102.857s][info][gc,heap        ] GC(90) Survivor regions: 53->59(97)
[102.857s][info][gc,heap        ] GC(90) Old regions: 218->236
[102.857s][info][gc,heap        ] GC(90) Humongous regions: 12->12
[102.857s][info][gc,metaspace   ] GC(90) Metaspace: 83543K->83543K(1128448K)
[102.857s][info][gc             ] GC(90) Pause Young (Normal) (G1 Evacuation Pause) 959M->301M(1042M) 70.361ms
[102.857s][info][gc,cpu         ] GC(90) User=0.46s Sys=0.06s Real=0.07s
[103.525s][info][gc,start       ] GC(91) Pause Young (Normal) (G1 Evacuation Pause)
[103.525s][info][gc,task        ] GC(91) Using 8 workers of 8 for evacuation
[103.594s][info][gc,mmu         ] GC(91) MMU target violated: 21.0ms (20.0ms/21.0ms)
[103.594s][info][gc,phases      ] GC(91)   Pre Evacuate Collection Set: 0.0ms
[103.594s][info][gc,phases      ] GC(91)   Evacuate Collection Set: 67.0ms
[103.594s][info][gc,phases      ] GC(91)   Post Evacuate Collection Set: 1.8ms
[103.594s][info][gc,phases      ] GC(91)   Other: 0.3ms
[103.594s][info][gc,heap        ] GC(91) Eden regions: 735->0(833)
[103.594s][info][gc,heap        ] GC(91) Survivor regions: 59->60(105)
[103.594s][info][gc,heap        ] GC(91) Old regions: 236->251
[103.594s][info][gc,heap        ] GC(91) Humongous regions: 12->12
[103.594s][info][gc,metaspace   ] GC(91) Metaspace: 84079K->84079K(1128448K)
[103.594s][info][gc             ] GC(91) Pause Young (Normal) (G1 Evacuation Pause) 1036M->317M(1117M) 69.211ms
[103.594s][info][gc,cpu         ] GC(91) User=0.46s Sys=0.05s Real=0.07s
[104.311s][info][gc,start       ] GC(92) Pause Young (Normal) (G1 Evacuation Pause)
[104.311s][info][gc,task        ] GC(92) Using 8 workers of 8 for evacuation
[104.382s][info][gc,mmu         ] GC(92) MMU target violated: 21.0ms (20.0ms/21.0ms)
[104.382s][info][gc,phases      ] GC(92)   Pre Evacuate Collection Set: 0.0ms
[104.382s][info][gc,phases      ] GC(92)   Evacuate Collection Set: 68.2ms
[104.382s][info][gc,phases      ] GC(92)   Post Evacuate Collection Set: 2.7ms
[104.382s][info][gc,phases      ] GC(92)   Other: 0.3ms
[104.382s][info][gc,heap        ] GC(92) Eden regions: 794->0(894)
[104.382s][info][gc,heap        ] GC(92) Survivor regions: 60->62(112)
[104.382s][info][gc,heap        ] GC(92) Old regions: 251->267
[104.382s][info][gc,heap        ] GC(92) Humongous regions: 12->12
[104.382s][info][gc,metaspace   ] GC(92) Metaspace: 84079K->84079K(1128448K)
[104.382s][info][gc             ] GC(92) Pause Young (Normal) (G1 Evacuation Pause) 1111M->335M(1195M) 71.372ms
[104.382s][info][gc,cpu         ] GC(92) User=0.49s Sys=0.03s Real=0.07s
[105.343s][info][gc,start       ] GC(93) Pause Young (Normal) (G1 Evacuation Pause)
[105.343s][info][gc,task        ] GC(93) Using 8 workers of 8 for evacuation
[105.404s][info][gc,mmu         ] GC(93) MMU target violated: 21.0ms (20.0ms/21.0ms)
[105.404s][info][gc,phases      ] GC(93)   Pre Evacuate Collection Set: 0.0ms
[105.404s][info][gc,phases      ] GC(93)   Evacuate Collection Set: 58.5ms
[105.404s][info][gc,phases      ] GC(93)   Post Evacuate Collection Set: 2.5ms
[105.404s][info][gc,phases      ] GC(93)   Other: 0.4ms
[105.404s][info][gc,heap        ] GC(93) Eden regions: 854->0(943)
[105.404s][info][gc,heap        ] GC(93) Survivor regions: 62->65(120)
[105.404s][info][gc,heap        ] GC(93) Old regions: 267->267
[105.404s][info][gc,heap        ] GC(93) Humongous regions: 12->12
[105.404s][info][gc,metaspace   ] GC(93) Metaspace: 84079K->84079K(1128448K)
[105.404s][info][gc             ] GC(93) Pause Young (Normal) (G1 Evacuation Pause) 1189M->339M(1260M) 61.381ms
[105.404s][info][gc,cpu         ] GC(93) User=0.38s Sys=0.03s Real=0.06s
[106.201s][info][gc,start       ] GC(94) Pause Young (Normal) (G1 Evacuation Pause)
[106.201s][info][gc,task        ] GC(94) Using 8 workers of 8 for evacuation
[106.269s][info][gc,mmu         ] GC(94) MMU target violated: 21.0ms (20.0ms/21.0ms)
[106.269s][info][gc,phases      ] GC(94)   Pre Evacuate Collection Set: 0.0ms
[106.269s][info][gc,phases      ] GC(94)   Evacuate Collection Set: 65.9ms
[106.269s][info][gc,phases      ] GC(94)   Post Evacuate Collection Set: 2.3ms
[106.269s][info][gc,phases      ] GC(94)   Other: 0.4ms
[106.269s][info][gc,heap        ] GC(94) Eden regions: 916->0(991)
[106.269s][info][gc,heap        ] GC(94) Survivor regions: 65->82(126)
[106.269s][info][gc,heap        ] GC(94) Old regions: 267->267
[106.269s][info][gc,heap        ] GC(94) Humongous regions: 12->12
[106.269s][info][gc,metaspace   ] GC(94) Metaspace: 84957K->84957K(1130496K)
[106.269s][info][gc             ] GC(94) Pause Young (Normal) (G1 Evacuation Pause) 1255M->356M(1342M) 68.613ms
[106.269s][info][gc,cpu         ] GC(94) User=0.48s Sys=0.04s Real=0.06s
[107.432s][info][gc,start       ] GC(95) Pause Young (Normal) (G1 Evacuation Pause)
[107.432s][info][gc,task        ] GC(95) Using 8 workers of 8 for evacuation
[107.486s][info][gc,mmu         ] GC(95) MMU target violated: 21.0ms (20.0ms/21.0ms)
[107.486s][info][gc,phases      ] GC(95)   Pre Evacuate Collection Set: 0.0ms
[107.486s][info][gc,phases      ] GC(95)   Evacuate Collection Set: 52.1ms
[107.486s][info][gc,phases      ] GC(95)   Post Evacuate Collection Set: 1.6ms
[107.486s][info][gc,phases      ] GC(95)   Other: 0.3ms
[107.486s][info][gc,heap        ] GC(95) Eden regions: 981->0(1077)
[107.486s][info][gc,heap        ] GC(95) Survivor regions: 82->50(135)
[107.486s][info][gc,heap        ] GC(95) Old regions: 267->284
[107.486s][info][gc,heap        ] GC(95) Humongous regions: 12->12
[107.486s][info][gc,metaspace   ] GC(95) Metaspace: 85090K->85090K(1130496K)
[107.486s][info][gc             ] GC(95) Pause Young (Normal) (G1 Evacuation Pause) 1337M->340M(1409M) 54.052ms
[107.486s][info][gc,cpu         ] GC(95) User=0.36s Sys=0.03s Real=0.05s
[108.553s][info][gc,start       ] GC(96) Pause Young (Normal) (G1 Evacuation Pause)
[108.553s][info][gc,task        ] GC(96) Using 8 workers of 8 for evacuation
[108.624s][info][gc,mmu         ] GC(96) MMU target violated: 21.0ms (20.0ms/21.0ms)
[108.624s][info][gc,phases      ] GC(96)   Pre Evacuate Collection Set: 0.1ms
[108.624s][info][gc,phases      ] GC(96)   Evacuate Collection Set: 68.2ms
[108.624s][info][gc,phases      ] GC(96)   Post Evacuate Collection Set: 2.6ms
[108.624s][info][gc,phases      ] GC(96)   Other: 0.4ms
[108.624s][info][gc,heap        ] GC(96) Eden regions: 1063->0(1110)
[108.625s][info][gc,heap        ] GC(96) Survivor regions: 50->85(141)
[108.625s][info][gc,heap        ] GC(96) Old regions: 284->284
[108.625s][info][gc,heap        ] GC(96) Humongous regions: 12->12
[108.625s][info][gc,metaspace   ] GC(96) Metaspace: 87410K->87410K(1132544K)
[108.625s][info][gc             ] GC(96) Pause Young (Normal) (G1 Evacuation Pause) 1403M->375M(1494M) 71.306ms
[108.625s][info][gc,cpu         ] GC(96) User=0.49s Sys=0.04s Real=0.07s
[109.941s][info][gc,start       ] GC(97) Pause Young (Normal) (G1 Evacuation Pause)
[109.941s][info][gc,task        ] GC(97) Using 8 workers of 8 for evacuation
[110.052s][info][gc,mmu         ] GC(97) MMU target violated: 21.0ms (20.0ms/21.0ms)
[110.052s][info][gc,phases      ] GC(97)   Pre Evacuate Collection Set: 0.0ms
[110.052s][info][gc,phases      ] GC(97)   Evacuate Collection Set: 108.7ms
[110.052s][info][gc,phases      ] GC(97)   Post Evacuate Collection Set: 1.9ms
[110.052s][info][gc,phases      ] GC(97)   Other: 0.4ms
[110.052s][info][gc,heap        ] GC(97) Eden regions: 1110->0(1190)
[110.052s][info][gc,heap        ] GC(97) Survivor regions: 85->91(150)
[110.052s][info][gc,heap        ] GC(97) Old regions: 284->303
[110.052s][info][gc,heap        ] GC(97) Humongous regions: 13->13
[110.052s][info][gc,metaspace   ] GC(97) Metaspace: 87411K->87411K(1132544K)
[110.052s][info][gc             ] GC(97) Pause Young (Normal) (G1 Evacuation Pause) 1486M->401M(1602M) 111.038ms
[110.052s][info][gc,cpu         ] GC(97) User=0.67s Sys=0.06s Real=0.11s
[111.632s][info][gc,start       ] GC(98) Pause Young (Normal) (G1 Evacuation Pause)
[111.632s][info][gc,task        ] GC(98) Using 8 workers of 8 for evacuation
[111.744s][info][gc,mmu         ] GC(98) MMU target violated: 21.0ms (20.0ms/21.0ms)
[111.744s][info][gc,phases      ] GC(98)   Pre Evacuate Collection Set: 0.1ms
[111.744s][info][gc,phases      ] GC(98)   Evacuate Collection Set: 110.0ms
[111.744s][info][gc,phases      ] GC(98)   Post Evacuate Collection Set: 2.0ms
[111.744s][info][gc,phases      ] GC(98)   Other: 0.6ms
[111.744s][info][gc,heap        ] GC(98) Eden regions: 1190->0(1280)
[111.744s][info][gc,heap        ] GC(98) Survivor regions: 91->97(161)
[111.744s][info][gc,heap        ] GC(98) Old regions: 303->317
[111.744s][info][gc,heap        ] GC(98) Humongous regions: 14->14
[111.744s][info][gc,metaspace   ] GC(98) Metaspace: 88545K->88545K(1132544K)
[111.744s][info][gc             ] GC(98) Pause Young (Normal) (G1 Evacuation Pause) 1592M->422M(1722M) 112.610ms
[111.744s][info][gc,cpu         ] GC(98) User=0.65s Sys=0.05s Real=0.11s
[113.769s][info][gc,start       ] GC(99) Pause Young (Normal) (G1 Evacuation Pause)
[113.769s][info][gc,task        ] GC(99) Using 8 workers of 8 for evacuation
[113.835s][info][gc,mmu         ] GC(99) MMU target violated: 21.0ms (20.0ms/21.0ms)
[113.835s][info][gc,phases      ] GC(99)   Pre Evacuate Collection Set: 0.0ms
[113.836s][info][gc,phases      ] GC(99)   Evacuate Collection Set: 64.1ms
[113.836s][info][gc,phases      ] GC(99)   Post Evacuate Collection Set: 1.6ms
[113.836s][info][gc,phases      ] GC(99)   Other: 0.4ms
[113.836s][info][gc,heap        ] GC(99) Eden regions: 1280->0(1360)
[113.836s][info][gc,heap        ] GC(99) Survivor regions: 97->89(173)
[113.836s][info][gc,heap        ] GC(99) Old regions: 317->332
[113.836s][info][gc,heap        ] GC(99) Humongous regions: 14->14
[113.836s][info][gc,metaspace   ] GC(99) Metaspace: 88572K->88572K(1132544K)
[113.836s][info][gc             ] GC(99) Pause Young (Normal) (G1 Evacuation Pause) 1702M->430M(1812M) 66.278ms
[113.836s][info][gc,cpu         ] GC(99) User=0.45s Sys=0.04s Real=0.07s
[115.139s][info][gc,start       ] GC(100) Pause Young (Normal) (G1 Evacuation Pause)
[115.139s][info][gc,task        ] GC(100) Using 8 workers of 8 for evacuation
[115.232s][info][gc,mmu         ] GC(100) MMU target violated: 21.0ms (20.0ms/21.0ms)
[115.232s][info][gc,phases      ] GC(100)   Pre Evacuate Collection Set: 0.0ms
[115.232s][info][gc,phases      ] GC(100)   Evacuate Collection Set: 90.6ms
[115.232s][info][gc,phases      ] GC(100)   Post Evacuate Collection Set: 1.9ms
[115.232s][info][gc,phases      ] GC(100)   Other: 0.5ms
[115.232s][info][gc,heap        ] GC(100) Eden regions: 1360->0(1413)
[115.232s][info][gc,heap        ] GC(100) Survivor regions: 89->112(182)
[115.232s][info][gc,heap        ] GC(100) Old regions: 332->332
[115.232s][info][gc,heap        ] GC(100) Humongous regions: 14->14
[115.232s][info][gc,metaspace   ] GC(100) Metaspace: 88572K->88572K(1132544K)
[115.232s][info][gc             ] GC(100) Pause Young (Normal) (G1 Evacuation Pause) 1790M->452M(1907M) 93.068ms
[115.232s][info][gc,cpu         ] GC(100) User=0.65s Sys=0.04s Real=0.10s
[117.200s][info][gc,start       ] GC(101) Pause Young (Normal) (G1 Evacuation Pause)
[117.200s][info][gc,task        ] GC(101) Using 8 workers of 8 for evacuation
[117.531s][info][gc,mmu         ] GC(101) MMU target violated: 21.0ms (20.0ms/21.0ms)
[117.531s][info][gc             ] GC(101) To-space exhausted
[117.531s][info][gc,phases      ] GC(101)   Pre Evacuate Collection Set: 0.0ms
[117.531s][info][gc,phases      ] GC(101)   Evacuate Collection Set: 98.4ms
[117.531s][info][gc,phases      ] GC(101)   Post Evacuate Collection Set: 232.1ms
[117.531s][info][gc,phases      ] GC(101)   Other: 0.5ms
[117.531s][info][gc,heap        ] GC(101) Eden regions: 1413->0(1501)
[117.531s][info][gc,heap        ] GC(101) Survivor regions: 112->99(191)
[117.532s][info][gc,heap        ] GC(101) Old regions: 332->1682
[117.532s][info][gc,heap        ] GC(101) Humongous regions: 15->15
[117.532s][info][gc,metaspace   ] GC(101) Metaspace: 89622K->89622K(1132544K)
[117.532s][info][gc             ] GC(101) Pause Young (Normal) (G1 Evacuation Pause) 1866M->1790M(2000M) 331.143ms
[117.532s][info][gc,cpu         ] GC(101) User=2.43s Sys=0.06s Real=0.33s
[117.818s][info][gc,start       ] GC(102) Pause Young (Concurrent Start) (G1 Evacuation Pause)
[117.818s][info][gc,task        ] GC(102) Using 8 workers of 8 for evacuation
[118.105s][info][gc,mmu         ] GC(102) MMU target violated: 21.0ms (20.0ms/21.0ms)
[118.106s][info][gc             ] GC(102) To-space exhausted
[118.106s][info][gc,phases      ] GC(102)   Pre Evacuate Collection Set: 0.2ms
[118.106s][info][gc,phases      ] GC(102)   Evacuate Collection Set: 173.6ms
[118.106s][info][gc,phases      ] GC(102)   Post Evacuate Collection Set: 113.2ms
[118.106s][info][gc,phases      ] GC(102)   Other: 0.4ms
[118.106s][info][gc,heap        ] GC(102) Eden regions: 204->0(1600)
[118.106s][info][gc,heap        ] GC(102) Survivor regions: 99->0(200)
[118.106s][info][gc,heap        ] GC(102) Old regions: 1682->1972
[118.106s][info][gc,heap        ] GC(102) Humongous regions: 15->15
[118.106s][info][gc,metaspace   ] GC(102) Metaspace: 89635K->89635K(1132544K)
[118.106s][info][gc             ] GC(102) Pause Young (Concurrent Start) (G1 Evacuation Pause) 1994M->1981M(2000M) 287.494ms
[118.106s][info][gc,cpu         ] GC(102) User=1.69s Sys=0.02s Real=0.29s
[118.106s][info][gc             ] GC(103) Concurrent Cycle
[118.106s][info][gc,marking     ] GC(103) Concurrent Clear Claimed Marks
[118.106s][info][gc,marking     ] GC(103) Concurrent Clear Claimed Marks 0.226ms
[118.106s][info][gc,marking     ] GC(103) Concurrent Scan Root Regions
[118.106s][info][gc,marking     ] GC(103) Concurrent Scan Root Regions 0.009ms
[118.106s][info][gc,marking     ] GC(103) Concurrent Mark (118.106s)
[118.106s][info][gc,marking     ] GC(103) Concurrent Mark From Roots
[118.106s][info][gc,task        ] GC(103) Using 2 workers of 2 for marking
[118.136s][info][gc,start       ] GC(104) Pause Young (Normal) (G1 Evacuation Pause)
[118.136s][info][gc,task        ] GC(104) Using 8 workers of 8 for evacuation
[118.176s][info][gc,mmu         ] GC(104) MMU target violated: 21.0ms (20.0ms/21.0ms)
[118.176s][info][gc             ] GC(104) To-space exhausted
[118.176s][info][gc,phases      ] GC(104)   Pre Evacuate Collection Set: 0.0ms
[118.176s][info][gc,phases      ] GC(104)   Evacuate Collection Set: 35.6ms
[118.176s][info][gc,phases      ] GC(104)   Post Evacuate Collection Set: 4.3ms
[118.176s][info][gc,phases      ] GC(104)   Other: 0.3ms
[118.176s][info][gc,heap        ] GC(104) Eden regions: 13->0(1600)
[118.176s][info][gc,heap        ] GC(104) Survivor regions: 0->0(200)
[118.176s][info][gc,heap        ] GC(104) Old regions: 1972->1985
[118.177s][info][gc,heap        ] GC(104) Humongous regions: 15->15
[118.177s][info][gc,metaspace   ] GC(104) Metaspace: 89640K->89640K(1132544K)
[118.177s][info][gc             ] GC(104) Pause Young (Normal) (G1 Evacuation Pause) 1994M->1994M(2000M) 40.373ms
[118.177s][info][gc,cpu         ] GC(104) User=0.29s Sys=0.00s Real=0.04s
[118.177s][info][gc,task        ] GC(105) Using 8 workers of 8 for full compaction
[118.177s][info][gc,start       ] GC(105) Pause Full (G1 Evacuation Pause)
[118.190s][info][gc,phases,start] GC(105) Phase 1: Mark live objects
[118.249s][info][gc,stringtable ] GC(105) Cleaned string and symbol table, strings: 43295 processed, 1138 removed, symbols: 252204 processed, 5904 removed
[118.249s][info][gc,phases      ] GC(105) Phase 1: Mark live objects 59.062ms
[118.249s][info][gc,phases,start] GC(105) Phase 2: Prepare for compaction
[118.264s][info][gc,phases      ] GC(105) Phase 2: Prepare for compaction 15.471ms
[118.264s][info][gc,phases,start] GC(105) Phase 3: Adjust pointers
[118.299s][info][gc,phases      ] GC(105) Phase 3: Adjust pointers 35.281ms
[118.299s][info][gc,phases,start] GC(105) Phase 4: Compact heap
[118.323s][info][gc,phases      ] GC(105) Phase 4: Compact heap 23.390ms
[118.481s][info][gc,heap        ] GC(105) Eden regions: 0->0(371)
[118.481s][info][gc,heap        ] GC(105) Survivor regions: 0->0(200)
[118.481s][info][gc,heap        ] GC(105) Old regions: 1985->132
[118.481s][info][gc,heap        ] GC(105) Humongous regions: 15->7
[118.481s][info][gc,metaspace   ] GC(105) Metaspace: 89640K->89640K(1132544K)
[118.481s][info][gc             ] GC(105) Pause Full (G1 Evacuation Pause) 1994M->134M(464M) 304.411ms
[118.481s][info][gc,cpu         ] GC(105) User=1.00s Sys=0.20s Real=0.31s
[118.483s][info][gc,marking     ] GC(103) Concurrent Mark From Roots 376.489ms
[118.483s][info][gc,marking     ] GC(103) Concurrent Mark Abort
[118.483s][info][gc             ] GC(103) Concurrent Cycle 376.827ms
[118.915s][info][gc,start       ] GC(106) Pause Young (Normal) (G1 Evacuation Pause)
[118.915s][info][gc,task        ] GC(106) Using 8 workers of 8 for evacuation
[118.931s][info][gc,phases      ] GC(106)   Pre Evacuate Collection Set: 0.0ms
[118.931s][info][gc,phases      ] GC(106)   Evacuate Collection Set: 14.3ms
[118.931s][info][gc,phases      ] GC(106)   Post Evacuate Collection Set: 1.2ms
[118.931s][info][gc,phases      ] GC(106)   Other: 0.2ms
[118.931s][info][gc,heap        ] GC(106) Eden regions: 325->0(368)
[118.931s][info][gc,heap        ] GC(106) Survivor regions: 0->14(47)
[118.931s][info][gc,heap        ] GC(106) Old regions: 132->132
[118.931s][info][gc,heap        ] GC(106) Humongous regions: 7->7
[118.931s][info][gc,metaspace   ] GC(106) Metaspace: 89721K->89721K(1132544K)
[118.931s][info][gc             ] GC(106) Pause Young (Normal) (G1 Evacuation Pause) 459M->148M(478M) 15.767ms
[118.931s][info][gc,cpu         ] GC(106) User=0.10s Sys=0.01s Real=0.02s
[119.763s][info][gc,start       ] GC(107) Pause Young (Normal) (G1 Evacuation Pause)
[119.763s][info][gc,task        ] GC(107) Using 8 workers of 8 for evacuation
[119.790s][info][gc,mmu         ] GC(107) MMU target violated: 21.0ms (20.0ms/21.0ms)
[119.790s][info][gc,phases      ] GC(107)   Pre Evacuate Collection Set: 0.0ms
[119.790s][info][gc,phases      ] GC(107)   Evacuate Collection Set: 25.5ms
[119.790s][info][gc,phases      ] GC(107)   Post Evacuate Collection Set: 1.2ms
[119.790s][info][gc,phases      ] GC(107)   Other: 0.3ms
[119.790s][info][gc,heap        ] GC(107) Eden regions: 325->0(377)
[119.790s][info][gc,heap        ] GC(107) Survivor regions: 14->23(48)
[119.790s][info][gc,heap        ] GC(107) Old regions: 132->132
[119.790s][info][gc,heap        ] GC(107) Humongous regions: 7->7
[119.790s][info][gc,metaspace   ] GC(107) Metaspace: 89784K->89784K(1132544K)
[119.790s][info][gc             ] GC(107) Pause Young (Normal) (G1 Evacuation Pause) 473M->157M(501M) 27.066ms
[119.790s][info][gc,cpu         ] GC(107) User=0.15s Sys=0.02s Real=0.03s
[120.414s][info][gc,start       ] GC(108) Pause Young (Normal) (G1 Evacuation Pause)
[120.414s][info][gc,task        ] GC(108) Using 8 workers of 8 for evacuation
[120.442s][info][gc,mmu         ] GC(108) MMU target violated: 21.0ms (20.0ms/21.0ms)
[120.442s][info][gc,phases      ] GC(108)   Pre Evacuate Collection Set: 0.0ms
[120.443s][info][gc,phases      ] GC(108)   Evacuate Collection Set: 26.9ms
[120.443s][info][gc,phases      ] GC(108)   Post Evacuate Collection Set: 1.3ms
[120.443s][info][gc,phases      ] GC(108)   Other: 0.2ms
[120.443s][info][gc,heap        ] GC(108) Eden regions: 339->0(395)
[120.443s][info][gc,heap        ] GC(108) Survivor regions: 23->28(50)
[120.443s][info][gc,heap        ] GC(108) Old regions: 132->132
[120.443s][info][gc,heap        ] GC(108) Humongous regions: 7->7
[120.443s][info][gc,metaspace   ] GC(108) Metaspace: 89784K->89784K(1132544K)
[120.443s][info][gc             ] GC(108) Pause Young (Normal) (G1 Evacuation Pause) 496M->162M(529M) 28.534ms
[120.443s][info][gc,cpu         ] GC(108) User=0.17s Sys=0.01s Real=0.03s
[121.007s][info][gc,start       ] GC(109) Pause Young (Normal) (G1 Evacuation Pause)
[121.007s][info][gc,task        ] GC(109) Using 8 workers of 8 for evacuation
[121.056s][info][gc,mmu         ] GC(109) MMU target violated: 21.0ms (20.0ms/21.0ms)
[121.056s][info][gc,phases      ] GC(109)   Pre Evacuate Collection Set: 0.0ms
[121.056s][info][gc,phases      ] GC(109)   Evacuate Collection Set: 47.6ms
[121.056s][info][gc,phases      ] GC(109)   Post Evacuate Collection Set: 1.4ms
[121.056s][info][gc,phases      ] GC(109)   Other: 0.3ms
[121.056s][info][gc,heap        ] GC(109) Eden regions: 362->0(416)
[121.056s][info][gc,heap        ] GC(109) Survivor regions: 28->36(53)
[121.056s][info][gc,heap        ] GC(109) Old regions: 132->132
[121.056s][info][gc,heap        ] GC(109) Humongous regions: 7->7
[121.056s][info][gc,metaspace   ] GC(109) Metaspace: 89784K->89784K(1132544K)
[121.056s][info][gc             ] GC(109) Pause Young (Normal) (G1 Evacuation Pause) 524M->170M(565M) 49.297ms
[121.057s][info][gc,cpu         ] GC(109) User=0.21s Sys=0.02s Real=0.05s
[121.710s][info][gc,start       ] GC(110) Pause Young (Normal) (G1 Evacuation Pause)
[121.710s][info][gc,task        ] GC(110) Using 8 workers of 8 for evacuation
[121.746s][info][gc,mmu         ] GC(110) MMU target violated: 21.0ms (20.0ms/21.0ms)
[121.746s][info][gc,phases      ] GC(110)   Pre Evacuate Collection Set: 0.0ms
[121.746s][info][gc,phases      ] GC(110)   Evacuate Collection Set: 34.4ms
[121.746s][info][gc,phases      ] GC(110)   Post Evacuate Collection Set: 1.3ms
[121.746s][info][gc,phases      ] GC(110)   Other: 0.2ms
[121.746s][info][gc,heap        ] GC(110) Eden regions: 390->0(452)
[121.746s][info][gc,heap        ] GC(110) Survivor regions: 36->34(57)
[121.746s][info][gc,heap        ] GC(110) Old regions: 132->141
[121.746s][info][gc,heap        ] GC(110) Humongous regions: 7->7
[121.746s][info][gc,metaspace   ] GC(110) Metaspace: 89784K->89784K(1132544K)
[121.746s][info][gc             ] GC(110) Pause Young (Normal) (G1 Evacuation Pause) 560M->176M(608M) 35.945ms
[121.746s][info][gc,cpu         ] GC(110) User=0.24s Sys=0.02s Real=0.03s
[122.421s][info][gc,start       ] GC(111) Pause Young (Normal) (G1 Evacuation Pause)
[122.421s][info][gc,task        ] GC(111) Using 8 workers of 8 for evacuation
[122.477s][info][gc,mmu         ] GC(111) MMU target violated: 21.0ms (20.0ms/21.0ms)
[122.477s][info][gc,phases      ] GC(111)   Pre Evacuate Collection Set: 0.0ms
[122.477s][info][gc,phases      ] GC(111)   Evacuate Collection Set: 54.1ms
[122.477s][info][gc,phases      ] GC(111)   Post Evacuate Collection Set: 2.3ms
[122.477s][info][gc,phases      ] GC(111)   Other: 0.4ms
[122.477s][info][gc,heap        ] GC(111) Eden regions: 426->0(531)
[122.477s][info][gc,heap        ] GC(111) Survivor regions: 34->33(61)
[122.477s][info][gc,heap        ] GC(111) Old regions: 141->151
[122.477s][info][gc,heap        ] GC(111) Humongous regions: 7->7
[122.477s][info][gc,metaspace   ] GC(111) Metaspace: 89788K->89788K(1132544K)
[122.477s][info][gc             ] GC(111) Pause Young (Normal) (G1 Evacuation Pause) 602M->185M(705M) 56.824ms
[122.477s][info][gc,cpu         ] GC(111) User=0.26s Sys=0.02s Real=0.05s
[123.768s][info][gc,start       ] GC(112) Pause Young (Normal) (G1 Evacuation Pause)
[123.768s][info][gc,task        ] GC(112) Using 8 workers of 8 for evacuation
[123.817s][info][gc,mmu         ] GC(112) MMU target violated: 21.0ms (20.0ms/21.0ms)
[123.817s][info][gc,phases      ] GC(112)   Pre Evacuate Collection Set: 0.0ms
[123.817s][info][gc,phases      ] GC(112)   Evacuate Collection Set: 46.7ms
[123.817s][info][gc,phases      ] GC(112)   Post Evacuate Collection Set: 1.2ms
[123.817s][info][gc,phases      ] GC(112)   Other: 0.3ms
[123.817s][info][gc,heap        ] GC(112) Eden regions: 512->0(552)
[123.817s][info][gc,heap        ] GC(112) Survivor regions: 33->56(71)
[123.817s][info][gc,heap        ] GC(112) Old regions: 151->151
[123.817s][info][gc,heap        ] GC(112) Humongous regions: 9->9
[123.817s][info][gc,metaspace   ] GC(112) Metaspace: 89788K->89788K(1132544K)
[123.817s][info][gc             ] GC(112) Pause Young (Normal) (G1 Evacuation Pause) 699M->211M(761M) 48.271ms
[123.817s][info][gc,cpu         ] GC(112) User=0.32s Sys=0.03s Real=0.05s
[125.397s][info][gc,start       ] GC(113) Pause Young (Normal) (G1 Evacuation Pause)
[125.397s][info][gc,task        ] GC(113) Using 8 workers of 8 for evacuation
[125.695s][info][gc,mmu         ] GC(113) MMU target violated: 21.0ms (20.0ms/21.0ms)
[125.695s][info][gc,phases      ] GC(113)   Pre Evacuate Collection Set: 0.0ms
[125.695s][info][gc,phases      ] GC(113)   Evacuate Collection Set: 291.8ms
[125.695s][info][gc,phases      ] GC(113)   Post Evacuate Collection Set: 6.2ms
[125.695s][info][gc,phases      ] GC(113)   Other: 0.4ms
[125.695s][info][gc,heap        ] GC(113) Eden regions: 542->0(613)
[125.695s][info][gc,heap        ] GC(113) Survivor regions: 56->55(76)
[125.695s][info][gc,heap        ] GC(113) Old regions: 151->171
[125.695s][info][gc,heap        ] GC(113) Humongous regions: 12->12
[125.695s][info][gc,metaspace   ] GC(113) Metaspace: 89788K->89788K(1132544K)
[125.696s][info][gc             ] GC(113) Pause Young (Normal) (G1 Evacuation Pause) 756M->233M(836M) 298.491ms
[125.696s][info][gc,cpu         ] GC(113) User=0.55s Sys=0.06s Real=0.30s
[128.009s][info][gc,start       ] GC(114) Pause Young (Normal) (G1 Evacuation Pause)
[128.009s][info][gc,task        ] GC(114) Using 8 workers of 8 for evacuation
[128.101s][info][gc,mmu         ] GC(114) MMU target violated: 21.0ms (20.0ms/21.0ms)
[128.101s][info][gc,phases      ] GC(114)   Pre Evacuate Collection Set: 0.0ms
[128.101s][info][gc,phases      ] GC(114)   Evacuate Collection Set: 90.2ms
[128.101s][info][gc,phases      ] GC(114)   Post Evacuate Collection Set: 1.6ms
[128.101s][info][gc,phases      ] GC(114)   Other: 0.4ms
[128.101s][info][gc,heap        ] GC(114) Eden regions: 596->0(688)
[128.101s][info][gc,heap        ] GC(114) Survivor regions: 55->37(84)
[128.101s][info][gc,heap        ] GC(114) Old regions: 171->205
[128.101s][info][gc,heap        ] GC(114) Humongous regions: 14->14
[128.101s][info][gc,metaspace   ] GC(114) Metaspace: 90823K->90823K(1134592K)
[128.101s][info][gc             ] GC(114) Pause Young (Normal) (G1 Evacuation Pause) 831M->251M(907M) 92.238ms
[128.101s][info][gc,cpu         ] GC(114) User=0.45s Sys=0.03s Real=0.10s
[129.451s][info][gc,start       ] GC(115) Pause Young (Normal) (G1 Evacuation Pause)
[129.451s][info][gc,task        ] GC(115) Using 8 workers of 8 for evacuation
[129.503s][info][gc,mmu         ] GC(115) MMU target violated: 21.0ms (20.0ms/21.0ms)
[129.503s][info][gc,phases      ] GC(115)   Pre Evacuate Collection Set: 0.0ms
[129.503s][info][gc,phases      ] GC(115)   Evacuate Collection Set: 50.1ms
[129.503s][info][gc,phases      ] GC(115)   Post Evacuate Collection Set: 1.5ms
[129.503s][info][gc,phases      ] GC(115)   Other: 0.4ms
[129.503s][info][gc,heap        ] GC(115) Eden regions: 648->0(715)
[129.503s][info][gc,heap        ] GC(115) Survivor regions: 37->51(91)
[129.503s][info][gc,heap        ] GC(115) Old regions: 205->205
[129.503s][info][gc,heap        ] GC(115) Humongous regions: 17->17
[129.503s][info][gc,metaspace   ] GC(115) Metaspace: 90837K->90837K(1134592K)
[129.503s][info][gc             ] GC(115) Pause Young (Normal) (G1 Evacuation Pause) 902M->268M(958M) 52.037ms
[129.503s][info][gc,cpu         ] GC(115) User=0.35s Sys=0.02s Real=0.05s
[130.830s][info][gc,start       ] GC(116) Pause Young (Normal) (G1 Evacuation Pause)
[130.830s][info][gc,task        ] GC(116) Using 8 workers of 8 for evacuation
[130.905s][info][gc,mmu         ] GC(116) MMU target violated: 21.0ms (20.0ms/21.0ms)
[130.905s][info][gc,phases      ] GC(116)   Pre Evacuate Collection Set: 0.0ms
[130.905s][info][gc,phases      ] GC(116)   Evacuate Collection Set: 72.8ms
[130.905s][info][gc,phases      ] GC(116)   Post Evacuate Collection Set: 1.8ms
[130.905s][info][gc,phases      ] GC(116)   Other: 0.4ms
[130.905s][info][gc,heap        ] GC(116) Eden regions: 685->0(772)
[130.905s][info][gc,heap        ] GC(116) Survivor regions: 51->53(96)
[130.905s][info][gc,heap        ] GC(116) Old regions: 205->226
[130.905s][info][gc,heap        ] GC(116) Humongous regions: 17->17
[130.905s][info][gc,metaspace   ] GC(116) Metaspace: 90837K->90837K(1134592K)
[130.905s][info][gc             ] GC(116) Pause Young (Normal) (G1 Evacuation Pause) 953M->290M(1032M) 75.053ms
[130.905s][info][gc,cpu         ] GC(116) User=0.50s Sys=0.05s Real=0.07s
[133.807s][info][gc,start       ] GC(117) Pause Young (Normal) (G1 Evacuation Pause)
[133.807s][info][gc,task        ] GC(117) Using 8 workers of 8 for evacuation
[133.931s][info][gc,mmu         ] GC(117) MMU target violated: 21.0ms (20.0ms/21.0ms)
[133.931s][info][gc,phases      ] GC(117)   Pre Evacuate Collection Set: 0.0ms
[133.931s][info][gc,phases      ] GC(117)   Evacuate Collection Set: 121.5ms
[133.931s][info][gc,phases      ] GC(117)   Post Evacuate Collection Set: 1.9ms
[133.931s][info][gc,phases      ] GC(117)   Other: 0.6ms
[133.931s][info][gc,heap        ] GC(117) Eden regions: 725->0(805)
[133.931s][info][gc,heap        ] GC(117) Survivor regions: 53->99(104)
[133.931s][info][gc,heap        ] GC(117) Old regions: 226->226
[133.931s][info][gc,heap        ] GC(117) Humongous regions: 28->28
[133.931s][info][gc,metaspace   ] GC(117) Metaspace: 90839K->90839K(1134592K)
[133.931s][info][gc             ] GC(117) Pause Young (Normal) (G1 Evacuation Pause) 1026M->347M(1131M) 124.145ms
[133.931s][info][gc,cpu         ] GC(117) User=0.76s Sys=0.05s Real=0.13s
[136.139s][info][gc,start       ] GC(118) Pause Young (Normal) (G1 Evacuation Pause)
[136.139s][info][gc,task        ] GC(118) Using 8 workers of 8 for evacuation
[136.266s][info][gc,mmu         ] GC(118) MMU target violated: 21.0ms (20.0ms/21.0ms)
[136.266s][info][gc,phases      ] GC(118)   Pre Evacuate Collection Set: 0.1ms
[136.266s][info][gc,phases      ] GC(118)   Evacuate Collection Set: 123.9ms
[136.266s][info][gc,phases      ] GC(118)   Post Evacuate Collection Set: 2.0ms
[136.266s][info][gc,phases      ] GC(118)   Other: 0.6ms
[136.266s][info][gc,heap        ] GC(118) Eden regions: 774->0(929)
[136.266s][info][gc,heap        ] GC(118) Survivor regions: 99->79(113)
[136.266s][info][gc,heap        ] GC(118) Old regions: 226->276
[136.266s][info][gc,heap        ] GC(118) Humongous regions: 32->32
[136.266s][info][gc,metaspace   ] GC(118) Metaspace: 90839K->90839K(1134592K)
[136.266s][info][gc             ] GC(118) Pause Young (Normal) (G1 Evacuation Pause) 1125M->382M(1260M) 126.649ms
[136.266s][info][gc,cpu         ] GC(118) User=0.86s Sys=0.07s Real=0.13s
[138.708s][info][gc,start       ] GC(119) Pause Young (Normal) (G1 Evacuation Pause)
[138.708s][info][gc,task        ] GC(119) Using 8 workers of 8 for evacuation
[138.866s][info][gc,mmu         ] GC(119) MMU target violated: 21.0ms (20.0ms/21.0ms)
[138.866s][info][gc,phases      ] GC(119)   Pre Evacuate Collection Set: 0.0ms
[138.866s][info][gc,phases      ] GC(119)   Evacuate Collection Set: 155.7ms
[138.866s][info][gc,phases      ] GC(119)   Post Evacuate Collection Set: 2.3ms
[138.866s][info][gc,phases      ] GC(119)   Other: 0.6ms
[138.866s][info][gc,heap        ] GC(119) Eden regions: 871->0(1030)
[138.866s][info][gc,heap        ] GC(119) Survivor regions: 79->71(126)
[138.866s][info][gc,heap        ] GC(119) Old regions: 276->322
[138.866s][info][gc,heap        ] GC(119) Humongous regions: 34->34
[138.866s][info][gc,metaspace   ] GC(119) Metaspace: 90852K->90852K(1134592K)
[138.867s][info][gc             ] GC(119) Pause Young (Normal) (G1 Evacuation Pause) 1255M->422M(1377M) 158.653ms
[138.867s][info][gc,cpu         ] GC(119) User=0.82s Sys=0.07s Real=0.16s
[140.787s][info][gc,start       ] GC(120) Pause Young (Normal) (G1 Evacuation Pause)
[140.787s][info][gc,task        ] GC(120) Using 8 workers of 8 for evacuation
[140.875s][info][gc,mmu         ] GC(120) MMU target violated: 21.0ms (20.0ms/21.0ms)
[140.875s][info][gc,phases      ] GC(120)   Pre Evacuate Collection Set: 0.0ms
[140.875s][info][gc,phases      ] GC(120)   Evacuate Collection Set: 84.8ms
[140.875s][info][gc,phases      ] GC(120)   Post Evacuate Collection Set: 3.1ms
[140.875s][info][gc,phases      ] GC(120)   Other: 0.5ms
[140.875s][info][gc,heap        ] GC(120) Eden regions: 946->0(1139)
[140.875s][info][gc,heap        ] GC(120) Survivor regions: 71->89(138)
[140.875s][info][gc,heap        ] GC(120) Old regions: 322->322
[140.875s][info][gc,heap        ] GC(120) Humongous regions: 38->38
[140.875s][info][gc,metaspace   ] GC(120) Metaspace: 90852K->90852K(1134592K)
[140.875s][info][gc             ] GC(120) Pause Young (Normal) (G1 Evacuation Pause) 1372M->444M(1536M) 88.450ms
[140.875s][info][gc,cpu         ] GC(120) User=0.62s Sys=0.04s Real=0.09s
[147.581s][info][gc,start       ] GC(121) Pause Young (Normal) (G1 Evacuation Pause)
[147.581s][info][gc,task        ] GC(121) Using 8 workers of 8 for evacuation
[147.802s][info][gc,mmu         ] GC(121) MMU target violated: 21.0ms (20.0ms/21.0ms)
[147.802s][info][gc,phases      ] GC(121)   Pre Evacuate Collection Set: 0.0ms
[147.802s][info][gc,phases      ] GC(121)   Evacuate Collection Set: 216.9ms
[147.802s][info][gc,phases      ] GC(121)   Post Evacuate Collection Set: 3.5ms
[147.802s][info][gc,phases      ] GC(121)   Other: 0.7ms
[147.802s][info][gc,heap        ] GC(121) Eden regions: 1081->0(1236)
[147.802s][info][gc,heap        ] GC(121) Survivor regions: 89->95(154)
[147.802s][info][gc,heap        ] GC(121) Old regions: 322->355
[147.802s][info][gc,heap        ] GC(121) Humongous regions: 44->44
[147.802s][info][gc,metaspace   ] GC(121) Metaspace: 90878K->90878K(1134592K)
[147.803s][info][gc             ] GC(121) Pause Young (Normal) (G1 Evacuation Pause) 1531M->488M(1664M) 221.263ms
[147.803s][info][gc,cpu         ] GC(121) User=1.03s Sys=0.07s Real=0.22s
[150.850s][info][gc,start       ] GC(122) Pause Young (Normal) (G1 Evacuation Pause)
[150.850s][info][gc,task        ] GC(122) Using 8 workers of 8 for evacuation
[150.975s][info][gc,mmu         ] GC(122) MMU target violated: 21.0ms (20.0ms/21.0ms)
[150.975s][info][gc,phases      ] GC(122)   Pre Evacuate Collection Set: 0.0ms
[150.975s][info][gc,phases      ] GC(122)   Evacuate Collection Set: 121.3ms
[150.975s][info][gc,phases      ] GC(122)   Post Evacuate Collection Set: 3.1ms
[150.975s][info][gc,phases      ] GC(122)   Other: 0.6ms
[150.975s][info][gc,heap        ] GC(122) Eden regions: 1161->0(1341)
[150.975s][info][gc,heap        ] GC(122) Survivor regions: 95->89(167)
[150.975s][info][gc,heap        ] GC(122) Old regions: 355->390
[150.975s][info][gc,heap        ] GC(122) Humongous regions: 53->53
[150.975s][info][gc,metaspace   ] GC(122) Metaspace: 91620K->91620K(1134592K)
[150.975s][info][gc             ] GC(122) Pause Young (Normal) (G1 Evacuation Pause) 1658M->527M(1788M) 125.013ms
[150.975s][info][gc,cpu         ] GC(122) User=0.86s Sys=0.07s Real=0.12s
[152.890s][info][gc,start       ] GC(123) Pause Young (Normal) (G1 Evacuation Pause)
[152.890s][info][gc,task        ] GC(123) Using 8 workers of 8 for evacuation
[153.125s][info][gc,mmu         ] GC(123) MMU target violated: 21.0ms (20.0ms/21.0ms)
[153.125s][info][gc,phases      ] GC(123)   Pre Evacuate Collection Set: 0.1ms
[153.125s][info][gc,phases      ] GC(123)   Evacuate Collection Set: 231.4ms
[153.125s][info][gc,phases      ] GC(123)   Post Evacuate Collection Set: 2.6ms
[153.125s][info][gc,phases      ] GC(123)   Other: 0.6ms
[153.125s][info][gc,heap        ] GC(123) Eden regions: 1256->0(1411)
[153.125s][info][gc,heap        ] GC(123) Survivor regions: 89->94(179)
[153.125s][info][gc,heap        ] GC(123) Old regions: 390->390
[153.125s][info][gc,heap        ] GC(123) Humongous regions: 53->53
[153.125s][info][gc,metaspace   ] GC(123) Metaspace: 91697K->91697K(1134592K)
[153.125s][info][gc             ] GC(123) Pause Young (Normal) (G1 Evacuation Pause) 1783M->532M(1882M) 234.717ms
[153.125s][info][gc,cpu         ] GC(123) User=0.81s Sys=0.08s Real=0.23s
[156.066s][info][gc,start       ] GC(124) Pause Young (Normal) (G1 Evacuation Pause)
[156.066s][info][gc,task        ] GC(124) Using 8 workers of 8 for evacuation
[156.179s][info][gc,mmu         ] GC(124) MMU target violated: 21.0ms (20.0ms/21.0ms)
[156.179s][info][gc,phases      ] GC(124)   Pre Evacuate Collection Set: 0.0ms
[156.179s][info][gc,phases      ] GC(124)   Evacuate Collection Set: 109.7ms
[156.179s][info][gc,phases      ] GC(124)   Post Evacuate Collection Set: 3.1ms
[156.179s][info][gc,phases      ] GC(124)   Other: 0.5ms
[156.179s][info][gc,heap        ] GC(124) Eden regions: 1345->0(1486)
[156.179s][info][gc,heap        ] GC(124) Survivor regions: 94->95(189)
[156.179s][info][gc,heap        ] GC(124) Old regions: 390->390
[156.179s][info][gc,heap        ] GC(124) Humongous regions: 53->53
[156.179s][info][gc,metaspace   ] GC(124) Metaspace: 94465K->94465K(1136640K)
[156.179s][info][gc             ] GC(124) Pause Young (Normal) (G1 Evacuation Pause) 1877M->533M(1977M) 113.340ms
[156.179s][info][gc,cpu         ] GC(124) User=0.60s Sys=0.08s Real=0.11s
[926.071s][info][gc,start       ] GC(125) Pause Young (Normal) (G1 Evacuation Pause)
[926.071s][info][gc,task        ] GC(125) Using 8 workers of 8 for evacuation
[926.289s][info][gc,mmu         ] GC(125) MMU target violated: 21.0ms (20.0ms/21.0ms)
[926.289s][info][gc             ] GC(125) To-space exhausted
[926.289s][info][gc,phases      ] GC(125)   Pre Evacuate Collection Set: 0.1ms
[926.289s][info][gc,phases      ] GC(125)   Evacuate Collection Set: 107.5ms
[926.289s][info][gc,phases      ] GC(125)   Post Evacuate Collection Set: 110.1ms
[926.289s][info][gc,phases      ] GC(125)   Other: 1.3ms
[926.289s][info][gc,heap        ] GC(125) Eden regions: 1439->0(1577)
[926.289s][info][gc,heap        ] GC(125) Survivor regions: 95->23(198)
[926.289s][info][gc,heap        ] GC(125) Old regions: 390->1142
[926.289s][info][gc,heap        ] GC(125) Humongous regions: 53->53
[926.290s][info][gc,metaspace   ] GC(125) Metaspace: 96194K->96194K(1138688K)
[926.290s][info][gc             ] GC(125) Pause Young (Normal) (G1 Evacuation Pause) 1972M->1213M(2000M) 219.329ms
[926.290s][info][gc,cpu         ] GC(125) User=1.60s Sys=0.03s Real=0.22s
[2186.077s][info][gc,start       ] GC(126) Pause Young (Concurrent Start) (G1 Evacuation Pause)
[2186.077s][info][gc,task        ] GC(126) Using 8 workers of 8 for evacuation
[2186.188s][info][gc,mmu         ] GC(126) MMU target violated: 21.0ms (20.0ms/21.0ms)
[2186.188s][info][gc             ] GC(126) To-space exhausted
[2186.188s][info][gc,phases      ] GC(126)   Pre Evacuate Collection Set: 0.6ms
[2186.188s][info][gc,phases      ] GC(126)   Evacuate Collection Set: 65.7ms
[2186.188s][info][gc,phases      ] GC(126)   Post Evacuate Collection Set: 41.9ms
[2186.188s][info][gc,phases      ] GC(126)   Other: 3.1ms
[2186.188s][info][gc,heap        ] GC(126) Eden regions: 782->0(1600)
[2186.188s][info][gc,heap        ] GC(126) Survivor regions: 23->0(200)
[2186.188s][info][gc,heap        ] GC(126) Old regions: 1142->1502
[2186.188s][info][gc,heap        ] GC(126) Humongous regions: 53->53
[2186.188s][info][gc,metaspace   ] GC(126) Metaspace: 96222K->96222K(1138688K)
[2186.188s][info][gc             ] GC(126) Pause Young (Concurrent Start) (G1 Evacuation Pause) 1995M->1550M(2000M) 111.191ms
[2186.188s][info][gc,cpu         ] GC(126) User=0.82s Sys=0.00s Real=0.11s
[2186.188s][info][gc             ] GC(127) Concurrent Cycle
[2186.188s][info][gc,marking     ] GC(127) Concurrent Clear Claimed Marks
[2186.188s][info][gc,marking     ] GC(127) Concurrent Clear Claimed Marks 0.267ms
[2186.188s][info][gc,marking     ] GC(127) Concurrent Scan Root Regions
[2186.188s][info][gc,marking     ] GC(127) Concurrent Scan Root Regions 0.006ms
[2186.188s][info][gc,marking     ] GC(127) Concurrent Mark (2186.188s)
[2186.188s][info][gc,marking     ] GC(127) Concurrent Mark From Roots
[2186.188s][info][gc,task        ] GC(127) Using 2 workers of 2 for marking
[2186.372s][info][gc,marking     ] GC(127) Concurrent Mark From Roots 183.257ms
[2186.372s][info][gc,marking     ] GC(127) Concurrent Preclean
[2186.372s][info][gc,marking     ] GC(127) Concurrent Preclean 0.520ms
[2186.372s][info][gc,marking     ] GC(127) Concurrent Mark (2186.188s, 2186.372s) 183.825ms
[2186.372s][info][gc,start       ] GC(127) Pause Remark
[2186.385s][info][gc,stringtable ] GC(127) Cleaned string and symbol table, strings: 45194 processed, 1219 removed, symbols: 257797 processed, 3509 removed
[2186.386s][info][gc             ] GC(127) Pause Remark 1552M->1308M(2000M) 13.472ms
[2186.386s][info][gc,cpu         ] GC(127) User=0.08s Sys=0.00s Real=0.01s
[2186.386s][info][gc,marking     ] GC(127) Concurrent Rebuild Remembered Sets
[2186.519s][info][gc,marking     ] GC(127) Concurrent Rebuild Remembered Sets 133.025ms
[2186.519s][info][gc,start       ] GC(127) Pause Cleanup
[2186.520s][info][gc             ] GC(127) Pause Cleanup 1309M->1309M(2000M) 0.665ms
[2186.520s][info][gc,cpu         ] GC(127) User=0.01s Sys=0.00s Real=0.01s
[2186.520s][info][gc,marking     ] GC(127) Concurrent Cleanup for Next Mark
[2186.523s][info][gc,marking     ] GC(127) Concurrent Cleanup for Next Mark 2.980ms
[2186.523s][info][gc             ] GC(127) Concurrent Cycle 335.019ms
[3262.516s][info][gc,start       ] GC(128) Pause Young (Prepare Mixed) (G1 Evacuation Pause)
[3262.516s][info][gc,task        ] GC(128) Using 8 workers of 8 for evacuation
[3262.586s][info][gc,mmu         ] GC(128) MMU target violated: 21.0ms (20.0ms/21.0ms)
[3262.586s][info][gc             ] GC(128) To-space exhausted
[3262.586s][info][gc,phases      ] GC(128)   Pre Evacuate Collection Set: 0.1ms
[3262.586s][info][gc,phases      ] GC(128)   Evacuate Collection Set: 14.3ms
[3262.586s][info][gc,phases      ] GC(128)   Post Evacuate Collection Set: 54.4ms
[3262.586s][info][gc,phases      ] GC(128)   Other: 1.7ms
[3262.586s][info][gc,heap        ] GC(128) Eden regions: 692->0(1600)
[3262.586s][info][gc,heap        ] GC(128) Survivor regions: 0->0(200)
[3262.586s][info][gc,heap        ] GC(128) Old regions: 1297->1629
[3262.586s][info][gc,heap        ] GC(128) Humongous regions: 11->11
[3262.586s][info][gc,metaspace   ] GC(128) Metaspace: 95693K->95693K(1138688K)
[3262.586s][info][gc             ] GC(128) Pause Young (Prepare Mixed) (G1 Evacuation Pause) 1998M->1638M(2000M) 70.552ms
[3262.586s][info][gc,cpu         ] GC(128) User=0.49s Sys=0.01s Real=0.07s
[3767.302s][info][gc,start       ] GC(129) Pause Young (Mixed) (G1 Evacuation Pause)
[3767.302s][info][gc,task        ] GC(129) Using 8 workers of 8 for evacuation
[3767.362s][info][gc,mmu         ] GC(129) MMU target violated: 21.0ms (20.0ms/21.0ms)
[3767.362s][info][gc             ] GC(129) To-space exhausted
[3767.362s][info][gc,phases      ] GC(129)   Pre Evacuate Collection Set: 0.3ms
[3767.362s][info][gc,phases      ] GC(129)   Evacuate Collection Set: 10.8ms
[3767.362s][info][gc,phases      ] GC(129)   Post Evacuate Collection Set: 47.4ms
[3767.362s][info][gc,phases      ] GC(129)   Other: 1.2ms
[3767.362s][info][gc,heap        ] GC(129) Eden regions: 360->0(1600)
[3767.362s][info][gc,heap        ] GC(129) Survivor regions: 0->0(200)
[3767.362s][info][gc,heap        ] GC(129) Old regions: 1629->1734
[3767.362s][info][gc,heap        ] GC(129) Humongous regions: 11->11
[3767.362s][info][gc,metaspace   ] GC(129) Metaspace: 96193K->96193K(1138688K)
[3767.362s][info][gc             ] GC(129) Pause Young (Mixed) (G1 Evacuation Pause) 1998M->1743M(2000M) 59.663ms
[3767.362s][info][gc,cpu         ] GC(129) User=0.42s Sys=0.00s Real=0.06s
[4146.062s][info][gc,start       ] GC(130) Pause Young (Mixed) (G1 Evacuation Pause)
[4146.062s][info][gc,task        ] GC(130) Using 8 workers of 8 for evacuation
[4146.109s][info][gc,mmu         ] GC(130) MMU target violated: 21.0ms (20.0ms/21.0ms)
[4146.110s][info][gc             ] GC(130) To-space exhausted
[4146.110s][info][gc,phases      ] GC(130)   Pre Evacuate Collection Set: 0.3ms
[4146.110s][info][gc,phases      ] GC(130)   Evacuate Collection Set: 5.8ms
[4146.110s][info][gc,phases      ] GC(130)   Post Evacuate Collection Set: 40.4ms
[4146.110s][info][gc,phases      ] GC(130)   Other: 1.0ms
[4146.110s][info][gc,heap        ] GC(130) Eden regions: 255->0(1600)
[4146.110s][info][gc,heap        ] GC(130) Survivor regions: 0->0(200)
[4146.110s][info][gc,heap        ] GC(130) Old regions: 1734->1781
[4146.110s][info][gc,heap        ] GC(130) Humongous regions: 11->11
[4146.110s][info][gc,metaspace   ] GC(130) Metaspace: 96248K->96248K(1138688K)
[4146.110s][info][gc             ] GC(130) Pause Young (Mixed) (G1 Evacuation Pause) 1998M->1790M(2000M) 47.491ms
[4146.110s][info][gc,cpu         ] GC(130) User=0.33s Sys=0.01s Real=0.05s
[4446.066s][info][gc,start       ] GC(131) Pause Young (Mixed) (G1 Evacuation Pause)
[4446.066s][info][gc,task        ] GC(131) Using 8 workers of 8 for evacuation
[4446.112s][info][gc,mmu         ] GC(131) MMU target violated: 21.0ms (20.0ms/21.0ms)
[4446.112s][info][gc             ] GC(131) To-space exhausted
[4446.112s][info][gc,phases      ] GC(131)   Pre Evacuate Collection Set: 0.3ms
[4446.112s][info][gc,phases      ] GC(131)   Evacuate Collection Set: 8.1ms
[4446.112s][info][gc,phases      ] GC(131)   Post Evacuate Collection Set: 36.9ms
[4446.112s][info][gc,phases      ] GC(131)   Other: 1.1ms
[4446.112s][info][gc,heap        ] GC(131) Eden regions: 208->0(1600)
[4446.112s][info][gc,heap        ] GC(131) Survivor regions: 0->0(200)
[4446.112s][info][gc,heap        ] GC(131) Old regions: 1781->1906
[4446.112s][info][gc,heap        ] GC(131) Humongous regions: 11->11
[4446.112s][info][gc,metaspace   ] GC(131) Metaspace: 96489K->96489K(1138688K)
[4446.112s][info][gc             ] GC(131) Pause Young (Mixed) (G1 Evacuation Pause) 1998M->1915M(2000M) 46.432ms
[4446.112s][info][gc,cpu         ] GC(131) User=0.30s Sys=0.01s Real=0.05s
[4546.180s][info][gc,start       ] GC(132) Pause Young (Mixed) (G1 Evacuation Pause)
[4546.180s][info][gc,task        ] GC(132) Using 8 workers of 8 for evacuation
[4546.222s][info][gc,mmu         ] GC(132) MMU target violated: 21.0ms (20.0ms/21.0ms)
[4546.222s][info][gc             ] GC(132) To-space exhausted
[4546.222s][info][gc,phases      ] GC(132)   Pre Evacuate Collection Set: 0.3ms
[4546.222s][info][gc,phases      ] GC(132)   Evacuate Collection Set: 5.7ms
[4546.222s][info][gc,phases      ] GC(132)   Post Evacuate Collection Set: 35.4ms
[4546.223s][info][gc,phases      ] GC(132)   Other: 0.9ms
[4546.223s][info][gc,heap        ] GC(132) Eden regions: 83->0(1600)
[4546.223s][info][gc,heap        ] GC(132) Survivor regions: 0->0(200)
[4546.223s][info][gc,heap        ] GC(132) Old regions: 1906->1974
[4546.223s][info][gc,heap        ] GC(132) Humongous regions: 11->11
[4546.223s][info][gc,metaspace   ] GC(132) Metaspace: 96493K->96493K(1138688K)
[4546.223s][info][gc             ] GC(132) Pause Young (Mixed) (G1 Evacuation Pause) 1998M->1983M(2000M) 42.345ms
[4546.223s][info][gc,cpu         ] GC(132) User=0.26s Sys=0.01s Real=0.04s
[4555.703s][info][gc,start       ] GC(133) Pause Young (Mixed) (G1 Evacuation Pause)
[4555.703s][info][gc,task        ] GC(133) Using 8 workers of 8 for evacuation
[4555.716s][info][gc             ] GC(133) To-space exhausted
[4555.716s][info][gc,phases      ] GC(133)   Pre Evacuate Collection Set: 0.2ms
[4555.716s][info][gc,phases      ] GC(133)   Evacuate Collection Set: 6.8ms
[4555.716s][info][gc,phases      ] GC(133)   Post Evacuate Collection Set: 6.2ms
[4555.716s][info][gc,phases      ] GC(133)   Other: 0.7ms
[4555.716s][info][gc,heap        ] GC(133) Eden regions: 15->0(1600)
[4555.716s][info][gc,heap        ] GC(133) Survivor regions: 0->0(200)
[4555.716s][info][gc,heap        ] GC(133) Old regions: 1974->1989
[4555.716s][info][gc,heap        ] GC(133) Humongous regions: 11->11
[4555.716s][info][gc,metaspace   ] GC(133) Metaspace: 96493K->96493K(1138688K)
[4555.716s][info][gc             ] GC(133) Pause Young (Mixed) (G1 Evacuation Pause) 1998M->1998M(2000M) 13.883ms
[4555.717s][info][gc,cpu         ] GC(133) User=0.07s Sys=0.00s Real=0.01s
[4555.717s][info][gc,task        ] GC(134) Using 8 workers of 8 for full compaction
[4555.717s][info][gc,start       ] GC(134) Pause Full (G1 Evacuation Pause)
[4555.719s][info][gc,phases,start] GC(134) Phase 1: Mark live objects
[4555.761s][info][gc,stringtable ] GC(134) Cleaned string and symbol table, strings: 45529 processed, 2087 removed, symbols: 254819 processed, 259 removed
[4555.761s][info][gc,phases      ] GC(134) Phase 1: Mark live objects 42.252ms
[4555.761s][info][gc,phases,start] GC(134) Phase 2: Prepare for compaction
[4555.771s][info][gc,phases      ] GC(134) Phase 2: Prepare for compaction 9.408ms
[4555.771s][info][gc,phases,start] GC(134) Phase 3: Adjust pointers
[4555.789s][info][gc,phases      ] GC(134) Phase 3: Adjust pointers 18.653ms
[4555.790s][info][gc,phases,start] GC(134) Phase 4: Compact heap
[4555.802s][info][gc,phases      ] GC(134) Phase 4: Compact heap 12.441ms
[4555.989s][info][gc,heap        ] GC(134) Eden regions: 0->0(237)
[4555.989s][info][gc,heap        ] GC(134) Survivor regions: 0->0(200)
[4555.989s][info][gc,heap        ] GC(134) Old regions: 1989->78
[4555.989s][info][gc,heap        ] GC(134) Humongous regions: 11->11
[4555.989s][info][gc,metaspace   ] GC(134) Metaspace: 96493K->94436K(1138688K)
[4555.989s][info][gc             ] GC(134) Pause Full (G1 Evacuation Pause) 1998M->83M(297M) 271.881ms
[4555.989s][info][gc,cpu         ] GC(134) User=0.58s Sys=0.18s Real=0.27s
[4808.016s][info][gc,start       ] GC(135) Pause Young (Normal) (G1 Evacuation Pause)
[4808.016s][info][gc,task        ] GC(135) Using 8 workers of 8 for evacuation
[4808.038s][info][gc,mmu         ] GC(135) MMU target violated: 21.0ms (20.0ms/21.0ms)
[4808.039s][info][gc,phases      ] GC(135)   Pre Evacuate Collection Set: 0.0ms
[4808.039s][info][gc,phases      ] GC(135)   Evacuate Collection Set: 15.6ms
[4808.039s][info][gc,phases      ] GC(135)   Post Evacuate Collection Set: 6.5ms
[4808.039s][info][gc,phases      ] GC(135)   Other: 0.8ms
[4808.039s][info][gc,heap        ] GC(135) Eden regions: 208->0(236)
[4808.039s][info][gc,heap        ] GC(135) Survivor regions: 0->6(30)
[4808.039s][info][gc,heap        ] GC(135) Old regions: 78->78
[4808.039s][info][gc,heap        ] GC(135) Humongous regions: 11->11
[4808.039s][info][gc,metaspace   ] GC(135) Metaspace: 95200K->95200K(1138688K)
[4808.039s][info][gc             ] GC(135) Pause Young (Normal) (G1 Evacuation Pause) 291M->88M(303M) 23.077ms
[4808.039s][info][gc,cpu         ] GC(135) User=0.12s Sys=0.01s Real=0.02s
[5146.070s][info][gc,start       ] GC(136) Pause Young (Normal) (G1 Evacuation Pause)
[5146.070s][info][gc,task        ] GC(136) Using 8 workers of 8 for evacuation
[5146.089s][info][gc,phases      ] GC(136)   Pre Evacuate Collection Set: 0.0ms
[5146.089s][info][gc,phases      ] GC(136)   Evacuate Collection Set: 14.2ms
[5146.089s][info][gc,phases      ] GC(136)   Post Evacuate Collection Set: 4.1ms
[5146.089s][info][gc,phases      ] GC(136)   Other: 0.6ms
[5146.089s][info][gc,heap        ] GC(136) Eden regions: 208->0(241)
[5146.089s][info][gc,heap        ] GC(136) Survivor regions: 6->6(31)
[5146.089s][info][gc,heap        ] GC(136) Old regions: 78->78
[5146.089s][info][gc,heap        ] GC(136) Humongous regions: 11->11
[5146.089s][info][gc,metaspace   ] GC(136) Metaspace: 95234K->95234K(1138688K)
[5146.089s][info][gc             ] GC(136) Pause Young (Normal) (G1 Evacuation Pause) 296M->89M(309M) 18.994ms
[5146.089s][info][gc,cpu         ] GC(136) User=0.10s Sys=0.01s Real=0.01s
[5499.426s][info][gc,start       ] GC(137) Pause Young (Normal) (G1 Evacuation Pause)
[5499.426s][info][gc,task        ] GC(137) Using 8 workers of 8 for evacuation
[5499.448s][info][gc,mmu         ] GC(137) MMU target violated: 21.0ms (20.0ms/21.0ms)
[5499.449s][info][gc,phases      ] GC(137)   Pre Evacuate Collection Set: 0.0ms
[5499.449s][info][gc,phases      ] GC(137)   Evacuate Collection Set: 17.9ms
[5499.449s][info][gc,phases      ] GC(137)   Post Evacuate Collection Set: 3.7ms
[5499.449s][info][gc,phases      ] GC(137)   Other: 0.7ms
[5499.449s][info][gc,heap        ] GC(137) Eden regions: 214->0(246)
[5499.449s][info][gc,heap        ] GC(137) Survivor regions: 6->6(31)
[5499.449s][info][gc,heap        ] GC(137) Old regions: 78->78
[5499.449s][info][gc,heap        ] GC(137) Humongous regions: 11->11
[5499.449s][info][gc,metaspace   ] GC(137) Metaspace: 95235K->95235K(1138688K)
[5499.449s][info][gc             ] GC(137) Pause Young (Normal) (G1 Evacuation Pause) 303M->89M(315M) 22.468ms
[5499.449s][info][gc,cpu         ] GC(137) User=0.11s Sys=0.01s Real=0.02s
[5863.160s][info][gc,start       ] GC(138) Pause Young (Normal) (G1 Evacuation Pause)
[5863.160s][info][gc,task        ] GC(138) Using 8 workers of 8 for evacuation
[5863.182s][info][gc,mmu         ] GC(138) MMU target violated: 21.0ms (20.0ms/21.0ms)
[5863.182s][info][gc,phases      ] GC(138)   Pre Evacuate Collection Set: 0.0ms
[5863.183s][info][gc,phases      ] GC(138)   Evacuate Collection Set: 15.0ms
[5863.183s][info][gc,phases      ] GC(138)   Post Evacuate Collection Set: 6.5ms
[5863.183s][info][gc,phases      ] GC(138)   Other: 0.8ms
[5863.183s][info][gc,heap        ] GC(138) Eden regions: 220->0(250)
[5863.183s][info][gc,heap        ] GC(138) Survivor regions: 6->6(32)
[5863.183s][info][gc,heap        ] GC(138) Old regions: 78->78
[5863.183s][info][gc,heap        ] GC(138) Humongous regions: 11->11
[5863.183s][info][gc,metaspace   ] GC(138) Metaspace: 95235K->95235K(1138688K)
[5863.183s][info][gc             ] GC(138) Pause Young (Normal) (G1 Evacuation Pause) 309M->89M(321M) 22.517ms
[5863.183s][info][gc,cpu         ] GC(138) User=0.12s Sys=0.02s Real=0.02s
[6235.702s][info][gc,start       ] GC(139) Pause Young (Normal) (G1 Evacuation Pause)
[6235.702s][info][gc,task        ] GC(139) Using 8 workers of 8 for evacuation
[6235.725s][info][gc,mmu         ] GC(139) MMU target violated: 21.0ms (20.0ms/21.0ms)
[6235.725s][info][gc,phases      ] GC(139)   Pre Evacuate Collection Set: 0.1ms
[6235.725s][info][gc,phases      ] GC(139)   Evacuate Collection Set: 15.9ms
[6235.725s][info][gc,phases      ] GC(139)   Post Evacuate Collection Set: 6.5ms
[6235.725s][info][gc,phases      ] GC(139)   Other: 1.0ms
[6235.725s][info][gc,heap        ] GC(139) Eden regions: 226->0(255)
[6235.725s][info][gc,heap        ] GC(139) Survivor regions: 6->6(32)
[6235.725s][info][gc,heap        ] GC(139) Old regions: 78->78
[6235.725s][info][gc,heap        ] GC(139) Humongous regions: 11->11
[6235.725s][info][gc,metaspace   ] GC(139) Metaspace: 95235K->95235K(1138688K)
[6235.725s][info][gc             ] GC(139) Pause Young (Normal) (G1 Evacuation Pause) 315M->89M(327M) 23.559ms
[6235.726s][info][gc,cpu         ] GC(139) User=0.11s Sys=0.02s Real=0.02s
[6623.160s][info][gc,start       ] GC(140) Pause Young (Normal) (G1 Evacuation Pause)
[6623.160s][info][gc,task        ] GC(140) Using 8 workers of 8 for evacuation
[6623.184s][info][gc,mmu         ] GC(140) MMU target violated: 21.0ms (20.0ms/21.0ms)
[6623.184s][info][gc,phases      ] GC(140)   Pre Evacuate Collection Set: 0.0ms
[6623.184s][info][gc,phases      ] GC(140)   Evacuate Collection Set: 17.3ms
[6623.184s][info][gc,phases      ] GC(140)   Post Evacuate Collection Set: 6.2ms
[6623.184s][info][gc,phases      ] GC(140)   Other: 0.8ms
[6623.184s][info][gc,heap        ] GC(140) Eden regions: 232->0(260)
[6623.184s][info][gc,heap        ] GC(140) Survivor regions: 6->6(33)
[6623.184s][info][gc,heap        ] GC(140) Old regions: 78->78
[6623.184s][info][gc,heap        ] GC(140) Humongous regions: 11->11
[6623.184s][info][gc,metaspace   ] GC(140) Metaspace: 95235K->95235K(1138688K)
[6623.184s][info][gc             ] GC(140) Pause Young (Normal) (G1 Evacuation Pause) 321M->89M(333M) 24.389ms
[6623.184s][info][gc,cpu         ] GC(140) User=0.12s Sys=0.01s Real=0.02s
[7017.302s][info][gc,start       ] GC(141) Pause Young (Normal) (G1 Evacuation Pause)
[7017.302s][info][gc,task        ] GC(141) Using 8 workers of 8 for evacuation
[7017.329s][info][gc,mmu         ] GC(141) MMU target violated: 21.0ms (20.0ms/21.0ms)
[7017.329s][info][gc,phases      ] GC(141)   Pre Evacuate Collection Set: 0.0ms
[7017.329s][info][gc,phases      ] GC(141)   Evacuate Collection Set: 16.2ms
[7017.329s][info][gc,phases      ] GC(141)   Post Evacuate Collection Set: 10.1ms
[7017.329s][info][gc,phases      ] GC(141)   Other: 0.7ms
[7017.329s][info][gc,heap        ] GC(141) Eden regions: 238->0(265)
[7017.329s][info][gc,heap        ] GC(141) Survivor regions: 6->5(34)
[7017.329s][info][gc,heap        ] GC(141) Old regions: 78->78
[7017.329s][info][gc,heap        ] GC(141) Humongous regions: 11->11
[7017.329s][info][gc,metaspace   ] GC(141) Metaspace: 95235K->95235K(1138688K)
[7017.329s][info][gc             ] GC(141) Pause Young (Normal) (G1 Evacuation Pause) 327M->88M(338M) 27.074ms
[7017.329s][info][gc,cpu         ] GC(141) User=0.13s Sys=0.01s Real=0.02s
[7406.066s][info][gc,start       ] GC(142) Pause Young (Normal) (G1 Evacuation Pause)
[7406.066s][info][gc,task        ] GC(142) Using 8 workers of 8 for evacuation
[7406.086s][info][gc,phases      ] GC(142)   Pre Evacuate Collection Set: 0.0ms
[7406.086s][info][gc,phases      ] GC(142)   Evacuate Collection Set: 15.1ms
[7406.086s][info][gc,phases      ] GC(142)   Post Evacuate Collection Set: 3.9ms
[7406.086s][info][gc,phases      ] GC(142)   Other: 0.6ms
[7406.086s][info][gc,heap        ] GC(142) Eden regions: 244->0(269)
[7406.086s][info][gc,heap        ] GC(142) Survivor regions: 5->6(34)
[7406.086s][info][gc,heap        ] GC(142) Old regions: 78->78
[7406.086s][info][gc,heap        ] GC(142) Humongous regions: 11->11
[7406.086s][info][gc,metaspace   ] GC(142) Metaspace: 95474K->95474K(1138688K)
[7406.086s][info][gc             ] GC(142) Pause Young (Normal) (G1 Evacuation Pause) 332M->89M(344M) 19.707ms
[7406.086s][info][gc,cpu         ] GC(142) User=0.10s Sys=0.01s Real=0.02s
[7822.308s][info][gc,start       ] GC(143) Pause Young (Normal) (G1 Evacuation Pause)
[7822.308s][info][gc,task        ] GC(143) Using 8 workers of 8 for evacuation
[7822.335s][info][gc,mmu         ] GC(143) MMU target violated: 21.0ms (20.0ms/21.0ms)
[7822.335s][info][gc,phases      ] GC(143)   Pre Evacuate Collection Set: 0.0ms
[7822.335s][info][gc,phases      ] GC(143)   Evacuate Collection Set: 17.6ms
[7822.335s][info][gc,phases      ] GC(143)   Post Evacuate Collection Set: 9.5ms
[7822.336s][info][gc,phases      ] GC(143)   Other: 0.8ms
[7822.336s][info][gc,heap        ] GC(143) Eden regions: 249->0(274)
[7822.336s][info][gc,heap        ] GC(143) Survivor regions: 6->6(35)
[7822.336s][info][gc,heap        ] GC(143) Old regions: 78->78
[7822.336s][info][gc,heap        ] GC(143) Humongous regions: 11->11
[7822.336s][info][gc,metaspace   ] GC(143) Metaspace: 95474K->95474K(1138688K)
[7822.336s][info][gc             ] GC(143) Pause Young (Normal) (G1 Evacuation Pause) 338M->89M(350M) 28.016ms
[7822.336s][info][gc,cpu         ] GC(143) User=0.15s Sys=0.02s Real=0.03s
[8246.066s][info][gc,start       ] GC(144) Pause Young (Normal) (G1 Evacuation Pause)
[8246.066s][info][gc,task        ] GC(144) Using 8 workers of 8 for evacuation
[8246.088s][info][gc,mmu         ] GC(144) MMU target violated: 21.0ms (20.0ms/21.0ms)
[8246.088s][info][gc,phases      ] GC(144)   Pre Evacuate Collection Set: 0.0ms
[8246.088s][info][gc,phases      ] GC(144)   Evacuate Collection Set: 15.5ms
[8246.088s][info][gc,phases      ] GC(144)   Post Evacuate Collection Set: 6.1ms
[8246.088s][info][gc,phases      ] GC(144)   Other: 0.6ms
[8246.088s][info][gc,heap        ] GC(144) Eden regions: 255->0(278)
[8246.088s][info][gc,heap        ] GC(144) Survivor regions: 6->7(35)
[8246.088s][info][gc,heap        ] GC(144) Old regions: 78->78
[8246.088s][info][gc,heap        ] GC(144) Humongous regions: 11->11
[8246.088s][info][gc,metaspace   ] GC(144) Metaspace: 95474K->95474K(1138688K)
[8246.088s][info][gc             ] GC(144) Pause Young (Normal) (G1 Evacuation Pause) 344M->89M(357M) 22.307ms
[8246.088s][info][gc,cpu         ] GC(144) User=0.12s Sys=0.01s Real=0.02s
[8681.556s][info][gc,start       ] GC(145) Pause Young (Normal) (G1 Evacuation Pause)
[8681.556s][info][gc,task        ] GC(145) Using 8 workers of 8 for evacuation
[8681.576s][info][gc,phases      ] GC(145)   Pre Evacuate Collection Set: 0.0ms
[8681.576s][info][gc,phases      ] GC(145)   Evacuate Collection Set: 14.8ms
[8681.576s][info][gc,phases      ] GC(145)   Post Evacuate Collection Set: 4.8ms
[8681.576s][info][gc,phases      ] GC(145)   Other: 0.6ms
[8681.576s][info][gc,heap        ] GC(145) Eden regions: 261->0(284)
[8681.576s][info][gc,heap        ] GC(145) Survivor regions: 7->6(36)
[8681.576s][info][gc,heap        ] GC(145) Old regions: 78->78
[8681.576s][info][gc,heap        ] GC(145) Humongous regions: 11->11
[8681.576s][info][gc,metaspace   ] GC(145) Metaspace: 95474K->95474K(1138688K)
[8681.577s][info][gc             ] GC(145) Pause Young (Normal) (G1 Evacuation Pause) 350M->89M(363M) 20.488ms
[8681.577s][info][gc,cpu         ] GC(145) User=0.09s Sys=0.01s Real=0.02s
[9126.066s][info][gc,start       ] GC(146) Pause Young (Normal) (G1 Evacuation Pause)
[9126.066s][info][gc,task        ] GC(146) Using 8 workers of 8 for evacuation
[9126.091s][info][gc,mmu         ] GC(146) MMU target violated: 21.0ms (20.0ms/21.0ms)
[9126.091s][info][gc,phases      ] GC(146)   Pre Evacuate Collection Set: 0.0ms
[9126.091s][info][gc,phases      ] GC(146)   Evacuate Collection Set: 18.2ms
[9126.091s][info][gc,phases      ] GC(146)   Post Evacuate Collection Set: 6.5ms
[9126.091s][info][gc,phases      ] GC(146)   Other: 0.7ms
[9126.091s][info][gc,heap        ] GC(146) Eden regions: 268->0(289)
[9126.091s][info][gc,heap        ] GC(146) Survivor regions: 6->6(37)
[9126.091s][info][gc,heap        ] GC(146) Old regions: 78->78
[9126.091s][info][gc,heap        ] GC(146) Humongous regions: 11->11
[9126.091s][info][gc,metaspace   ] GC(146) Metaspace: 95478K->95478K(1138688K)
[9126.091s][info][gc             ] GC(146) Pause Young (Normal) (G1 Evacuation Pause) 357M->89M(369M) 25.554ms
[9126.091s][info][gc,cpu         ] GC(146) User=0.13s Sys=0.01s Real=0.03s
[9583.161s][info][gc,start       ] GC(147) Pause Young (Normal) (G1 Evacuation Pause)
[9583.161s][info][gc,task        ] GC(147) Using 8 workers of 8 for evacuation
[9583.180s][info][gc,phases      ] GC(147)   Pre Evacuate Collection Set: 0.0ms
[9583.180s][info][gc,phases      ] GC(147)   Evacuate Collection Set: 12.2ms
[9583.180s][info][gc,phases      ] GC(147)   Post Evacuate Collection Set: 6.1ms
[9583.180s][info][gc,phases      ] GC(147)   Other: 0.7ms
[9583.180s][info][gc,heap        ] GC(147) Eden regions: 274->0(294)
[9583.181s][info][gc,heap        ] GC(147) Survivor regions: 6->5(37)
[9583.181s][info][gc,heap        ] GC(147) Old regions: 78->78
[9583.181s][info][gc,heap        ] GC(147) Humongous regions: 11->11
[9583.181s][info][gc,metaspace   ] GC(147) Metaspace: 95478K->95478K(1138688K)
[9583.181s][info][gc             ] GC(147) Pause Young (Normal) (G1 Evacuation Pause) 363M->88M(374M) 19.226ms
[9583.181s][info][gc,cpu         ] GC(147) User=0.10s Sys=0.01s Real=0.02s
[10046.073s][info][gc,start       ] GC(148) Pause Young (Normal) (G1 Evacuation Pause)
[10046.073s][info][gc,task        ] GC(148) Using 8 workers of 8 for evacuation
[10046.087s][info][gc,phases      ] GC(148)   Pre Evacuate Collection Set: 0.0ms
[10046.087s][info][gc,phases      ] GC(148)   Evacuate Collection Set: 9.6ms
[10046.087s][info][gc,phases      ] GC(148)   Post Evacuate Collection Set: 4.2ms
[10046.087s][info][gc,phases      ] GC(148)   Other: 0.4ms
[10046.087s][info][gc,heap        ] GC(148) Eden regions: 280->0(298)
[10046.087s][info][gc,heap        ] GC(148) Survivor regions: 5->5(38)
[10046.087s][info][gc,heap        ] GC(148) Old regions: 78->78
[10046.087s][info][gc,heap        ] GC(148) Humongous regions: 11->11
[10046.087s][info][gc,metaspace   ] GC(148) Metaspace: 95478K->95478K(1138688K)
[10046.087s][info][gc             ] GC(148) Pause Young (Normal) (G1 Evacuation Pause) 368M->88M(379M) 14.253ms
[10046.087s][info][gc,cpu         ] GC(148) User=0.06s Sys=0.00s Real=0.01s
[10526.062s][info][gc,start       ] GC(149) Pause Young (Normal) (G1 Evacuation Pause)
[10526.062s][info][gc,task        ] GC(149) Using 8 workers of 8 for evacuation
[10526.082s][info][gc,phases      ] GC(149)   Pre Evacuate Collection Set: 0.0ms
[10526.082s][info][gc,phases      ] GC(149)   Evacuate Collection Set: 12.4ms
[10526.082s][info][gc,phases      ] GC(149)   Post Evacuate Collection Set: 6.6ms
[10526.082s][info][gc,phases      ] GC(149)   Other: 0.6ms
[10526.082s][info][gc,heap        ] GC(149) Eden regions: 285->0(302)
[10526.082s][info][gc,heap        ] GC(149) Survivor regions: 5->5(38)
[10526.082s][info][gc,heap        ] GC(149) Old regions: 78->78
[10526.082s][info][gc,heap        ] GC(149) Humongous regions: 11->11
[10526.082s][info][gc,metaspace   ] GC(149) Metaspace: 95478K->95478K(1138688K)
[10526.082s][info][gc             ] GC(149) Pause Young (Normal) (G1 Evacuation Pause) 373M->88M(384M) 19.628ms
[10526.082s][info][gc,cpu         ] GC(149) User=0.10s Sys=0.00s Real=0.02s
[10982.516s][info][gc,start       ] GC(150) Pause Young (Normal) (G1 Evacuation Pause)
[10982.516s][info][gc,task        ] GC(150) Using 8 workers of 8 for evacuation
[10982.542s][info][gc,mmu         ] GC(150) MMU target violated: 21.0ms (20.0ms/21.0ms)
[10982.542s][info][gc,phases      ] GC(150)   Pre Evacuate Collection Set: 0.0ms
[10982.542s][info][gc,phases      ] GC(150)   Evacuate Collection Set: 18.0ms
[10982.542s][info][gc,phases      ] GC(150)   Post Evacuate Collection Set: 7.5ms
[10982.542s][info][gc,phases      ] GC(150)   Other: 0.7ms
[10982.542s][info][gc,heap        ] GC(150) Eden regions: 290->0(309)
[10982.542s][info][gc,heap        ] GC(150) Survivor regions: 5->3(39)
[10982.542s][info][gc,heap        ] GC(150) Old regions: 78->82
[10982.542s][info][gc,heap        ] GC(150) Humongous regions: 11->11
[10982.542s][info][gc,metaspace   ] GC(150) Metaspace: 95686K->95686K(1138688K)
[10982.542s][info][gc             ] GC(150) Pause Young (Normal) (G1 Evacuation Pause) 378M->89M(391M) 26.484ms
[10982.542s][info][gc,cpu         ] GC(150) User=0.12s Sys=0.02s Real=0.03s
[11466.074s][info][gc,start       ] GC(151) Pause Young (Normal) (G1 Evacuation Pause)
[11466.074s][info][gc,task        ] GC(151) Using 8 workers of 8 for evacuation
[11466.090s][info][gc,phases      ] GC(151)   Pre Evacuate Collection Set: 0.1ms
[11466.090s][info][gc,phases      ] GC(151)   Evacuate Collection Set: 8.0ms
[11466.090s][info][gc,phases      ] GC(151)   Post Evacuate Collection Set: 7.2ms
[11466.090s][info][gc,phases      ] GC(151)   Other: 0.6ms
[11466.090s][info][gc,heap        ] GC(151) Eden regions: 295->0(313)
[11466.090s][info][gc,heap        ] GC(151) Survivor regions: 3->3(39)
[11466.090s][info][gc,heap        ] GC(151) Old regions: 82->83
[11466.090s][info][gc,heap        ] GC(151) Humongous regions: 11->11
[11466.090s][info][gc,metaspace   ] GC(151) Metaspace: 95716K->95716K(1138688K)
[11466.090s][info][gc             ] GC(151) Pause Young (Normal) (G1 Evacuation Pause) 384M->90M(395M) 15.938ms
[11466.090s][info][gc,cpu         ] GC(151) User=0.08s Sys=0.00s Real=0.02s
[11966.067s][info][gc,start       ] GC(152) Pause Young (Normal) (G1 Evacuation Pause)
[11966.067s][info][gc,task        ] GC(152) Using 8 workers of 8 for evacuation
[11966.081s][info][gc,phases      ] GC(152)   Pre Evacuate Collection Set: 0.0ms
[11966.081s][info][gc,phases      ] GC(152)   Evacuate Collection Set: 9.6ms
[11966.081s][info][gc,phases      ] GC(152)   Post Evacuate Collection Set: 4.2ms
[11966.081s][info][gc,phases      ] GC(152)   Other: 0.6ms
[11966.081s][info][gc,heap        ] GC(152) Eden regions: 298->0(315)
[11966.081s][info][gc,heap        ] GC(152) Survivor regions: 3->3(40)
[11966.081s][info][gc,heap        ] GC(152) Old regions: 83->83
[11966.081s][info][gc,heap        ] GC(152) Humongous regions: 11->11
[11966.081s][info][gc,metaspace   ] GC(152) Metaspace: 95716K->95716K(1138688K)
[11966.081s][info][gc             ] GC(152) Pause Young (Normal) (G1 Evacuation Pause) 388M->90M(398M) 14.668ms
[11966.082s][info][gc,cpu         ] GC(152) User=0.07s Sys=0.00s Real=0.02s
[12466.071s][info][gc,start       ] GC(153) Pause Young (Normal) (G1 Evacuation Pause)
[12466.071s][info][gc,task        ] GC(153) Using 8 workers of 8 for evacuation
[12466.083s][info][gc,phases      ] GC(153)   Pre Evacuate Collection Set: 0.0ms
[12466.083s][info][gc,phases      ] GC(153)   Evacuate Collection Set: 7.5ms
[12466.083s][info][gc,phases      ] GC(153)   Post Evacuate Collection Set: 4.2ms
[12466.083s][info][gc,phases      ] GC(153)   Other: 0.6ms
[12466.083s][info][gc,heap        ] GC(153) Eden regions: 301->0(317)
[12466.083s][info][gc,heap        ] GC(153) Survivor regions: 3->3(40)
[12466.083s][info][gc,heap        ] GC(153) Old regions: 83->83
[12466.083s][info][gc,heap        ] GC(153) Humongous regions: 11->11
[12466.083s][info][gc,metaspace   ] GC(153) Metaspace: 95716K->95716K(1138688K)
[12466.083s][info][gc             ] GC(153) Pause Young (Normal) (G1 Evacuation Pause) 391M->90M(401M) 12.486ms
[12466.083s][info][gc,cpu         ] GC(153) User=0.05s Sys=0.01s Real=0.01s
[12972.307s][info][gc,start       ] GC(154) Pause Young (Normal) (G1 Evacuation Pause)
[12972.307s][info][gc,task        ] GC(154) Using 8 workers of 8 for evacuation
[12972.318s][info][gc,phases      ] GC(154)   Pre Evacuate Collection Set: 0.0ms
[12972.318s][info][gc,phases      ] GC(154)   Evacuate Collection Set: 4.7ms
[12972.318s][info][gc,phases      ] GC(154)   Post Evacuate Collection Set: 6.1ms
[12972.318s][info][gc,phases      ] GC(154)   Other: 0.6ms
[12972.318s][info][gc,heap        ] GC(154) Eden regions: 304->0(320)
[12972.318s][info][gc,heap        ] GC(154) Survivor regions: 3->2(40)
[12972.318s][info][gc,heap        ] GC(154) Old regions: 83->83
[12972.318s][info][gc,heap        ] GC(154) Humongous regions: 11->11
[12972.318s][info][gc,metaspace   ] GC(154) Metaspace: 95717K->95717K(1138688K)
[12972.318s][info][gc             ] GC(154) Pause Young (Normal) (G1 Evacuation Pause) 394M->89M(403M) 11.627ms
[12972.319s][info][gc,cpu         ] GC(154) User=0.05s Sys=0.01s Real=0.01s
[13486.070s][info][gc,start       ] GC(155) Pause Young (Normal) (G1 Evacuation Pause)
[13486.070s][info][gc,task        ] GC(155) Using 8 workers of 8 for evacuation
[13486.084s][info][gc,phases      ] GC(155)   Pre Evacuate Collection Set: 0.0ms
[13486.084s][info][gc,phases      ] GC(155)   Evacuate Collection Set: 3.9ms
[13486.084s][info][gc,phases      ] GC(155)   Post Evacuate Collection Set: 8.7ms
[13486.084s][info][gc,phases      ] GC(155)   Other: 0.7ms
[13486.084s][info][gc,heap        ] GC(155) Eden regions: 307->0(322)
[13486.084s][info][gc,heap        ] GC(155) Survivor regions: 2->1(41)
[13486.084s][info][gc,heap        ] GC(155) Old regions: 83->83
[13486.084s][info][gc,heap        ] GC(155) Humongous regions: 11->11
[13486.084s][info][gc,metaspace   ] GC(155) Metaspace: 95717K->95717K(1138688K)
[13486.084s][info][gc             ] GC(155) Pause Young (Normal) (G1 Evacuation Pause) 396M->88M(404M) 13.611ms
[13486.084s][info][gc,cpu         ] GC(155) User=0.06s Sys=0.00s Real=0.01s
[14003.873s][info][gc,start       ] GC(156) Pause Young (Normal) (G1 Evacuation Pause)
[14003.873s][info][gc,task        ] GC(156) Using 8 workers of 8 for evacuation
[14003.887s][info][gc,phases      ] GC(156)   Pre Evacuate Collection Set: 0.0ms
[14003.887s][info][gc,phases      ] GC(156)   Evacuate Collection Set: 7.1ms
[14003.887s][info][gc,phases      ] GC(156)   Post Evacuate Collection Set: 6.2ms
[14003.887s][info][gc,phases      ] GC(156)   Other: 0.6ms
[14003.887s][info][gc,heap        ] GC(156) Eden regions: 309->0(323)
[14003.887s][info][gc,heap        ] GC(156) Survivor regions: 1->1(41)
[14003.888s][info][gc,heap        ] GC(156) Old regions: 83->83
[14003.888s][info][gc,heap        ] GC(156) Humongous regions: 11->11
[14003.888s][info][gc,metaspace   ] GC(156) Metaspace: 95727K->95727K(1138688K)
[14003.888s][info][gc             ] GC(156) Pause Young (Normal) (G1 Evacuation Pause) 397M->88M(405M) 14.238ms
[14003.888s][info][gc,cpu         ] GC(156) User=0.05s Sys=0.01s Real=0.01s
[14507.376s][info][gc,start       ] GC(157) Pause Young (Normal) (G1 Evacuation Pause)
[14507.376s][info][gc,task        ] GC(157) Using 8 workers of 8 for evacuation
[14507.381s][info][gc,phases      ] GC(157)   Pre Evacuate Collection Set: 0.0ms
[14507.381s][info][gc,phases      ] GC(157)   Evacuate Collection Set: 2.2ms
[14507.381s][info][gc,phases      ] GC(157)   Post Evacuate Collection Set: 2.6ms
[14507.381s][info][gc,phases      ] GC(157)   Other: 0.3ms
[14507.381s][info][gc,heap        ] GC(157) Eden regions: 310->0(323)
[14507.381s][info][gc,heap        ] GC(157) Survivor regions: 1->1(41)
[14507.381s][info][gc,heap        ] GC(157) Old regions: 83->83
[14507.381s][info][gc,heap        ] GC(157) Humongous regions: 11->11
[14507.381s][info][gc,metaspace   ] GC(157) Metaspace: 95759K->95759K(1138688K)
[14507.381s][info][gc             ] GC(157) Pause Young (Normal) (G1 Evacuation Pause) 398M->89M(406M) 5.194ms
[14507.381s][info][gc,cpu         ] GC(157) User=0.03s Sys=0.00s Real=0.01s
[15007.390s][info][gc,start       ] GC(158) Pause Young (Normal) (G1 Evacuation Pause)
[15007.390s][info][gc,task        ] GC(158) Using 8 workers of 8 for evacuation
[15007.401s][info][gc,phases      ] GC(158)   Pre Evacuate Collection Set: 0.0ms
[15007.402s][info][gc,phases      ] GC(158)   Evacuate Collection Set: 6.9ms
[15007.402s][info][gc,phases      ] GC(158)   Post Evacuate Collection Set: 3.9ms
[15007.402s][info][gc,phases      ] GC(158)   Other: 0.7ms
[15007.402s][info][gc,heap        ] GC(158) Eden regions: 311->0(324)
[15007.402s][info][gc,heap        ] GC(158) Survivor regions: 1->2(41)
[15007.402s][info][gc,heap        ] GC(158) Old regions: 83->83
[15007.402s][info][gc,heap        ] GC(158) Humongous regions: 11->11
[15007.402s][info][gc,metaspace   ] GC(158) Metaspace: 95881K->95881K(1138688K)
[15007.402s][info][gc             ] GC(158) Pause Young (Normal) (G1 Evacuation Pause) 400M->89M(408M) 11.809ms
[15007.402s][info][gc,cpu         ] GC(158) User=0.05s Sys=0.01s Real=0.01s
[15528.181s][info][gc,start       ] GC(159) Pause Young (Normal) (G1 Evacuation Pause)
[15528.181s][info][gc,task        ] GC(159) Using 8 workers of 8 for evacuation
[15528.193s][info][gc,phases      ] GC(159)   Pre Evacuate Collection Set: 0.0ms
[15528.193s][info][gc,phases      ] GC(159)   Evacuate Collection Set: 5.5ms
[15528.193s][info][gc,phases      ] GC(159)   Post Evacuate Collection Set: 6.2ms
[15528.193s][info][gc,phases      ] GC(159)   Other: 0.6ms
[15528.193s][info][gc,heap        ] GC(159) Eden regions: 312->0(326)
[15528.193s][info][gc,heap        ] GC(159) Survivor regions: 2->2(41)
[15528.193s][info][gc,heap        ] GC(159) Old regions: 83->83
[15528.193s][info][gc,heap        ] GC(159) Humongous regions: 11->11
[15528.193s][info][gc,metaspace   ] GC(159) Metaspace: 95881K->95881K(1138688K)
[15528.193s][info][gc             ] GC(159) Pause Young (Normal) (G1 Evacuation Pause) 401M->90M(410M) 12.596ms
[15528.194s][info][gc,cpu         ] GC(159) User=0.05s Sys=0.01s Real=0.01s
[16057.307s][info][gc,start       ] GC(160) Pause Young (Normal) (G1 Evacuation Pause)
[16057.307s][info][gc,task        ] GC(160) Using 8 workers of 8 for evacuation
[16057.318s][info][gc,phases      ] GC(160)   Pre Evacuate Collection Set: 0.0ms
[16057.318s][info][gc,phases      ] GC(160)   Evacuate Collection Set: 5.3ms
[16057.318s][info][gc,phases      ] GC(160)   Post Evacuate Collection Set: 5.8ms
[16057.318s][info][gc,phases      ] GC(160)   Other: 0.6ms
[16057.319s][info][gc,heap        ] GC(160) Eden regions: 314->0(327)
[16057.319s][info][gc,heap        ] GC(160) Survivor regions: 2->2(41)
[16057.319s][info][gc,heap        ] GC(160) Old regions: 83->83
[16057.319s][info][gc,heap        ] GC(160) Humongous regions: 11->11
[16057.319s][info][gc,metaspace   ] GC(160) Metaspace: 95881K->95881K(1138688K)
[16057.319s][info][gc             ] GC(160) Pause Young (Normal) (G1 Evacuation Pause) 404M->90M(412M) 11.914ms
[16057.319s][info][gc,cpu         ] GC(160) User=0.06s Sys=0.00s Real=0.01s
[16586.067s][info][gc,start       ] GC(161) Pause Young (Normal) (G1 Evacuation Pause)
[16586.067s][info][gc,task        ] GC(161) Using 8 workers of 8 for evacuation
[16586.080s][info][gc,phases      ] GC(161)   Pre Evacuate Collection Set: 0.1ms
[16586.080s][info][gc,phases      ] GC(161)   Evacuate Collection Set: 6.0ms
[16586.080s][info][gc,phases      ] GC(161)   Post Evacuate Collection Set: 6.2ms
[16586.080s][info][gc,phases      ] GC(161)   Other: 0.8ms
[16586.080s][info][gc,heap        ] GC(161) Eden regions: 316->0(329)
[16586.080s][info][gc,heap        ] GC(161) Survivor regions: 2->2(42)
[16586.080s][info][gc,heap        ] GC(161) Old regions: 83->83
[16586.080s][info][gc,heap        ] GC(161) Humongous regions: 11->11
[16586.080s][info][gc,metaspace   ] GC(161) Metaspace: 95881K->95881K(1138688K)
[16586.080s][info][gc             ] GC(161) Pause Young (Normal) (G1 Evacuation Pause) 406M->90M(414M) 13.297ms
[16586.080s][info][gc,cpu         ] GC(161) User=0.06s Sys=0.00s Real=0.02s
[17115.703s][info][gc,start       ] GC(162) Pause Young (Normal) (G1 Evacuation Pause)
[17115.703s][info][gc,task        ] GC(162) Using 8 workers of 8 for evacuation
[17115.717s][info][gc,phases      ] GC(162)   Pre Evacuate Collection Set: 0.0ms
[17115.717s][info][gc,phases      ] GC(162)   Evacuate Collection Set: 6.7ms
[17115.717s][info][gc,phases      ] GC(162)   Post Evacuate Collection Set: 6.6ms
[17115.717s][info][gc,phases      ] GC(162)   Other: 0.6ms
[17115.717s][info][gc,heap        ] GC(162) Eden regions: 318->0(331)
[17115.717s][info][gc,heap        ] GC(162) Survivor regions: 2->1(42)
[17115.717s][info][gc,heap        ] GC(162) Old regions: 83->83
[17115.717s][info][gc,heap        ] GC(162) Humongous regions: 11->11
[17115.717s][info][gc,metaspace   ] GC(162) Metaspace: 95881K->95881K(1138688K)
[17115.717s][info][gc             ] GC(162) Pause Young (Normal) (G1 Evacuation Pause) 408M->89M(415M) 13.971ms
[17115.717s][info][gc,cpu         ] GC(162) User=0.07s Sys=0.00s Real=0.01s
[17646.078s][info][gc,start       ] GC(163) Pause Young (Normal) (G1 Evacuation Pause)
[17646.078s][info][gc,task        ] GC(163) Using 8 workers of 8 for evacuation
[17646.086s][info][gc,phases      ] GC(163)   Pre Evacuate Collection Set: 0.0ms
[17646.086s][info][gc,phases      ] GC(163)   Evacuate Collection Set: 3.2ms
[17646.086s][info][gc,phases      ] GC(163)   Post Evacuate Collection Set: 4.1ms
[17646.086s][info][gc,phases      ] GC(163)   Other: 0.6ms
[17646.086s][info][gc,heap        ] GC(163) Eden regions: 320->0(331)
[17646.086s][info][gc,heap        ] GC(163) Survivor regions: 1->1(42)
[17646.086s][info][gc,heap        ] GC(163) Old regions: 83->83
[17646.086s][info][gc,heap        ] GC(163) Humongous regions: 11->11
[17646.086s][info][gc,metaspace   ] GC(163) Metaspace: 95881K->95881K(1138688K)
[17646.086s][info][gc             ] GC(163) Pause Young (Normal) (G1 Evacuation Pause) 409M->88M(416M) 8.241ms
[17646.086s][info][gc,cpu         ] GC(163) User=0.03s Sys=0.00s Real=0.01s
[18162.637s][info][gc,start       ] GC(164) Pause Young (Normal) (G1 Evacuation Pause)
[18162.637s][info][gc,task        ] GC(164) Using 8 workers of 8 for evacuation
[18162.648s][info][gc,phases      ] GC(164)   Pre Evacuate Collection Set: 0.0ms
[18162.648s][info][gc,phases      ] GC(164)   Evacuate Collection Set: 5.7ms
[18162.648s][info][gc,phases      ] GC(164)   Post Evacuate Collection Set: 4.9ms
[18162.648s][info][gc,phases      ] GC(164)   Other: 0.6ms
[18162.648s][info][gc,heap        ] GC(164) Eden regions: 321->0(332)
[18162.648s][info][gc,heap        ] GC(164) Survivor regions: 1->2(42)
[18162.648s][info][gc,heap        ] GC(164) Old regions: 83->83
[18162.648s][info][gc,heap        ] GC(164) Humongous regions: 11->11
[18162.648s][info][gc,metaspace   ] GC(164) Metaspace: 96060K->96060K(1138688K)
[18162.648s][info][gc             ] GC(164) Pause Young (Normal) (G1 Evacuation Pause) 409M->90M(418M) 11.592ms
[18162.648s][info][gc,cpu         ] GC(164) User=0.05s Sys=0.00s Real=0.01s
[18626.064s][info][gc,start       ] GC(165) Pause Young (Normal) (G1 Evacuation Pause)
[18626.064s][info][gc,task        ] GC(165) Using 8 workers of 8 for evacuation
[18626.083s][info][gc,phases      ] GC(165)   Pre Evacuate Collection Set: 0.0ms
[18626.083s][info][gc,phases      ] GC(165)   Evacuate Collection Set: 12.9ms
[18626.083s][info][gc,phases      ] GC(165)   Post Evacuate Collection Set: 4.9ms
[18626.083s][info][gc,phases      ] GC(165)   Other: 0.7ms
[18626.083s][info][gc,heap        ] GC(165) Eden regions: 322->0(333)
[18626.083s][info][gc,heap        ] GC(165) Survivor regions: 2->5(42)
[18626.083s][info][gc,heap        ] GC(165) Old regions: 83->83
[18626.083s][info][gc,heap        ] GC(165) Humongous regions: 11->11
[18626.083s][info][gc,metaspace   ] GC(165) Metaspace: 96592K->96592K(1138688K)
[18626.083s][info][gc             ] GC(165) Pause Young (Normal) (G1 Evacuation Pause) 412M->92M(423M) 18.783ms
[18626.083s][info][gc,cpu         ] GC(165) User=0.09s Sys=0.01s Real=0.02s
[19166.068s][info][gc,start       ] GC(166) Pause Young (Normal) (G1 Evacuation Pause)
[19166.068s][info][gc,task        ] GC(166) Using 8 workers of 8 for evacuation
[19166.086s][info][gc,phases      ] GC(166)   Pre Evacuate Collection Set: 0.0ms
[19166.086s][info][gc,phases      ] GC(166)   Evacuate Collection Set: 13.6ms
[19166.086s][info][gc,phases      ] GC(166)   Post Evacuate Collection Set: 3.7ms
[19166.086s][info][gc,phases      ] GC(166)   Other: 0.7ms
[19166.086s][info][gc,heap        ] GC(166) Eden regions: 324->0(337)
[19166.086s][info][gc,heap        ] GC(166) Survivor regions: 5->5(43)
[19166.086s][info][gc,heap        ] GC(166) Old regions: 83->83
[19166.086s][info][gc,heap        ] GC(166) Humongous regions: 11->11
[19166.086s][info][gc,metaspace   ] GC(166) Metaspace: 96594K->96594K(1138688K)
[19166.086s][info][gc             ] GC(166) Pause Young (Normal) (G1 Evacuation Pause) 416M->93M(428M) 18.059ms
[19166.086s][info][gc,cpu         ] GC(166) User=0.09s Sys=0.00s Real=0.02s
[19712.485s][info][gc,start       ] GC(167) Pause Young (Normal) (G1 Evacuation Pause)
[19712.486s][info][gc,task        ] GC(167) Using 8 workers of 8 for evacuation
[19712.505s][info][gc,phases      ] GC(167)   Pre Evacuate Collection Set: 0.0ms
[19712.506s][info][gc,phases      ] GC(167)   Evacuate Collection Set: 12.9ms
[19712.506s][info][gc,phases      ] GC(167)   Post Evacuate Collection Set: 6.5ms
[19712.506s][info][gc,phases      ] GC(167)   Other: 0.7ms
[19712.506s][info][gc,heap        ] GC(167) Eden regions: 329->0(341)
[19712.506s][info][gc,heap        ] GC(167) Survivor regions: 5->5(43)
[19712.506s][info][gc,heap        ] GC(167) Old regions: 83->83
[19712.506s][info][gc,heap        ] GC(167) Humongous regions: 11->11
[19712.506s][info][gc,metaspace   ] GC(167) Metaspace: 96594K->96594K(1138688K)
[19712.506s][info][gc             ] GC(167) Pause Young (Normal) (G1 Evacuation Pause) 422M->92M(433M) 20.373ms
[19712.506s][info][gc,cpu         ] GC(167) User=0.10s Sys=0.01s Real=0.02s
[20270.031s][info][gc,start       ] GC(168) Pause Young (Normal) (G1 Evacuation Pause)
[20270.032s][info][gc,task        ] GC(168) Using 8 workers of 8 for evacuation
[20270.051s][info][gc,phases      ] GC(168)   Pre Evacuate Collection Set: 0.0ms
[20270.051s][info][gc,phases      ] GC(168)   Evacuate Collection Set: 10.4ms
[20270.051s][info][gc,phases      ] GC(168)   Post Evacuate Collection Set: 8.6ms
[20270.051s][info][gc,phases      ] GC(168)   Other: 0.6ms
[20270.051s][info][gc,heap        ] GC(168) Eden regions: 334->0(345)
[20270.051s][info][gc,heap        ] GC(168) Survivor regions: 5->4(44)
[20270.051s][info][gc,heap        ] GC(168) Old regions: 83->83
[20270.051s][info][gc,heap        ] GC(168) Humongous regions: 11->11
[20270.051s][info][gc,metaspace   ] GC(168) Metaspace: 96594K->96594K(1138688K)
[20270.051s][info][gc             ] GC(168) Pause Young (Normal) (G1 Evacuation Pause) 426M->92M(437M) 19.841ms
[20270.051s][info][gc,cpu         ] GC(168) User=0.09s Sys=0.01s Real=0.02s
[20837.307s][info][gc,start       ] GC(169) Pause Young (Normal) (G1 Evacuation Pause)
[20837.307s][info][gc,task        ] GC(169) Using 8 workers of 8 for evacuation
[20837.320s][info][gc,phases      ] GC(169)   Pre Evacuate Collection Set: 0.0ms
[20837.320s][info][gc,phases      ] GC(169)   Evacuate Collection Set: 5.3ms
[20837.320s][info][gc,phases      ] GC(169)   Post Evacuate Collection Set: 7.1ms
[20837.320s][info][gc,phases      ] GC(169)   Other: 0.6ms
[20837.320s][info][gc,heap        ] GC(169) Eden regions: 339->0(349)
[20837.320s][info][gc,heap        ] GC(169) Survivor regions: 4->2(44)
[20837.320s][info][gc,heap        ] GC(169) Old regions: 83->83
[20837.320s][info][gc,heap        ] GC(169) Humongous regions: 11->11
[20837.320s][info][gc,metaspace   ] GC(169) Metaspace: 96594K->96594K(1138688K)
[20837.320s][info][gc             ] GC(169) Pause Young (Normal) (G1 Evacuation Pause) 431M->89M(439M) 13.390ms
[20837.320s][info][gc,cpu         ] GC(169) User=0.06s Sys=0.00s Real=0.02s
[21406.081s][info][gc,start       ] GC(170) Pause Young (Normal) (G1 Evacuation Pause)
[21406.081s][info][gc,task        ] GC(170) Using 8 workers of 8 for evacuation
[21406.094s][info][gc,phases      ] GC(170)   Pre Evacuate Collection Set: 0.0ms
[21406.094s][info][gc,phases      ] GC(170)   Evacuate Collection Set: 5.0ms
[21406.094s][info][gc,phases      ] GC(170)   Post Evacuate Collection Set: 8.0ms
[21406.094s][info][gc,phases      ] GC(170)   Other: 0.6ms
[21406.094s][info][gc,heap        ] GC(170) Eden regions: 343->0(350)
[21406.094s][info][gc,heap        ] GC(170) Survivor regions: 2->2(44)
[21406.094s][info][gc,heap        ] GC(170) Old regions: 83->83
[21406.094s][info][gc,heap        ] GC(170) Humongous regions: 11->11
[21406.094s][info][gc,metaspace   ] GC(170) Metaspace: 96594K->96594K(1138688K)
[21406.094s][info][gc             ] GC(170) Pause Young (Normal) (G1 Evacuation Pause) 432M->89M(441M) 13.678ms
[21406.095s][info][gc,cpu         ] GC(170) User=0.07s Sys=0.00s Real=0.01s
[21962.337s][info][gc,start       ] GC(171) Pause Young (Normal) (G1 Evacuation Pause)
[21962.337s][info][gc,task        ] GC(171) Using 8 workers of 8 for evacuation
[21962.352s][info][gc,phases      ] GC(171)   Pre Evacuate Collection Set: 0.1ms
[21962.352s][info][gc,phases      ] GC(171)   Evacuate Collection Set: 8.1ms
[21962.352s][info][gc,phases      ] GC(171)   Post Evacuate Collection Set: 5.3ms
[21962.352s][info][gc,phases      ] GC(171)   Other: 0.8ms
[21962.352s][info][gc,heap        ] GC(171) Eden regions: 345->0(352)
[21962.352s][info][gc,heap        ] GC(171) Survivor regions: 2->3(44)
[21962.352s][info][gc,heap        ] GC(171) Old regions: 83->83
[21962.352s][info][gc,heap        ] GC(171) Humongous regions: 11->11
[21962.352s][info][gc,metaspace   ] GC(171) Metaspace: 96750K->96750K(1140736K)
[21962.352s][info][gc             ] GC(171) Pause Young (Normal) (G1 Evacuation Pause) 434M->90M(444M) 14.561ms
[21962.352s][info][gc,cpu         ] GC(171) User=0.06s Sys=0.01s Real=0.02s
[22541.349s][info][gc,start       ] GC(172) Pause Young (Normal) (G1 Evacuation Pause)
[22541.349s][info][gc,task        ] GC(172) Using 8 workers of 8 for evacuation
[22541.368s][info][gc,phases      ] GC(172)   Pre Evacuate Collection Set: 0.1ms
[22541.368s][info][gc,phases      ] GC(172)   Evacuate Collection Set: 8.6ms
[22541.368s][info][gc,phases      ] GC(172)   Post Evacuate Collection Set: 9.6ms
[22541.368s][info][gc,phases      ] GC(172)   Other: 0.6ms
[22541.368s][info][gc,heap        ] GC(172) Eden regions: 347->0(354)
[22541.368s][info][gc,heap        ] GC(172) Survivor regions: 3->3(45)
[22541.368s][info][gc,heap        ] GC(172) Old regions: 83->83
[22541.368s][info][gc,heap        ] GC(172) Humongous regions: 11->11
[22541.368s][info][gc,metaspace   ] GC(172) Metaspace: 96750K->96750K(1140736K)
[22541.368s][info][gc             ] GC(172) Pause Young (Normal) (G1 Evacuation Pause) 437M->91M(447M) 19.045ms
[22541.368s][info][gc,cpu         ] GC(172) User=0.10s Sys=0.00s Real=0.02s
[23125.704s][info][gc,start       ] GC(173) Pause Young (Normal) (G1 Evacuation Pause)
[23125.704s][info][gc,task        ] GC(173) Using 8 workers of 8 for evacuation
[23125.721s][info][gc,phases      ] GC(173)   Pre Evacuate Collection Set: 0.0ms
[23125.721s][info][gc,phases      ] GC(173)   Evacuate Collection Set: 8.3ms
[23125.721s][info][gc,phases      ] GC(173)   Post Evacuate Collection Set: 8.0ms
[23125.721s][info][gc,phases      ] GC(173)   Other: 0.7ms
[23125.721s][info][gc,heap        ] GC(173) Eden regions: 350->0(357)
[23125.721s][info][gc,heap        ] GC(173) Survivor regions: 3->3(45)
[23125.721s][info][gc,heap        ] GC(173) Old regions: 83->83
[23125.721s][info][gc,heap        ] GC(173) Humongous regions: 11->11
[23125.721s][info][gc,metaspace   ] GC(173) Metaspace: 96750K->96750K(1140736K)
[23125.721s][info][gc             ] GC(173) Pause Young (Normal) (G1 Evacuation Pause) 441M->91M(450M) 17.267ms
[23125.722s][info][gc,cpu         ] GC(173) User=0.08s Sys=0.01s Real=0.02s
[23707.307s][info][gc,start       ] GC(174) Pause Young (Normal) (G1 Evacuation Pause)
[23707.307s][info][gc,task        ] GC(174) Using 8 workers of 8 for evacuation
[23707.330s][info][gc,mmu         ] GC(174) MMU target violated: 21.0ms (20.0ms/21.0ms)
[23707.331s][info][gc,phases      ] GC(174)   Pre Evacuate Collection Set: 0.0ms
[23707.331s][info][gc,phases      ] GC(174)   Evacuate Collection Set: 13.2ms
[23707.331s][info][gc,phases      ] GC(174)   Post Evacuate Collection Set: 9.8ms
[23707.331s][info][gc,phases      ] GC(174)   Other: 0.7ms
[23707.331s][info][gc,heap        ] GC(174) Eden regions: 353->0(359)
[23707.331s][info][gc,heap        ] GC(174) Survivor regions: 3->3(45)
[23707.331s][info][gc,heap        ] GC(174) Old regions: 83->83
[23707.331s][info][gc,heap        ] GC(174) Humongous regions: 11->11
[23707.331s][info][gc,metaspace   ] GC(174) Metaspace: 96750K->96750K(1140736K)
[23707.331s][info][gc             ] GC(174) Pause Young (Normal) (G1 Evacuation Pause) 444M->91M(453M) 23.952ms
[23707.331s][info][gc,cpu         ] GC(174) User=0.11s Sys=0.01s Real=0.03s
[24306.069s][info][gc,start       ] GC(175) Pause Young (Normal) (G1 Evacuation Pause)
[24306.069s][info][gc,task        ] GC(175) Using 8 workers of 8 for evacuation
[24306.086s][info][gc,phases      ] GC(175)   Pre Evacuate Collection Set: 0.0ms
[24306.086s][info][gc,phases      ] GC(175)   Evacuate Collection Set: 6.1ms
[24306.086s][info][gc,phases      ] GC(175)   Post Evacuate Collection Set: 9.5ms
[24306.086s][info][gc,phases      ] GC(175)   Other: 0.7ms
[24306.086s][info][gc,heap        ] GC(175) Eden regions: 356->0(362)
[24306.086s][info][gc,heap        ] GC(175) Survivor regions: 3->2(46)
[24306.086s][info][gc,heap        ] GC(175) Old regions: 83->83
[24306.086s][info][gc,heap        ] GC(175) Humongous regions: 11->11
[24306.086s][info][gc,metaspace   ] GC(175) Metaspace: 96750K->96750K(1140736K)
[24306.086s][info][gc             ] GC(175) Pause Young (Normal) (G1 Evacuation Pause) 447M->90M(455M) 16.531ms
[24306.086s][info][gc,cpu         ] GC(175) User=0.08s Sys=0.00s Real=0.02s
[24906.069s][info][gc,start       ] GC(176) Pause Young (Normal) (G1 Evacuation Pause)
[24906.069s][info][gc,task        ] GC(176) Using 8 workers of 8 for evacuation
[24906.086s][info][gc,phases      ] GC(176)   Pre Evacuate Collection Set: 0.0ms
[24906.086s][info][gc,phases      ] GC(176)   Evacuate Collection Set: 7.6ms
[24906.086s][info][gc,phases      ] GC(176)   Post Evacuate Collection Set: 9.3ms
[24906.086s][info][gc,phases      ] GC(176)   Other: 0.7ms
[24906.086s][info][gc,heap        ] GC(176) Eden regions: 359->0(363)
[24906.086s][info][gc,heap        ] GC(176) Survivor regions: 2->2(46)
[24906.086s][info][gc,heap        ] GC(176) Old regions: 83->83
[24906.086s][info][gc,heap        ] GC(176) Humongous regions: 11->11
[24906.086s][info][gc,metaspace   ] GC(176) Metaspace: 96750K->96750K(1140736K)
[24906.086s][info][gc             ] GC(176) Pause Young (Normal) (G1 Evacuation Pause) 449M->90M(457M) 17.669ms
[24906.087s][info][gc,cpu         ] GC(176) User=0.09s Sys=0.00s Real=0.02s
[25486.065s][info][gc,start       ] GC(177) Pause Young (Normal) (G1 Evacuation Pause)
[25486.065s][info][gc,task        ] GC(177) Using 8 workers of 8 for evacuation
[25486.084s][info][gc,phases      ] GC(177)   Pre Evacuate Collection Set: 0.0ms
[25486.084s][info][gc,phases      ] GC(177)   Evacuate Collection Set: 8.9ms
[25486.084s][info][gc,phases      ] GC(177)   Post Evacuate Collection Set: 8.8ms
[25486.084s][info][gc,phases      ] GC(177)   Other: 0.7ms
[25486.084s][info][gc,heap        ] GC(177) Eden regions: 361->0(365)
[25486.084s][info][gc,heap        ] GC(177) Survivor regions: 2->3(46)
[25486.084s][info][gc,heap        ] GC(177) Old regions: 83->83
[25486.084s][info][gc,heap        ] GC(177) Humongous regions: 11->11
[25486.084s][info][gc,metaspace   ] GC(177) Metaspace: 96944K->96944K(1140736K)
[25486.084s][info][gc             ] GC(177) Pause Young (Normal) (G1 Evacuation Pause) 451M->91M(460M) 18.683ms
[25486.084s][info][gc,cpu         ] GC(177) User=0.10s Sys=0.00s Real=0.02s
[26086.065s][info][gc,start       ] GC(178) Pause Young (Normal) (G1 Evacuation Pause)
[26086.065s][info][gc,task        ] GC(178) Using 8 workers of 8 for evacuation
[26086.082s][info][gc,phases      ] GC(178)   Pre Evacuate Collection Set: 0.0ms
[26086.082s][info][gc,phases      ] GC(178)   Evacuate Collection Set: 9.1ms
[26086.082s][info][gc,phases      ] GC(178)   Post Evacuate Collection Set: 7.3ms
[26086.082s][info][gc,phases      ] GC(178)   Other: 0.7ms
[26086.082s][info][gc,heap        ] GC(178) Eden regions: 363->0(367)
[26086.082s][info][gc,heap        ] GC(178) Survivor regions: 3->3(46)
[26086.082s][info][gc,heap        ] GC(178) Old regions: 83->83
[26086.082s][info][gc,heap        ] GC(178) Humongous regions: 11->11
[26086.082s][info][gc,metaspace   ] GC(178) Metaspace: 96954K->96954K(1140736K)
[26086.082s][info][gc             ] GC(178) Pause Young (Normal) (G1 Evacuation Pause) 454M->91M(463M) 17.241ms
[26086.083s][info][gc,cpu         ] GC(178) User=0.09s Sys=0.00s Real=0.02s
[26697.299s][info][gc,start       ] GC(179) Pause Young (Normal) (G1 Evacuation Pause)
[26697.300s][info][gc,task        ] GC(179) Using 8 workers of 8 for evacuation
[26697.320s][info][gc,mmu         ] GC(179) MMU target violated: 20.2ms (20.0ms/21.0ms)
[26697.320s][info][gc,phases      ] GC(179)   Pre Evacuate Collection Set: 0.0ms
[26697.320s][info][gc,phases      ] GC(179)   Evacuate Collection Set: 13.0ms
[26697.320s][info][gc,phases      ] GC(179)   Post Evacuate Collection Set: 7.0ms
[26697.320s][info][gc,phases      ] GC(179)   Other: 0.7ms
[26697.320s][info][gc,heap        ] GC(179) Eden regions: 366->0(369)
[26697.320s][info][gc,heap        ] GC(179) Survivor regions: 3->3(47)
[26697.320s][info][gc,heap        ] GC(179) Old regions: 83->83
[26697.320s][info][gc,heap        ] GC(179) Humongous regions: 11->11
[26697.320s][info][gc,metaspace   ] GC(179) Metaspace: 96954K->96954K(1140736K)
[26697.320s][info][gc             ] GC(179) Pause Young (Normal) (G1 Evacuation Pause) 457M->91M(466M) 20.745ms
[26697.320s][info][gc,cpu         ] GC(179) User=0.11s Sys=0.00s Real=0.03s
[27307.307s][info][gc,start       ] GC(180) Pause Young (Normal) (G1 Evacuation Pause)
[27307.307s][info][gc,task        ] GC(180) Using 8 workers of 8 for evacuation
[27307.323s][info][gc,phases      ] GC(180)   Pre Evacuate Collection Set: 0.0ms
[27307.323s][info][gc,phases      ] GC(180)   Evacuate Collection Set: 9.6ms
[27307.323s][info][gc,phases      ] GC(180)   Post Evacuate Collection Set: 6.5ms
[27307.323s][info][gc,phases      ] GC(180)   Other: 0.7ms
[27307.323s][info][gc,heap        ] GC(180) Eden regions: 369->0(373)
[27307.324s][info][gc,heap        ] GC(180) Survivor regions: 3->2(47)
[27307.324s][info][gc,heap        ] GC(180) Old regions: 83->84
[27307.324s][info][gc,heap        ] GC(180) Humongous regions: 11->11
[27307.324s][info][gc,metaspace   ] GC(180) Metaspace: 96954K->96954K(1140736K)
[27307.324s][info][gc             ] GC(180) Pause Young (Normal) (G1 Evacuation Pause) 460M->91M(469M) 17.015ms
[27307.324s][info][gc,cpu         ] GC(180) User=0.08s Sys=0.00s Real=0.02s
[27927.317s][info][gc,start       ] GC(181) Pause Young (Normal) (G1 Evacuation Pause)
[27927.317s][info][gc,task        ] GC(181) Using 8 workers of 8 for evacuation
[27927.331s][info][gc,phases      ] GC(181)   Pre Evacuate Collection Set: 0.0ms
[27927.331s][info][gc,phases      ] GC(181)   Evacuate Collection Set: 4.5ms
[27927.331s][info][gc,phases      ] GC(181)   Post Evacuate Collection Set: 8.4ms
[27927.331s][info][gc,phases      ] GC(181)   Other: 0.6ms
[27927.331s][info][gc,heap        ] GC(181) Eden regions: 372->0(374)
[27927.331s][info][gc,heap        ] GC(181) Survivor regions: 2->2(47)
[27927.331s][info][gc,heap        ] GC(181) Old regions: 84->84
[27927.331s][info][gc,heap        ] GC(181) Humongous regions: 11->11
[27927.331s][info][gc,metaspace   ] GC(181) Metaspace: 96954K->96954K(1140736K)
[27927.331s][info][gc             ] GC(181) Pause Young (Normal) (G1 Evacuation Pause) 463M->90M(471M) 13.739ms
[27927.331s][info][gc,cpu         ] GC(181) User=0.05s Sys=0.00s Real=0.02s
[28555.704s][info][gc,start       ] GC(182) Pause Young (Normal) (G1 Evacuation Pause)
[28555.704s][info][gc,task        ] GC(182) Using 8 workers of 8 for evacuation
[28555.715s][info][gc,phases      ] GC(182)   Pre Evacuate Collection Set: 0.0ms
[28555.715s][info][gc,phases      ] GC(182)   Evacuate Collection Set: 3.1ms
[28555.715s][info][gc,phases      ] GC(182)   Post Evacuate Collection Set: 7.5ms
[28555.715s][info][gc,phases      ] GC(182)   Other: 0.7ms
[28555.715s][info][gc,heap        ] GC(182) Eden regions: 374->0(376)
[28555.715s][info][gc,heap        ] GC(182) Survivor regions: 2->1(47)
[28555.715s][info][gc,heap        ] GC(182) Old regions: 84->84
[28555.715s][info][gc,heap        ] GC(182) Humongous regions: 11->11
[28555.715s][info][gc,metaspace   ] GC(182) Metaspace: 96954K->96954K(1140736K)
[28555.715s][info][gc             ] GC(182) Pause Young (Normal) (G1 Evacuation Pause) 464M->89M(472M) 11.453ms
[28555.715s][info][gc,cpu         ] GC(182) User=0.05s Sys=0.00s Real=0.01s
[29158.148s][info][gc,start       ] GC(183) Pause Young (Normal) (G1 Evacuation Pause)
[29158.148s][info][gc,task        ] GC(183) Using 8 workers of 8 for evacuation
[29158.165s][info][gc,phases      ] GC(183)   Pre Evacuate Collection Set: 0.0ms
[29158.165s][info][gc,phases      ] GC(183)   Evacuate Collection Set: 8.7ms
[29158.165s][info][gc,phases      ] GC(183)   Post Evacuate Collection Set: 7.4ms
[29158.165s][info][gc,phases      ] GC(183)   Other: 0.6ms
[29158.165s][info][gc,heap        ] GC(183) Eden regions: 376->0(377)
[29158.165s][info][gc,heap        ] GC(183) Survivor regions: 1->2(48)
[29158.165s][info][gc,heap        ] GC(183) Old regions: 84->84
[29158.165s][info][gc,heap        ] GC(183) Humongous regions: 11->11
[29158.165s][info][gc,metaspace   ] GC(183) Metaspace: 97238K->97238K(1140736K)
[29158.165s][info][gc             ] GC(183) Pause Young (Normal) (G1 Evacuation Pause) 465M->91M(474M) 16.985ms
[29158.165s][info][gc,cpu         ] GC(183) User=0.08s Sys=0.01s Real=0.02s
[29786.071s][info][gc,start       ] GC(184) Pause Young (Normal) (G1 Evacuation Pause)
[29786.071s][info][gc,task        ] GC(184) Using 8 workers of 8 for evacuation
[29786.086s][info][gc,phases      ] GC(184)   Pre Evacuate Collection Set: 0.0ms
[29786.086s][info][gc,phases      ] GC(184)   Evacuate Collection Set: 6.8ms
[29786.086s][info][gc,phases      ] GC(184)   Post Evacuate Collection Set: 7.1ms
[29786.086s][info][gc,phases      ] GC(184)   Other: 0.7ms
[29786.086s][info][gc,heap        ] GC(184) Eden regions: 377->0(378)
[29786.086s][info][gc,heap        ] GC(184) Survivor regions: 2->2(48)
[29786.086s][info][gc,heap        ] GC(184) Old regions: 84->84
[29786.086s][info][gc,heap        ] GC(184) Humongous regions: 11->11
[29786.086s][info][gc,metaspace   ] GC(184) Metaspace: 97238K->97238K(1140736K)
[29786.086s][info][gc             ] GC(184) Pause Young (Normal) (G1 Evacuation Pause) 468M->91M(476M) 14.814ms
[29786.086s][info][gc,cpu         ] GC(184) User=0.06s Sys=0.00s Real=0.01s
[30418.516s][info][gc,start       ] GC(185) Pause Young (Normal) (G1 Evacuation Pause)
[30418.516s][info][gc,task        ] GC(185) Using 8 workers of 8 for evacuation
[30418.526s][info][gc,phases      ] GC(185)   Pre Evacuate Collection Set: 0.0ms
[30418.526s][info][gc,phases      ] GC(185)   Evacuate Collection Set: 5.0ms
[30418.526s][info][gc,phases      ] GC(185)   Post Evacuate Collection Set: 4.1ms
[30418.526s][info][gc,phases      ] GC(185)   Other: 0.7ms
[30418.526s][info][gc,heap        ] GC(185) Eden regions: 378->0(379)
[30418.526s][info][gc,heap        ] GC(185) Survivor regions: 2->2(48)
[30418.526s][info][gc,heap        ] GC(185) Old regions: 84->84
[30418.526s][info][gc,heap        ] GC(185) Humongous regions: 11->11
[30418.526s][info][gc,metaspace   ] GC(185) Metaspace: 97238K->97238K(1140736K)
[30418.526s][info][gc             ] GC(185) Pause Young (Normal) (G1 Evacuation Pause) 469M->91M(477M) 9.980ms
[30418.526s][info][gc,cpu         ] GC(185) User=0.04s Sys=0.00s Real=0.01s
[31047.306s][info][gc,start       ] GC(186) Pause Young (Normal) (G1 Evacuation Pause)
[31047.306s][info][gc,task        ] GC(186) Using 8 workers of 8 for evacuation
[31047.318s][info][gc,phases      ] GC(186)   Pre Evacuate Collection Set: 0.1ms
[31047.318s][info][gc,phases      ] GC(186)   Evacuate Collection Set: 4.8ms
[31047.318s][info][gc,phases      ] GC(186)   Post Evacuate Collection Set: 6.6ms
[31047.318s][info][gc,phases      ] GC(186)   Other: 0.7ms
[31047.318s][info][gc,heap        ] GC(186) Eden regions: 379->0(380)
[31047.318s][info][gc,heap        ] GC(186) Survivor regions: 2->2(48)
[31047.318s][info][gc,heap        ] GC(186) Old regions: 84->84
[31047.318s][info][gc,heap        ] GC(186) Humongous regions: 11->11
[31047.318s][info][gc,metaspace   ] GC(186) Metaspace: 97238K->97238K(1140736K)
[31047.318s][info][gc             ] GC(186) Pause Young (Normal) (G1 Evacuation Pause) 470M->91M(478M) 12.290ms
[31047.319s][info][gc,cpu         ] GC(186) User=0.06s Sys=0.01s Real=0.01s
[31686.069s][info][gc,start       ] GC(187) Pause Young (Normal) (G1 Evacuation Pause)
[31686.069s][info][gc,task        ] GC(187) Using 8 workers of 8 for evacuation
[31686.083s][info][gc,phases      ] GC(187)   Pre Evacuate Collection Set: 0.0ms
[31686.083s][info][gc,phases      ] GC(187)   Evacuate Collection Set: 3.3ms
[31686.083s][info][gc,phases      ] GC(187)   Post Evacuate Collection Set: 10.5ms
[31686.083s][info][gc,phases      ] GC(187)   Other: 0.7ms
[31686.083s][info][gc,heap        ] GC(187) Eden regions: 380->0(381)
[31686.083s][info][gc,heap        ] GC(187) Survivor regions: 2->1(48)
[31686.083s][info][gc,heap        ] GC(187) Old regions: 84->84
[31686.083s][info][gc,heap        ] GC(187) Humongous regions: 11->11
[31686.083s][info][gc,metaspace   ] GC(187) Metaspace: 97238K->97238K(1140736K)
[31686.083s][info][gc             ] GC(187) Pause Young (Normal) (G1 Evacuation Pause) 471M->90M(478M) 14.805ms
[31686.084s][info][gc,cpu         ] GC(187) User=0.07s Sys=0.00s Real=0.02s
[32325.704s][info][gc,start       ] GC(188) Pause Young (Normal) (G1 Evacuation Pause)
[32325.704s][info][gc,task        ] GC(188) Using 8 workers of 8 for evacuation
[32325.714s][info][gc,phases      ] GC(188)   Pre Evacuate Collection Set: 0.0ms
[32325.714s][info][gc,phases      ] GC(188)   Evacuate Collection Set: 3.1ms
[32325.714s][info][gc,phases      ] GC(188)   Post Evacuate Collection Set: 6.9ms
[32325.714s][info][gc,phases      ] GC(188)   Other: 0.7ms
[32325.714s][info][gc,heap        ] GC(188) Eden regions: 381->0(381)
[32325.714s][info][gc,heap        ] GC(188) Survivor regions: 1->1(48)
[32325.715s][info][gc,heap        ] GC(188) Old regions: 84->84
[32325.715s][info][gc,heap        ] GC(188) Humongous regions: 11->11
[32325.715s][info][gc,metaspace   ] GC(188) Metaspace: 97238K->97238K(1140736K)
[32325.715s][info][gc             ] GC(188) Pause Young (Normal) (G1 Evacuation Pause) 471M->90M(478M) 10.815ms
[32325.715s][info][gc,cpu         ] GC(188) User=0.05s Sys=0.00s Real=0.01s
[32926.069s][info][gc,start       ] GC(189) Pause Young (Normal) (G1 Evacuation Pause)
[32926.069s][info][gc,task        ] GC(189) Using 8 workers of 8 for evacuation
[32926.084s][info][gc,phases      ] GC(189)   Pre Evacuate Collection Set: 0.0ms
[32926.084s][info][gc,phases      ] GC(189)   Evacuate Collection Set: 9.1ms
[32926.084s][info][gc,phases      ] GC(189)   Post Evacuate Collection Set: 4.8ms
[32926.084s][info][gc,phases      ] GC(189)   Other: 0.7ms
[32926.084s][info][gc,heap        ] GC(189) Eden regions: 381->0(381)
[32926.084s][info][gc,heap        ] GC(189) Survivor regions: 1->3(48)
[32926.084s][info][gc,heap        ] GC(189) Old regions: 84->84
[32926.084s][info][gc,heap        ] GC(189) Humongous regions: 11->11
[32926.084s][info][gc,metaspace   ] GC(189) Metaspace: 97458K->97458K(1140736K)
[32926.084s][info][gc             ] GC(189) Pause Young (Normal) (G1 Evacuation Pause) 471M->91M(480M) 14.822ms
[32926.084s][info][gc,cpu         ] GC(189) User=0.06s Sys=0.00s Real=0.02s
[33566.064s][info][gc,start       ] GC(190) Pause Young (Normal) (G1 Evacuation Pause)
[33566.064s][info][gc,task        ] GC(190) Using 8 workers of 8 for evacuation
[33566.079s][info][gc,phases      ] GC(190)   Pre Evacuate Collection Set: 0.0ms
[33566.079s][info][gc,phases      ] GC(190)   Evacuate Collection Set: 6.4ms
[33566.079s][info][gc,phases      ] GC(190)   Post Evacuate Collection Set: 7.6ms
[33566.079s][info][gc,phases      ] GC(190)   Other: 0.7ms
[33566.079s][info][gc,heap        ] GC(190) Eden regions: 381->0(382)
[33566.079s][info][gc,heap        ] GC(190) Survivor regions: 3->3(48)
[33566.079s][info][gc,heap        ] GC(190) Old regions: 84->84
[33566.079s][info][gc,heap        ] GC(190) Humongous regions: 11->11
[33566.079s][info][gc,metaspace   ] GC(190) Metaspace: 97458K->97458K(1140736K)
[33566.079s][info][gc             ] GC(190) Pause Young (Normal) (G1 Evacuation Pause) 472M->91M(482M) 14.952ms
[33566.079s][info][gc,cpu         ] GC(190) User=0.07s Sys=0.01s Real=0.01s
[34205.704s][info][gc,start       ] GC(191) Pause Young (Normal) (G1 Evacuation Pause)
[34205.704s][info][gc,task        ] GC(191) Using 8 workers of 8 for evacuation
[34205.718s][info][gc,phases      ] GC(191)   Pre Evacuate Collection Set: 0.0ms
[34205.718s][info][gc,phases      ] GC(191)   Evacuate Collection Set: 6.0ms
[34205.718s][info][gc,phases      ] GC(191)   Post Evacuate Collection Set: 7.2ms
[34205.718s][info][gc,phases      ] GC(191)   Other: 0.7ms
[34205.718s][info][gc,heap        ] GC(191) Eden regions: 382->0(383)
[34205.718s][info][gc,heap        ] GC(191) Survivor regions: 3->3(49)
[34205.718s][info][gc,heap        ] GC(191) Old regions: 84->84
[34205.718s][info][gc,heap        ] GC(191) Humongous regions: 11->11
[34205.718s][info][gc,metaspace   ] GC(191) Metaspace: 97458K->97458K(1140736K)
[34205.718s][info][gc             ] GC(191) Pause Young (Normal) (G1 Evacuation Pause) 473M->91M(483M) 14.229ms
[34205.718s][info][gc,cpu         ] GC(191) User=0.07s Sys=0.00s Real=0.01s
[34845.703s][info][gc,start       ] GC(192) Pause Young (Normal) (G1 Evacuation Pause)
[34845.703s][info][gc,task        ] GC(192) Using 8 workers of 8 for evacuation
[34845.715s][info][gc,phases      ] GC(192)   Pre Evacuate Collection Set: 0.0ms
[34845.715s][info][gc,phases      ] GC(192)   Evacuate Collection Set: 5.6ms
[34845.715s][info][gc,phases      ] GC(192)   Post Evacuate Collection Set: 5.7ms
[34845.715s][info][gc,phases      ] GC(192)   Other: 0.6ms
[34845.715s][info][gc,heap        ] GC(192) Eden regions: 383->0(384)
[34845.715s][info][gc,heap        ] GC(192) Survivor regions: 3->3(49)
[34845.715s][info][gc,heap        ] GC(192) Old regions: 84->84
[34845.715s][info][gc,heap        ] GC(192) Humongous regions: 11->11
[34845.715s][info][gc,metaspace   ] GC(192) Metaspace: 97458K->97458K(1140736K)
[34845.716s][info][gc             ] GC(192) Pause Young (Normal) (G1 Evacuation Pause) 474M->91M(484M) 12.097ms
[34845.716s][info][gc,cpu         ] GC(192) User=0.05s Sys=0.01s Real=0.01s
[35486.062s][info][gc,start       ] GC(193) Pause Young (Normal) (G1 Evacuation Pause)
[35486.062s][info][gc,task        ] GC(193) Using 8 workers of 8 for evacuation
[35486.074s][info][gc,phases      ] GC(193)   Pre Evacuate Collection Set: 0.0ms
[35486.074s][info][gc,phases      ] GC(193)   Evacuate Collection Set: 3.3ms
[35486.074s][info][gc,phases      ] GC(193)   Post Evacuate Collection Set: 8.1ms
[35486.074s][info][gc,phases      ] GC(193)   Other: 0.7ms
[35486.074s][info][gc,heap        ] GC(193) Eden regions: 384->0(386)
[35486.074s][info][gc,heap        ] GC(193) Survivor regions: 3->1(49)
[35486.074s][info][gc,heap        ] GC(193) Old regions: 84->84
[35486.074s][info][gc,heap        ] GC(193) Humongous regions: 11->11
[35486.074s][info][gc,metaspace   ] GC(193) Metaspace: 97458K->97458K(1140736K)
[35486.075s][info][gc             ] GC(193) Pause Young (Normal) (G1 Evacuation Pause) 475M->90M(484M) 12.312ms
[35486.075s][info][gc,cpu         ] GC(193) User=0.05s Sys=0.00s Real=0.01s
[36107.398s][info][gc,start       ] GC(194) Pause Young (Normal) (G1 Evacuation Pause)
[36107.398s][info][gc,task        ] GC(194) Using 8 workers of 8 for evacuation
[36107.404s][info][gc,phases      ] GC(194)   Pre Evacuate Collection Set: 0.0ms
[36107.404s][info][gc,phases      ] GC(194)   Evacuate Collection Set: 3.7ms
[36107.404s][info][gc,phases      ] GC(194)   Post Evacuate Collection Set: 2.1ms
[36107.404s][info][gc,phases      ] GC(194)   Other: 0.2ms
[36107.404s][info][gc,heap        ] GC(194) Eden regions: 386->0(385)
[36107.404s][info][gc,heap        ] GC(194) Survivor regions: 1->2(49)
[36107.404s][info][gc,heap        ] GC(194) Old regions: 84->84
[36107.404s][info][gc,heap        ] GC(194) Humongous regions: 11->11
[36107.404s][info][gc,metaspace   ] GC(194) Metaspace: 97572K->97572K(1140736K)
[36107.404s][info][gc             ] GC(194) Pause Young (Normal) (G1 Evacuation Pause) 476M->91M(484M) 6.104ms
[36107.404s][info][gc,cpu         ] GC(194) User=0.03s Sys=0.00s Real=0.01s
[36746.073s][info][gc,start       ] GC(195) Pause Young (Normal) (G1 Evacuation Pause)
[36746.073s][info][gc,task        ] GC(195) Using 8 workers of 8 for evacuation
[36746.083s][info][gc,phases      ] GC(195)   Pre Evacuate Collection Set: 0.0ms
[36746.083s][info][gc,phases      ] GC(195)   Evacuate Collection Set: 5.5ms
[36746.083s][info][gc,phases      ] GC(195)   Post Evacuate Collection Set: 4.3ms
[36746.083s][info][gc,phases      ] GC(195)   Other: 0.7ms
[36746.083s][info][gc,heap        ] GC(195) Eden regions: 385->0(385)
[36746.083s][info][gc,heap        ] GC(195) Survivor regions: 2->2(49)
[36746.083s][info][gc,heap        ] GC(195) Old regions: 84->84
[36746.083s][info][gc,heap        ] GC(195) Humongous regions: 11->11
[36746.083s][info][gc,metaspace   ] GC(195) Metaspace: 97632K->97632K(1140736K)
[36746.083s][info][gc             ] GC(195) Pause Young (Normal) (G1 Evacuation Pause) 476M->91M(484M) 10.748ms
[36746.083s][info][gc,cpu         ] GC(195) User=0.05s Sys=0.00s Real=0.01s
[37386.554s][info][gc,start       ] GC(196) Pause Young (Normal) (G1 Evacuation Pause)
[37386.554s][info][gc,task        ] GC(196) Using 8 workers of 8 for evacuation
[37386.563s][info][gc,phases      ] GC(196)   Pre Evacuate Collection Set: 0.0ms
[37386.563s][info][gc,phases      ] GC(196)   Evacuate Collection Set: 4.5ms
[37386.563s][info][gc,phases      ] GC(196)   Post Evacuate Collection Set: 4.0ms
[37386.564s][info][gc,phases      ] GC(196)   Other: 0.6ms
[37386.564s][info][gc,heap        ] GC(196) Eden regions: 385->0(385)
[37386.564s][info][gc,heap        ] GC(196) Survivor regions: 2->2(49)
[37386.564s][info][gc,heap        ] GC(196) Old regions: 84->84
[37386.564s][info][gc,heap        ] GC(196) Humongous regions: 11->11
[37386.564s][info][gc,metaspace   ] GC(196) Metaspace: 97632K->97632K(1140736K)
[37386.564s][info][gc             ] GC(196) Pause Young (Normal) (G1 Evacuation Pause) 476M->91M(484M) 9.463ms
[37386.564s][info][gc,cpu         ] GC(196) User=0.04s Sys=0.00s Real=0.01s
[38031.932s][info][gc,start       ] GC(197) Pause Young (Normal) (G1 Evacuation Pause)
[38031.932s][info][gc,task        ] GC(197) Using 8 workers of 8 for evacuation
[38031.937s][info][gc,phases      ] GC(197)   Pre Evacuate Collection Set: 0.0ms
[38031.937s][info][gc,phases      ] GC(197)   Evacuate Collection Set: 1.8ms
[38031.937s][info][gc,phases      ] GC(197)   Post Evacuate Collection Set: 2.7ms
[38031.937s][info][gc,phases      ] GC(197)   Other: 0.3ms
[38031.937s][info][gc,heap        ] GC(197) Eden regions: 385->0(385)
[38031.937s][info][gc,heap        ] GC(197) Survivor regions: 2->2(49)
[38031.937s][info][gc,heap        ] GC(197) Old regions: 84->84
[38031.937s][info][gc,heap        ] GC(197) Humongous regions: 11->11
[38031.937s][info][gc,metaspace   ] GC(197) Metaspace: 97632K->97632K(1140736K)
[38031.937s][info][gc             ] GC(197) Pause Young (Normal) (G1 Evacuation Pause) 476M->91M(484M) 4.826ms
[38031.937s][info][gc,cpu         ] GC(197) User=0.02s Sys=0.00s Real=0.00s
[38677.307s][info][gc,start       ] GC(198) Pause Young (Normal) (G1 Evacuation Pause)
[38677.307s][info][gc,task        ] GC(198) Using 8 workers of 8 for evacuation
[38677.316s][info][gc,phases      ] GC(198)   Pre Evacuate Collection Set: 0.0ms
[38677.316s][info][gc,phases      ] GC(198)   Evacuate Collection Set: 2.9ms
[38677.316s][info][gc,phases      ] GC(198)   Post Evacuate Collection Set: 5.6ms
[38677.316s][info][gc,phases      ] GC(198)   Other: 0.6ms
[38677.316s][info][gc,heap        ] GC(198) Eden regions: 385->0(386)
[38677.316s][info][gc,heap        ] GC(198) Survivor regions: 2->1(49)
[38677.316s][info][gc,heap        ] GC(198) Old regions: 84->85
[38677.316s][info][gc,heap        ] GC(198) Humongous regions: 11->11
[38677.316s][info][gc,metaspace   ] GC(198) Metaspace: 97632K->97632K(1140736K)
[38677.316s][info][gc             ] GC(198) Pause Young (Normal) (G1 Evacuation Pause) 476M->90M(484M) 9.181ms
[38677.316s][info][gc,cpu         ] GC(198) User=0.04s Sys=0.01s Real=0.01s
[39326.062s][info][gc,start       ] GC(199) Pause Young (Normal) (G1 Evacuation Pause)
[39326.062s][info][gc,task        ] GC(199) Using 8 workers of 8 for evacuation
[39326.073s][info][gc,phases      ] GC(199)   Pre Evacuate Collection Set: 0.0ms
[39326.073s][info][gc,phases      ] GC(199)   Evacuate Collection Set: 5.0ms
[39326.073s][info][gc,phases      ] GC(199)   Post Evacuate Collection Set: 5.2ms
[39326.073s][info][gc,phases      ] GC(199)   Other: 0.8ms
[39326.073s][info][gc,heap        ] GC(199) Eden regions: 386->0(386)
[39326.073s][info][gc,heap        ] GC(199) Survivor regions: 1->1(49)
[39326.073s][info][gc,heap        ] GC(199) Old regions: 85->85
[39326.073s][info][gc,heap        ] GC(199) Humongous regions: 11->11
[39326.073s][info][gc,metaspace   ] GC(199) Metaspace: 97632K->97632K(1140736K)
[39326.073s][info][gc             ] GC(199) Pause Young (Normal) (G1 Evacuation Pause) 476M->90M(484M) 11.095ms
[39326.073s][info][gc,cpu         ] GC(199) User=0.05s Sys=0.00s Real=0.01s
[39946.061s][info][gc,start       ] GC(200) Pause Young (Normal) (G1 Evacuation Pause)
[39946.061s][info][gc,task        ] GC(200) Using 8 workers of 8 for evacuation
[39946.072s][info][gc,phases      ] GC(200)   Pre Evacuate Collection Set: 0.0ms
[39946.072s][info][gc,phases      ] GC(200)   Evacuate Collection Set: 5.1ms
[39946.072s][info][gc,phases      ] GC(200)   Post Evacuate Collection Set: 5.7ms
[39946.072s][info][gc,phases      ] GC(200)   Other: 0.6ms
[39946.072s][info][gc,heap        ] GC(200) Eden regions: 386->0(386)
[39946.072s][info][gc,heap        ] GC(200) Survivor regions: 1->2(49)
[39946.072s][info][gc,heap        ] GC(200) Old regions: 85->85
[39946.072s][info][gc,heap        ] GC(200) Humongous regions: 11->11
[39946.072s][info][gc,metaspace   ] GC(200) Metaspace: 97775K->97775K(1140736K)
[39946.072s][info][gc             ] GC(200) Pause Young (Normal) (G1 Evacuation Pause) 476M->91M(485M) 11.614ms
[39946.072s][info][gc,cpu         ] GC(200) User=0.06s Sys=0.00s Real=0.01s
[40585.701s][info][gc,start       ] GC(201) Pause Young (Normal) (G1 Evacuation Pause)
[40585.701s][info][gc,task        ] GC(201) Using 8 workers of 8 for evacuation
[40585.721s][info][gc,mmu         ] GC(201) MMU target violated: 20.0ms (20.0ms/21.0ms)
[40585.721s][info][gc,phases      ] GC(201)   Pre Evacuate Collection Set: 0.0ms
[40585.721s][info][gc,phases      ] GC(201)   Evacuate Collection Set: 13.6ms
[40585.721s][info][gc,phases      ] GC(201)   Post Evacuate Collection Set: 6.3ms
[40585.721s][info][gc,phases      ] GC(201)   Other: 0.7ms
[40585.721s][info][gc,heap        ] GC(201) Eden regions: 386->0(386)
[40585.721s][info][gc,heap        ] GC(201) Survivor regions: 2->2(49)
[40585.721s][info][gc,heap        ] GC(201) Old regions: 85->85
[40585.721s][info][gc,heap        ] GC(201) Humongous regions: 11->11
[40585.721s][info][gc,metaspace   ] GC(201) Metaspace: 97785K->97785K(1140736K)
[40585.721s][info][gc             ] GC(201) Pause Young (Normal) (G1 Evacuation Pause) 477M->91M(486M) 20.609ms
[40585.722s][info][gc,cpu         ] GC(201) User=0.06s Sys=0.01s Real=0.02s
[41226.071s][info][gc,start       ] GC(202) Pause Young (Normal) (G1 Evacuation Pause)
[41226.071s][info][gc,task        ] GC(202) Using 8 workers of 8 for evacuation
[41226.086s][info][gc,phases      ] GC(202)   Pre Evacuate Collection Set: 0.0ms
[41226.086s][info][gc,phases      ] GC(202)   Evacuate Collection Set: 9.1ms
[41226.086s][info][gc,phases      ] GC(202)   Post Evacuate Collection Set: 4.9ms
[41226.086s][info][gc,phases      ] GC(202)   Other: 0.7ms
[41226.086s][info][gc,heap        ] GC(202) Eden regions: 386->0(386)
[41226.086s][info][gc,heap        ] GC(202) Survivor regions: 2->3(49)
[41226.086s][info][gc,heap        ] GC(202) Old regions: 85->85
[41226.086s][info][gc,heap        ] GC(202) Humongous regions: 11->11
[41226.086s][info][gc,metaspace   ] GC(202) Metaspace: 97785K->97785K(1140736K)
[41226.086s][info][gc             ] GC(202) Pause Young (Normal) (G1 Evacuation Pause) 477M->91M(487M) 14.873ms
[41226.086s][info][gc,cpu         ] GC(202) User=0.08s Sys=0.00s Real=0.01s
[41867.306s][info][gc,start       ] GC(203) Pause Young (Normal) (G1 Evacuation Pause)
[41867.307s][info][gc,task        ] GC(203) Using 8 workers of 8 for evacuation
[41867.317s][info][gc,phases      ] GC(203)   Pre Evacuate Collection Set: 0.1ms
[41867.317s][info][gc,phases      ] GC(203)   Evacuate Collection Set: 5.4ms
[41867.317s][info][gc,phases      ] GC(203)   Post Evacuate Collection Set: 4.0ms
[41867.317s][info][gc,phases      ] GC(203)   Other: 0.8ms
[41867.317s][info][gc,heap        ] GC(203) Eden regions: 386->0(387)
[41867.317s][info][gc,heap        ] GC(203) Survivor regions: 3->2(49)
[41867.317s][info][gc,heap        ] GC(203) Old regions: 85->85
[41867.317s][info][gc,heap        ] GC(203) Humongous regions: 11->11
[41867.317s][info][gc,metaspace   ] GC(203) Metaspace: 97785K->97785K(1140736K)
[41867.317s][info][gc             ] GC(203) Pause Young (Normal) (G1 Evacuation Pause) 477M->91M(487M) 10.475ms
[41867.317s][info][gc,cpu         ] GC(203) User=0.05s Sys=0.00s Real=0.01s
[42518.009s][info][gc,start       ] GC(204) Pause Young (Normal) (G1 Evacuation Pause)
[42518.009s][info][gc,task        ] GC(204) Using 8 workers of 8 for evacuation
[42518.020s][info][gc,phases      ] GC(204)   Pre Evacuate Collection Set: 0.0ms
[42518.020s][info][gc,phases      ] GC(204)   Evacuate Collection Set: 2.7ms
[42518.020s][info][gc,phases      ] GC(204)   Post Evacuate Collection Set: 7.6ms
[42518.020s][info][gc,phases      ] GC(204)   Other: 0.6ms
[42518.020s][info][gc,heap        ] GC(204) Eden regions: 387->0(388)
[42518.020s][info][gc,heap        ] GC(204) Survivor regions: 2->1(49)
[42518.020s][info][gc,heap        ] GC(204) Old regions: 85->85
[42518.020s][info][gc,heap        ] GC(204) Humongous regions: 11->11
[42518.020s][info][gc,metaspace   ] GC(204) Metaspace: 97785K->97785K(1140736K)
[42518.020s][info][gc             ] GC(204) Pause Young (Normal) (G1 Evacuation Pause) 478M->90M(487M) 11.045ms
[42518.020s][info][gc,cpu         ] GC(204) User=0.04s Sys=0.00s Real=0.02s
[43166.073s][info][gc,start       ] GC(205) Pause Young (Normal) (G1 Evacuation Pause)
[43166.074s][info][gc,task        ] GC(205) Using 8 workers of 8 for evacuation
[43166.085s][info][gc,phases      ] GC(205)   Pre Evacuate Collection Set: 0.0ms
[43166.086s][info][gc,phases      ] GC(205)   Evacuate Collection Set: 7.1ms
[43166.086s][info][gc,phases      ] GC(205)   Post Evacuate Collection Set: 4.4ms
[43166.086s][info][gc,phases      ] GC(205)   Other: 0.6ms
[43166.086s][info][gc,heap        ] GC(205) Eden regions: 388->0(388)
[43166.086s][info][gc,heap        ] GC(205) Survivor regions: 1->1(49)
[43166.086s][info][gc,heap        ] GC(205) Old regions: 85->85
[43166.086s][info][gc,heap        ] GC(205) Humongous regions: 11->11
[43166.086s][info][gc,metaspace   ] GC(205) Metaspace: 97785K->97785K(1140736K)
[43166.086s][info][gc             ] GC(205) Pause Young (Normal) (G1 Evacuation Pause) 478M->90M(487M) 12.341ms
[43166.086s][info][gc,cpu         ] GC(205) User=0.05s Sys=0.01s Real=0.01s
[43787.301s][info][gc,start       ] GC(206) Pause Young (Normal) (G1 Evacuation Pause)
[43787.301s][info][gc,task        ] GC(206) Using 8 workers of 8 for evacuation
[43787.307s][info][gc,phases      ] GC(206)   Pre Evacuate Collection Set: 0.0ms
[43787.307s][info][gc,phases      ] GC(206)   Evacuate Collection Set: 3.5ms
[43787.307s][info][gc,phases      ] GC(206)   Post Evacuate Collection Set: 2.6ms
[43787.307s][info][gc,phases      ] GC(206)   Other: 0.3ms
[43787.307s][info][gc,heap        ] GC(206) Eden regions: 388->0(387)
[43787.307s][info][gc,heap        ] GC(206) Survivor regions: 1->2(49)
[43787.307s][info][gc,heap        ] GC(206) Old regions: 85->85
[43787.307s][info][gc,heap        ] GC(206) Humongous regions: 11->11
[43787.307s][info][gc,metaspace   ] GC(206) Metaspace: 97936K->97936K(1140736K)
[43787.307s][info][gc             ] GC(206) Pause Young (Normal) (G1 Evacuation Pause) 478M->91M(487M) 6.496ms
[43787.307s][info][gc,cpu         ] GC(206) User=0.02s Sys=0.00s Real=0.00s
[44437.307s][info][gc,start       ] GC(207) Pause Young (Normal) (G1 Evacuation Pause)
[44437.307s][info][gc,task        ] GC(207) Using 8 workers of 8 for evacuation
[44437.321s][info][gc,phases      ] GC(207)   Pre Evacuate Collection Set: 0.0ms
[44437.321s][info][gc,phases      ] GC(207)   Evacuate Collection Set: 7.8ms
[44437.321s][info][gc,phases      ] GC(207)   Post Evacuate Collection Set: 5.7ms
[44437.321s][info][gc,phases      ] GC(207)   Other: 0.6ms
[44437.321s][info][gc,heap        ] GC(207) Eden regions: 387->0(387)
[44437.321s][info][gc,heap        ] GC(207) Survivor regions: 2->2(49)
[44437.321s][info][gc,heap        ] GC(207) Old regions: 85->85
[44437.321s][info][gc,heap        ] GC(207) Humongous regions: 11->11
[44437.321s][info][gc,metaspace   ] GC(207) Metaspace: 97936K->97936K(1140736K)
[44437.321s][info][gc             ] GC(207) Pause Young (Normal) (G1 Evacuation Pause) 478M->91M(487M) 14.399ms
[44437.321s][info][gc,cpu         ] GC(207) User=0.07s Sys=0.00s Real=0.02s
[45086.062s][info][gc,start       ] GC(208) Pause Young (Normal) (G1 Evacuation Pause)
[45086.062s][info][gc,task        ] GC(208) Using 8 workers of 8 for evacuation
[45086.073s][info][gc,phases      ] GC(208)   Pre Evacuate Collection Set: 0.0ms
[45086.074s][info][gc,phases      ] GC(208)   Evacuate Collection Set: 4.6ms
[45086.074s][info][gc,phases      ] GC(208)   Post Evacuate Collection Set: 6.0ms
[45086.074s][info][gc,phases      ] GC(208)   Other: 0.6ms
[45086.074s][info][gc,heap        ] GC(208) Eden regions: 387->0(387)
[45086.074s][info][gc,heap        ] GC(208) Survivor regions: 2->2(49)
[45086.074s][info][gc,heap        ] GC(208) Old regions: 85->85
[45086.074s][info][gc,heap        ] GC(208) Humongous regions: 11->11
[45086.074s][info][gc,metaspace   ] GC(208) Metaspace: 97936K->97936K(1140736K)
[45086.074s][info][gc             ] GC(208) Pause Young (Normal) (G1 Evacuation Pause) 478M->91M(487M) 11.493ms
[45086.074s][info][gc,cpu         ] GC(208) User=0.05s Sys=0.01s Real=0.01s
[45726.081s][info][gc,start       ] GC(209) Pause Young (Normal) (G1 Evacuation Pause)
[45726.081s][info][gc,task        ] GC(209) Using 8 workers of 8 for evacuation
[45726.092s][info][gc,phases      ] GC(209)   Pre Evacuate Collection Set: 0.0ms
[45726.092s][info][gc,phases      ] GC(209)   Evacuate Collection Set: 3.1ms
[45726.092s][info][gc,phases      ] GC(209)   Post Evacuate Collection Set: 7.6ms
[45726.092s][info][gc,phases      ] GC(209)   Other: 0.6ms
[45726.092s][info][gc,heap        ] GC(209) Eden regions: 387->0(388)
[45726.092s][info][gc,heap        ] GC(209) Survivor regions: 2->1(49)
[45726.092s][info][gc,heap        ] GC(209) Old regions: 85->85
[45726.092s][info][gc,heap        ] GC(209) Humongous regions: 11->11
[45726.092s][info][gc,metaspace   ] GC(209) Metaspace: 97936K->97936K(1140736K)
[45726.092s][info][gc             ] GC(209) Pause Young (Normal) (G1 Evacuation Pause) 478M->90M(487M) 11.446ms
[45726.092s][info][gc,cpu         ] GC(209) User=0.05s Sys=0.00s Real=0.01s
[46378.390s][info][gc,start       ] GC(210) Pause Young (Normal) (G1 Evacuation Pause)
[46378.391s][info][gc,task        ] GC(210) Using 8 workers of 8 for evacuation
[46378.398s][info][gc,phases      ] GC(210)   Pre Evacuate Collection Set: 0.0ms
[46378.398s][info][gc,phases      ] GC(210)   Evacuate Collection Set: 2.5ms
[46378.398s][info][gc,phases      ] GC(210)   Post Evacuate Collection Set: 4.1ms
[46378.398s][info][gc,phases      ] GC(210)   Other: 0.6ms
[46378.398s][info][gc,heap        ] GC(210) Eden regions: 388->0(388)
[46378.398s][info][gc,heap        ] GC(210) Survivor regions: 1->1(49)
[46378.398s][info][gc,heap        ] GC(210) Old regions: 85->85
[46378.398s][info][gc,heap        ] GC(210) Humongous regions: 11->11
[46378.398s][info][gc,metaspace   ] GC(210) Metaspace: 97936K->97936K(1140736K)
[46378.398s][info][gc             ] GC(210) Pause Young (Normal) (G1 Evacuation Pause) 478M->90M(487M) 7.466ms
[46378.398s][info][gc,cpu         ] GC(210) User=0.03s Sys=0.00s Real=0.00s
[47005.634s][info][gc,start       ] GC(211) Pause Young (Normal) (G1 Evacuation Pause)
[47005.634s][info][gc,task        ] GC(211) Using 8 workers of 8 for evacuation
[47005.643s][info][gc,phases      ] GC(211)   Pre Evacuate Collection Set: 0.0ms
[47005.643s][info][gc,phases      ] GC(211)   Evacuate Collection Set: 4.7ms
[47005.643s][info][gc,phases      ] GC(211)   Post Evacuate Collection Set: 4.2ms
[47005.643s][info][gc,phases      ] GC(211)   Other: 0.6ms
[47005.643s][info][gc,heap        ] GC(211) Eden regions: 388->0(387)
[47005.643s][info][gc,heap        ] GC(211) Survivor regions: 1->2(49)
[47005.643s][info][gc,heap        ] GC(211) Old regions: 85->85
[47005.643s][info][gc,heap        ] GC(211) Humongous regions: 11->11
[47005.643s][info][gc,metaspace   ] GC(211) Metaspace: 98087K->98087K(1140736K)
[47005.643s][info][gc             ] GC(211) Pause Young (Normal) (G1 Evacuation Pause) 478M->91M(487M) 9.733ms
[47005.643s][info][gc,cpu         ] GC(211) User=0.04s Sys=0.00s Real=0.01s
[47637.307s][info][gc,start       ] GC(212) Pause Young (Normal) (G1 Evacuation Pause)
[47637.307s][info][gc,task        ] GC(212) Using 8 workers of 8 for evacuation
[47637.318s][info][gc,phases      ] GC(212)   Pre Evacuate Collection Set: 0.0ms
[47637.319s][info][gc,phases      ] GC(212)   Evacuate Collection Set: 5.8ms
[47637.319s][info][gc,phases      ] GC(212)   Post Evacuate Collection Set: 4.9ms
[47637.319s][info][gc,phases      ] GC(212)   Other: 0.6ms
[47637.319s][info][gc,heap        ] GC(212) Eden regions: 387->0(387)
[47637.319s][info][gc,heap        ] GC(212) Survivor regions: 2->3(49)
[47637.319s][info][gc,heap        ] GC(212) Old regions: 85->85
[47637.319s][info][gc,heap        ] GC(212) Humongous regions: 11->11
[47637.319s][info][gc,metaspace   ] GC(212) Metaspace: 98145K->98145K(1140736K)
[47637.319s][info][gc             ] GC(212) Pause Young (Normal) (G1 Evacuation Pause) 478M->91M(488M) 11.638ms
[47637.319s][info][gc,cpu         ] GC(212) User=0.05s Sys=0.00s Real=0.01s
[48286.064s][info][gc,start       ] GC(213) Pause Young (Normal) (G1 Evacuation Pause)
[48286.064s][info][gc,task        ] GC(213) Using 8 workers of 8 for evacuation
[48286.076s][info][gc,phases      ] GC(213)   Pre Evacuate Collection Set: 0.0ms
[48286.076s][info][gc,phases      ] GC(213)   Evacuate Collection Set: 6.1ms
[48286.076s][info][gc,phases      ] GC(213)   Post Evacuate Collection Set: 5.2ms
[48286.076s][info][gc,phases      ] GC(213)   Other: 0.6ms
[48286.076s][info][gc,heap        ] GC(213) Eden regions: 387->0(388)
[48286.076s][info][gc,heap        ] GC(213) Survivor regions: 3->3(49)
[48286.076s][info][gc,heap        ] GC(213) Old regions: 85->85
[48286.076s][info][gc,heap        ] GC(213) Humongous regions: 11->11
[48286.076s][info][gc,metaspace   ] GC(213) Metaspace: 98145K->98145K(1140736K)
[48286.076s][info][gc             ] GC(213) Pause Young (Normal) (G1 Evacuation Pause) 478M->92M(489M) 12.095ms
[48286.076s][info][gc,cpu         ] GC(213) User=0.06s Sys=0.00s Real=0.01s
[48928.690s][info][gc,start       ] GC(214) Pause Young (Normal) (G1 Evacuation Pause)
[48928.690s][info][gc,task        ] GC(214) Using 8 workers of 8 for evacuation
[48928.701s][info][gc,phases      ] GC(214)   Pre Evacuate Collection Set: 0.0ms
[48928.701s][info][gc,phases      ] GC(214)   Evacuate Collection Set: 6.5ms
[48928.701s][info][gc,phases      ] GC(214)   Post Evacuate Collection Set: 4.0ms
[48928.701s][info][gc,phases      ] GC(214)   Other: 0.7ms
[48928.701s][info][gc,heap        ] GC(214) Eden regions: 388->0(389)
[48928.701s][info][gc,heap        ] GC(214) Survivor regions: 3->3(49)
[48928.701s][info][gc,heap        ] GC(214) Old regions: 85->85
[48928.701s][info][gc,heap        ] GC(214) Humongous regions: 11->11
[48928.701s][info][gc,metaspace   ] GC(214) Metaspace: 98145K->98145K(1140736K)
[48928.701s][info][gc             ] GC(214) Pause Young (Normal) (G1 Evacuation Pause) 480M->92M(490M) 11.433ms
[48928.701s][info][gc,cpu         ] GC(214) User=0.06s Sys=0.00s Real=0.01s
[49585.704s][info][gc,start       ] GC(215) Pause Young (Normal) (G1 Evacuation Pause)
[49585.704s][info][gc,task        ] GC(215) Using 8 workers of 8 for evacuation
[49585.716s][info][gc,phases      ] GC(215)   Pre Evacuate Collection Set: 0.0ms
[49585.716s][info][gc,phases      ] GC(215)   Evacuate Collection Set: 3.7ms
[49585.716s][info][gc,phases      ] GC(215)   Post Evacuate Collection Set: 7.9ms
[49585.716s][info][gc,phases      ] GC(215)   Other: 0.6ms
[49585.716s][info][gc,heap        ] GC(215) Eden regions: 389->0(391)
[49585.716s][info][gc,heap        ] GC(215) Survivor regions: 3->1(49)
[49585.716s][info][gc,heap        ] GC(215) Old regions: 85->85
[49585.716s][info][gc,heap        ] GC(215) Humongous regions: 11->11
[49585.716s][info][gc,metaspace   ] GC(215) Metaspace: 98145K->98145K(1140736K)
[49585.716s][info][gc             ] GC(215) Pause Young (Normal) (G1 Evacuation Pause) 481M->90M(490M) 12.368ms
[49585.717s][info][gc,cpu         ] GC(215) User=0.06s Sys=0.00s Real=0.01s
[50232.310s][info][gc,start       ] GC(216) Pause Young (Normal) (G1 Evacuation Pause)
[50232.310s][info][gc,task        ] GC(216) Using 8 workers of 8 for evacuation
[50232.318s][info][gc,phases      ] GC(216)   Pre Evacuate Collection Set: 0.0ms
[50232.318s][info][gc,phases      ] GC(216)   Evacuate Collection Set: 3.0ms
[50232.318s][info][gc,phases      ] GC(216)   Post Evacuate Collection Set: 3.9ms
[50232.318s][info][gc,phases      ] GC(216)   Other: 0.4ms
[50232.318s][info][gc,heap        ] GC(216) Eden regions: 391->0(391)
[50232.318s][info][gc,heap        ] GC(216) Survivor regions: 1->1(49)
[50232.318s][info][gc,heap        ] GC(216) Old regions: 85->85
[50232.318s][info][gc,heap        ] GC(216) Humongous regions: 11->11
[50232.318s][info][gc,metaspace   ] GC(216) Metaspace: 98145K->98145K(1140736K)
[50232.318s][info][gc             ] GC(216) Pause Young (Normal) (G1 Evacuation Pause) 481M->90M(490M) 7.406ms
[50232.318s][info][gc,cpu         ] GC(216) User=0.04s Sys=0.00s Real=0.00s
[50865.702s][info][gc,start       ] GC(217) Pause Young (Normal) (G1 Evacuation Pause)
[50865.703s][info][gc,task        ] GC(217) Using 8 workers of 8 for evacuation
[50865.715s][info][gc,phases      ] GC(217)   Pre Evacuate Collection Set: 0.0ms
[50865.715s][info][gc,phases      ] GC(217)   Evacuate Collection Set: 5.2ms
[50865.715s][info][gc,phases      ] GC(217)   Post Evacuate Collection Set: 6.8ms
[50865.715s][info][gc,phases      ] GC(217)   Other: 0.7ms
[50865.715s][info][gc,heap        ] GC(217) Eden regions: 391->0(390)
[50865.715s][info][gc,heap        ] GC(217) Survivor regions: 1->2(49)
[50865.715s][info][gc,heap        ] GC(217) Old regions: 85->85
[50865.715s][info][gc,heap        ] GC(217) Humongous regions: 11->11
[50865.715s][info][gc,metaspace   ] GC(217) Metaspace: 98308K->98308K(1140736K)
[50865.715s][info][gc             ] GC(217) Pause Young (Normal) (G1 Evacuation Pause) 481M->91M(490M) 12.971ms
[50865.716s][info][gc,cpu         ] GC(217) User=0.06s Sys=0.01s Real=0.01s
[51514.877s][info][gc,start       ] GC(218) Pause Young (Normal) (G1 Evacuation Pause)
[51514.877s][info][gc,task        ] GC(218) Using 8 workers of 8 for evacuation
[51514.891s][info][gc,phases      ] GC(218)   Pre Evacuate Collection Set: 0.1ms
[51514.891s][info][gc,phases      ] GC(218)   Evacuate Collection Set: 5.2ms
[51514.891s][info][gc,phases      ] GC(218)   Post Evacuate Collection Set: 8.8ms
[51514.891s][info][gc,phases      ] GC(218)   Other: 0.8ms
[51514.891s][info][gc,heap        ] GC(218) Eden regions: 390->0(390)
[51514.891s][info][gc,heap        ] GC(218) Survivor regions: 2->2(49)
[51514.891s][info][gc,heap        ] GC(218) Old regions: 85->85
[51514.892s][info][gc,heap        ] GC(218) Humongous regions: 11->11
[51514.892s][info][gc,metaspace   ] GC(218) Metaspace: 98308K->98308K(1140736K)
[51514.892s][info][gc             ] GC(218) Pause Young (Normal) (G1 Evacuation Pause) 481M->91M(490M) 14.997ms
[51514.892s][info][gc,cpu         ] GC(218) User=0.07s Sys=0.00s Real=0.02s
[52166.064s][info][gc,start       ] GC(219) Pause Young (Normal) (G1 Evacuation Pause)
[52166.064s][info][gc,task        ] GC(219) Using 8 workers of 8 for evacuation
[52166.073s][info][gc,phases      ] GC(219)   Pre Evacuate Collection Set: 0.0ms
[52166.073s][info][gc,phases      ] GC(219)   Evacuate Collection Set: 4.0ms
[52166.073s][info][gc,phases      ] GC(219)   Post Evacuate Collection Set: 4.5ms
[52166.073s][info][gc,phases      ] GC(219)   Other: 0.3ms
[52166.073s][info][gc,heap        ] GC(219) Eden regions: 390->0(389)
[52166.073s][info][gc,heap        ] GC(219) Survivor regions: 2->3(49)
[52166.073s][info][gc,heap        ] GC(219) Old regions: 85->85
[52166.073s][info][gc,heap        ] GC(219) Humongous regions: 11->11
[52166.073s][info][gc,metaspace   ] GC(219) Metaspace: 98308K->98308K(1140736K)
[52166.073s][info][gc             ] GC(219) Pause Young (Normal) (G1 Evacuation Pause) 481M->91M(491M) 8.883ms
[52166.073s][info][gc,cpu         ] GC(219) User=0.05s Sys=0.00s Real=0.01s
[52815.701s][info][gc,start       ] GC(220) Pause Young (Normal) (G1 Evacuation Pause)
[52815.701s][info][gc,task        ] GC(220) Using 8 workers of 8 for evacuation
[52815.710s][info][gc,phases      ] GC(220)   Pre Evacuate Collection Set: 0.0ms
[52815.710s][info][gc,phases      ] GC(220)   Evacuate Collection Set: 2.7ms
[52815.710s][info][gc,phases      ] GC(220)   Post Evacuate Collection Set: 5.5ms
[52815.710s][info][gc,phases      ] GC(220)   Other: 0.3ms
[52815.710s][info][gc,heap        ] GC(220) Eden regions: 389->0(391)
[52815.710s][info][gc,heap        ] GC(220) Survivor regions: 3->1(49)
[52815.710s][info][gc,heap        ] GC(220) Old regions: 85->85
[52815.710s][info][gc,heap        ] GC(220) Humongous regions: 11->11
[52815.710s][info][gc,metaspace   ] GC(220) Metaspace: 98308K->98308K(1140736K)
[52815.710s][info][gc             ] GC(220) Pause Young (Normal) (G1 Evacuation Pause) 480M->90M(491M) 8.614ms
[52815.710s][info][gc,cpu         ] GC(220) User=0.05s Sys=0.00s Real=0.01s
[53467.306s][info][gc,start       ] GC(221) Pause Young (Normal) (G1 Evacuation Pause)
[53467.306s][info][gc,task        ] GC(221) Using 8 workers of 8 for evacuation
[53467.320s][info][gc,phases      ] GC(221)   Pre Evacuate Collection Set: 0.0ms
[53467.320s][info][gc,phases      ] GC(221)   Evacuate Collection Set: 3.4ms
[53467.320s][info][gc,phases      ] GC(221)   Post Evacuate Collection Set: 10.1ms
[53467.320s][info][gc,phases      ] GC(221)   Other: 0.7ms
[53467.320s][info][gc,heap        ] GC(221) Eden regions: 391->0(391)
[53467.320s][info][gc,heap        ] GC(221) Survivor regions: 1->1(49)
[53467.320s][info][gc,heap        ] GC(221) Old regions: 85->85
[53467.321s][info][gc,heap        ] GC(221) Humongous regions: 11->11
[53467.321s][info][gc,metaspace   ] GC(221) Metaspace: 98308K->98308K(1140736K)
[53467.321s][info][gc             ] GC(221) Pause Young (Normal) (G1 Evacuation Pause) 481M->90M(491M) 14.361ms
[53467.321s][info][gc,cpu         ] GC(221) User=0.06s Sys=0.00s Real=0.02s
[54107.386s][info][gc,start       ] GC(222) Pause Young (Normal) (G1 Evacuation Pause)
[54107.386s][info][gc,task        ] GC(222) Using 8 workers of 8 for evacuation
[54107.393s][info][gc,phases      ] GC(222)   Pre Evacuate Collection Set: 0.0ms
[54107.393s][info][gc,phases      ] GC(222)   Evacuate Collection Set: 3.2ms
[54107.393s][info][gc,phases      ] GC(222)   Post Evacuate Collection Set: 3.3ms
[54107.393s][info][gc,phases      ] GC(222)   Other: 0.3ms
[54107.393s][info][gc,heap        ] GC(222) Eden regions: 391->0(390)
[54107.393s][info][gc,heap        ] GC(222) Survivor regions: 1->2(49)
[54107.393s][info][gc,heap        ] GC(222) Old regions: 85->85
[54107.393s][info][gc,heap        ] GC(222) Humongous regions: 11->11
[54107.393s][info][gc,metaspace   ] GC(222) Metaspace: 98479K->98479K(1140736K)
[54107.393s][info][gc             ] GC(222) Pause Young (Normal) (G1 Evacuation Pause) 481M->91M(491M) 6.866ms
[54107.393s][info][gc,cpu         ] GC(222) User=0.03s Sys=0.00s Real=0.01s
[54746.066s][info][gc,start       ] GC(223) Pause Young (Normal) (G1 Evacuation Pause)
[54746.066s][info][gc,task        ] GC(223) Using 8 workers of 8 for evacuation
[54746.079s][info][gc,phases      ] GC(223)   Pre Evacuate Collection Set: 0.0ms
[54746.079s][info][gc,phases      ] GC(223)   Evacuate Collection Set: 6.3ms
[54746.079s][info][gc,phases      ] GC(223)   Post Evacuate Collection Set: 6.1ms
[54746.079s][info][gc,phases      ] GC(223)   Other: 0.6ms
[54746.079s][info][gc,heap        ] GC(223) Eden regions: 390->0(389)
[54746.079s][info][gc,heap        ] GC(223) Survivor regions: 2->3(49)
[54746.079s][info][gc,heap        ] GC(223) Old regions: 85->85
[54746.079s][info][gc,heap        ] GC(223) Humongous regions: 11->11
[54746.079s][info][gc,metaspace   ] GC(223) Metaspace: 98567K->98567K(1140736K)
[54746.079s][info][gc             ] GC(223) Pause Young (Normal) (G1 Evacuation Pause) 481M->92M(491M) 13.293ms
[54746.079s][info][gc,cpu         ] GC(223) User=0.06s Sys=0.00s Real=0.01s
[55393.777s][info][gc,start       ] GC(224) Pause Young (Normal) (G1 Evacuation Pause)
[55393.777s][info][gc,task        ] GC(224) Using 8 workers of 8 for evacuation
[55393.791s][info][gc,phases      ] GC(224)   Pre Evacuate Collection Set: 0.0ms
[55393.791s][info][gc,phases      ] GC(224)   Evacuate Collection Set: 5.8ms
[55393.791s][info][gc,phases      ] GC(224)   Post Evacuate Collection Set: 7.8ms
[55393.791s][info][gc,phases      ] GC(224)   Other: 0.7ms
[55393.791s][info][gc,heap        ] GC(224) Eden regions: 389->0(389)
[55393.791s][info][gc,heap        ] GC(224) Survivor regions: 3->3(49)
[55393.791s][info][gc,heap        ] GC(224) Old regions: 85->85
[55393.791s][info][gc,heap        ] GC(224) Humongous regions: 11->11
[55393.791s][info][gc,metaspace   ] GC(224) Metaspace: 98567K->98567K(1140736K)
[55393.792s][info][gc             ] GC(224) Pause Young (Normal) (G1 Evacuation Pause) 481M->92M(491M) 14.528ms
[55393.792s][info][gc,cpu         ] GC(224) User=0.08s Sys=0.00s Real=0.02s
[56046.065s][info][gc,start       ] GC(225) Pause Young (Normal) (G1 Evacuation Pause)
[56046.065s][info][gc,task        ] GC(225) Using 8 workers of 8 for evacuation
[56046.077s][info][gc,phases      ] GC(225)   Pre Evacuate Collection Set: 0.0ms
[56046.077s][info][gc,phases      ] GC(225)   Evacuate Collection Set: 5.7ms
[56046.077s][info][gc,phases      ] GC(225)   Post Evacuate Collection Set: 5.9ms
[56046.077s][info][gc,phases      ] GC(225)   Other: 0.6ms
[56046.077s][info][gc,heap        ] GC(225) Eden regions: 389->0(389)
[56046.077s][info][gc,heap        ] GC(225) Survivor regions: 3->3(49)
[56046.077s][info][gc,heap        ] GC(225) Old regions: 85->85
[56046.077s][info][gc,heap        ] GC(225) Humongous regions: 11->11
[56046.077s][info][gc,metaspace   ] GC(225) Metaspace: 98567K->98567K(1140736K)
[56046.077s][info][gc             ] GC(225) Pause Young (Normal) (G1 Evacuation Pause) 481M->92M(491M) 12.481ms
[56046.078s][info][gc,cpu         ] GC(225) User=0.05s Sys=0.00s Real=0.01s
[56693.935s][info][gc,start       ] GC(226) Pause Young (Normal) (G1 Evacuation Pause)
[56693.935s][info][gc,task        ] GC(226) Using 8 workers of 8 for evacuation
[56693.940s][info][gc,phases      ] GC(226)   Pre Evacuate Collection Set: 0.0ms
[56693.940s][info][gc,phases      ] GC(226)   Evacuate Collection Set: 2.0ms
[56693.940s][info][gc,phases      ] GC(226)   Post Evacuate Collection Set: 2.8ms
[56693.940s][info][gc,phases      ] GC(226)   Other: 0.2ms
[56693.940s][info][gc,heap        ] GC(226) Eden regions: 389->0(391)
[56693.940s][info][gc,heap        ] GC(226) Survivor regions: 3->1(49)
[56693.940s][info][gc,heap        ] GC(226) Old regions: 85->85
[56693.940s][info][gc,heap        ] GC(226) Humongous regions: 11->11
[56693.940s][info][gc,metaspace   ] GC(226) Metaspace: 98567K->98567K(1140736K)
[56693.940s][info][gc             ] GC(226) Pause Young (Normal) (G1 Evacuation Pause) 481M->90M(491M) 5.147ms
[56693.940s][info][gc,cpu         ] GC(226) User=0.02s Sys=0.00s Real=0.01s
[57346.074s][info][gc,start       ] GC(227) Pause Young (Normal) (G1 Evacuation Pause)
[57346.074s][info][gc,task        ] GC(227) Using 8 workers of 8 for evacuation
[57346.085s][info][gc,phases      ] GC(227)   Pre Evacuate Collection Set: 0.0ms
[57346.086s][info][gc,phases      ] GC(227)   Evacuate Collection Set: 6.5ms
[57346.086s][info][gc,phases      ] GC(227)   Post Evacuate Collection Set: 4.1ms
[57346.086s][info][gc,phases      ] GC(227)   Other: 0.7ms
[57346.086s][info][gc,heap        ] GC(227) Eden regions: 391->0(391)
[57346.086s][info][gc,heap        ] GC(227) Survivor regions: 1->1(49)
[57346.086s][info][gc,heap        ] GC(227) Old regions: 85->85
[57346.086s][info][gc,heap        ] GC(227) Humongous regions: 11->11
[57346.086s][info][gc,metaspace   ] GC(227) Metaspace: 98567K->98567K(1140736K)
[57346.086s][info][gc             ] GC(227) Pause Young (Normal) (G1 Evacuation Pause) 481M->90M(491M) 11.506ms
[57346.086s][info][gc,cpu         ] GC(227) User=0.05s Sys=0.00s Real=0.01s
[57975.699s][info][gc,start       ] GC(228) Pause Young (Normal) (G1 Evacuation Pause)
[57975.699s][info][gc,task        ] GC(228) Using 8 workers of 8 for evacuation
[57975.704s][info][gc,phases      ] GC(228)   Pre Evacuate Collection Set: 0.0ms
[57975.704s][info][gc,phases      ] GC(228)   Evacuate Collection Set: 2.1ms
[57975.704s][info][gc,phases      ] GC(228)   Post Evacuate Collection Set: 2.1ms
[57975.704s][info][gc,phases      ] GC(228)   Other: 0.3ms
[57975.704s][info][gc,heap        ] GC(228) Eden regions: 391->0(390)
[57975.704s][info][gc,heap        ] GC(228) Survivor regions: 1->2(49)
[57975.704s][info][gc,heap        ] GC(228) Old regions: 85->85
[57975.704s][info][gc,heap        ] GC(228) Humongous regions: 11->11
[57975.704s][info][gc,metaspace   ] GC(228) Metaspace: 98805K->98805K(1140736K)
[57975.704s][info][gc             ] GC(228) Pause Young (Normal) (G1 Evacuation Pause) 481M->91M(491M) 4.641ms
[57975.704s][info][gc,cpu         ] GC(228) User=0.02s Sys=0.00s Real=0.01s
[58626.071s][info][gc,start       ] GC(229) Pause Young (Normal) (G1 Evacuation Pause)
[58626.071s][info][gc,task        ] GC(229) Using 8 workers of 8 for evacuation
[58626.085s][info][gc,phases      ] GC(229)   Pre Evacuate Collection Set: 0.0ms
[58626.085s][info][gc,phases      ] GC(229)   Evacuate Collection Set: 7.2ms
[58626.085s][info][gc,phases      ] GC(229)   Post Evacuate Collection Set: 6.6ms
[58626.085s][info][gc,phases      ] GC(229)   Other: 0.6ms
[58626.085s][info][gc,heap        ] GC(229) Eden regions: 390->0(390)
[58626.085s][info][gc,heap        ] GC(229) Survivor regions: 2->2(49)
[58626.086s][info][gc,heap        ] GC(229) Old regions: 85->85
[58626.086s][info][gc,heap        ] GC(229) Humongous regions: 11->11
[58626.086s][info][gc,metaspace   ] GC(229) Metaspace: 98805K->98805K(1140736K)
[58626.086s][info][gc             ] GC(229) Pause Young (Normal) (G1 Evacuation Pause) 481M->92M(491M) 14.695ms
[58626.086s][info][gc,cpu         ] GC(229) User=0.08s Sys=0.00s Real=0.01s
[59282.302s][info][gc,start       ] GC(230) Pause Young (Normal) (G1 Evacuation Pause)
[59282.308s][info][gc,task        ] GC(230) Using 8 workers of 8 for evacuation
[59282.313s][info][gc,phases      ] GC(230)   Pre Evacuate Collection Set: 0.0ms
[59282.313s][info][gc,phases      ] GC(230)   Evacuate Collection Set: 2.7ms
[59282.313s][info][gc,phases      ] GC(230)   Post Evacuate Collection Set: 2.6ms
[59282.313s][info][gc,phases      ] GC(230)   Other: 6.3ms
[59282.313s][info][gc,heap        ] GC(230) Eden regions: 390->0(390)
[59282.313s][info][gc,heap        ] GC(230) Survivor regions: 2->2(49)
[59282.313s][info][gc,heap        ] GC(230) Old regions: 85->85
[59282.313s][info][gc,heap        ] GC(230) Humongous regions: 11->11
[59282.313s][info][gc,metaspace   ] GC(230) Metaspace: 98805K->98805K(1140736K)
[59282.313s][info][gc             ] GC(230) Pause Young (Normal) (G1 Evacuation Pause) 482M->92M(491M) 11.571ms
[59282.313s][info][gc,cpu         ] GC(230) User=0.03s Sys=0.00s Real=0.01s
[59927.161s][info][gc,start       ] GC(231) Pause Young (Normal) (G1 Evacuation Pause)
[59927.162s][info][gc,task        ] GC(231) Using 8 workers of 8 for evacuation
[59927.172s][info][gc,phases      ] GC(231)   Pre Evacuate Collection Set: 0.0ms
[59927.173s][info][gc,phases      ] GC(231)   Evacuate Collection Set: 3.2ms
[59927.173s][info][gc,phases      ] GC(231)   Post Evacuate Collection Set: 7.2ms
[59927.173s][info][gc,phases      ] GC(231)   Other: 0.7ms
[59927.173s][info][gc,heap        ] GC(231) Eden regions: 390->0(391)
[59927.173s][info][gc,heap        ] GC(231) Survivor regions: 2->1(49)
[59927.173s][info][gc,heap        ] GC(231) Old regions: 85->85
[59927.173s][info][gc,heap        ] GC(231) Humongous regions: 11->11
[59927.173s][info][gc,metaspace   ] GC(231) Metaspace: 98805K->98805K(1140736K)
[59927.173s][info][gc             ] GC(231) Pause Young (Normal) (G1 Evacuation Pause) 482M->90M(491M) 11.361ms
[59927.173s][info][gc,cpu         ] GC(231) User=0.05s Sys=0.00s Real=0.01s
[60586.061s][info][gc,start       ] GC(232) Pause Young (Normal) (G1 Evacuation Pause)
[60586.062s][info][gc,task        ] GC(232) Using 8 workers of 8 for evacuation
[60586.072s][info][gc,phases      ] GC(232)   Pre Evacuate Collection Set: 0.0ms
[60586.072s][info][gc,phases      ] GC(232)   Evacuate Collection Set: 2.9ms
[60586.072s][info][gc,phases      ] GC(232)   Post Evacuate Collection Set: 7.1ms
[60586.072s][info][gc,phases      ] GC(232)   Other: 0.7ms
[60586.072s][info][gc,heap        ] GC(232) Eden regions: 391->0(391)
[60586.072s][info][gc,heap        ] GC(232) Survivor regions: 1->1(49)
[60586.072s][info][gc,heap        ] GC(232) Old regions: 85->85
[60586.072s][info][gc,heap        ] GC(232) Humongous regions: 11->11
[60586.072s][info][gc,metaspace   ] GC(232) Metaspace: 98805K->98805K(1140736K)
[60586.073s][info][gc             ] GC(232) Pause Young (Normal) (G1 Evacuation Pause) 481M->90M(491M) 11.048ms
[60586.073s][info][gc,cpu         ] GC(232) User=0.04s Sys=0.01s Real=0.01s
[61237.306s][info][gc,start       ] GC(233) Pause Young (Normal) (G1 Evacuation Pause)
[61237.306s][info][gc,task        ] GC(233) Using 8 workers of 8 for evacuation
[61237.322s][info][gc,phases      ] GC(233)   Pre Evacuate Collection Set: 0.0ms
[61237.322s][info][gc,phases      ] GC(233)   Evacuate Collection Set: 5.3ms
[61237.322s][info][gc,phases      ] GC(233)   Post Evacuate Collection Set: 10.4ms
[61237.322s][info][gc,phases      ] GC(233)   Other: 0.6ms
[61237.322s][info][gc,heap        ] GC(233) Eden regions: 391->0(391)
[61237.322s][info][gc,heap        ] GC(233) Survivor regions: 1->1(49)
[61237.322s][info][gc,heap        ] GC(233) Old regions: 85->85
[61237.322s][info][gc,heap        ] GC(233) Humongous regions: 11->11
[61237.322s][info][gc,metaspace   ] GC(233) Metaspace: 98805K->98805K(1140736K)
[61237.322s][info][gc             ] GC(233) Pause Young (Normal) (G1 Evacuation Pause) 481M->90M(491M) 16.567ms
[61237.323s][info][gc,cpu         ] GC(233) User=0.08s Sys=0.00s Real=0.02s
[61857.384s][info][gc,start       ] GC(234) Pause Young (Normal) (G1 Evacuation Pause)
[61857.384s][info][gc,task        ] GC(234) Using 8 workers of 8 for evacuation
[61857.397s][info][gc,phases      ] GC(234)   Pre Evacuate Collection Set: 0.1ms
[61857.397s][info][gc,phases      ] GC(234)   Evacuate Collection Set: 5.2ms
[61857.397s][info][gc,phases      ] GC(234)   Post Evacuate Collection Set: 7.0ms
[61857.397s][info][gc,phases      ] GC(234)   Other: 0.6ms
[61857.397s][info][gc,heap        ] GC(234) Eden regions: 391->0(390)
[61857.397s][info][gc,heap        ] GC(234) Survivor regions: 1->2(49)
[61857.397s][info][gc,heap        ] GC(234) Old regions: 85->85
[61857.397s][info][gc,heap        ] GC(234) Humongous regions: 11->11
[61857.397s][info][gc,metaspace   ] GC(234) Metaspace: 98996K->98996K(1140736K)
[61857.397s][info][gc             ] GC(234) Pause Young (Normal) (G1 Evacuation Pause) 481M->92M(491M) 12.998ms
[61857.397s][info][gc,cpu         ] GC(234) User=0.06s Sys=0.01s Real=0.01s
[62506.078s][info][gc,start       ] GC(235) Pause Young (Normal) (G1 Evacuation Pause)
[62506.078s][info][gc,task        ] GC(235) Using 8 workers of 8 for evacuation
[62506.085s][info][gc,phases      ] GC(235)   Pre Evacuate Collection Set: 0.0ms
[62506.085s][info][gc,phases      ] GC(235)   Evacuate Collection Set: 3.3ms
[62506.085s][info][gc,phases      ] GC(235)   Post Evacuate Collection Set: 3.5ms
[62506.085s][info][gc,phases      ] GC(235)   Other: 0.4ms
[62506.085s][info][gc,heap        ] GC(235) Eden regions: 390->0(390)
[62506.085s][info][gc,heap        ] GC(235) Survivor regions: 2->2(49)
[62506.085s][info][gc,heap        ] GC(235) Old regions: 85->85
[62506.085s][info][gc,heap        ] GC(235) Humongous regions: 11->11
[62506.085s][info][gc,metaspace   ] GC(235) Metaspace: 98996K->98996K(1140736K)
[62506.085s][info][gc             ] GC(235) Pause Young (Normal) (G1 Evacuation Pause) 482M->92M(491M) 7.247ms
[62506.085s][info][gc,cpu         ] GC(235) User=0.03s Sys=0.00s Real=0.01s
[63165.703s][info][gc,start       ] GC(236) Pause Young (Normal) (G1 Evacuation Pause)
[63165.703s][info][gc,task        ] GC(236) Using 8 workers of 8 for evacuation
[63165.714s][info][gc,phases      ] GC(236)   Pre Evacuate Collection Set: 0.0ms
[63165.714s][info][gc,phases      ] GC(236)   Evacuate Collection Set: 5.5ms
[63165.714s][info][gc,phases      ] GC(236)   Post Evacuate Collection Set: 4.3ms
[63165.714s][info][gc,phases      ] GC(236)   Other: 0.8ms
[63165.714s][info][gc,heap        ] GC(236) Eden regions: 390->0(390)
[63165.714s][info][gc,heap        ] GC(236) Survivor regions: 2->2(49)
[63165.714s][info][gc,heap        ] GC(236) Old regions: 85->85
[63165.714s][info][gc,heap        ] GC(236) Humongous regions: 11->11
[63165.714s][info][gc,metaspace   ] GC(236) Metaspace: 98996K->98996K(1140736K)
[63165.714s][info][gc             ] GC(236) Pause Young (Normal) (G1 Evacuation Pause) 482M->92M(491M) 10.799ms
[63165.714s][info][gc,cpu         ] GC(236) User=0.04s Sys=0.00s Real=0.01s
[63805.705s][info][gc,start       ] GC(237) Pause Young (Normal) (G1 Evacuation Pause)
[63805.706s][info][gc,task        ] GC(237) Using 8 workers of 8 for evacuation
[63805.717s][info][gc,phases      ] GC(237)   Pre Evacuate Collection Set: 0.0ms
[63805.717s][info][gc,phases      ] GC(237)   Evacuate Collection Set: 3.3ms
[63805.717s][info][gc,phases      ] GC(237)   Post Evacuate Collection Set: 7.2ms
[63805.717s][info][gc,phases      ] GC(237)   Other: 0.7ms
[63805.717s][info][gc,heap        ] GC(237) Eden regions: 390->0(391)
[63805.717s][info][gc,heap        ] GC(237) Survivor regions: 2->1(49)
[63805.717s][info][gc,heap        ] GC(237) Old regions: 85->85
[63805.717s][info][gc,heap        ] GC(237) Humongous regions: 11->11
[63805.717s][info][gc,metaspace   ] GC(237) Metaspace: 98996K->98996K(1140736K)
[63805.717s][info][gc             ] GC(237) Pause Young (Normal) (G1 Evacuation Pause) 482M->90M(491M) 11.457ms
[63805.717s][info][gc,cpu         ] GC(237) User=0.05s Sys=0.01s Real=0.01s
[64442.308s][info][gc,start       ] GC(238) Pause Young (Normal) (G1 Evacuation Pause)
[64442.308s][info][gc,task        ] GC(238) Using 8 workers of 8 for evacuation
[64442.321s][info][gc,phases      ] GC(238)   Pre Evacuate Collection Set: 0.1ms
[64442.321s][info][gc,phases      ] GC(238)   Evacuate Collection Set: 6.3ms
[64442.321s][info][gc,phases      ] GC(238)   Post Evacuate Collection Set: 6.0ms
[64442.321s][info][gc,phases      ] GC(238)   Other: 0.8ms
[64442.321s][info][gc,heap        ] GC(238) Eden regions: 391->0(391)
[64442.321s][info][gc,heap        ] GC(238) Survivor regions: 1->1(49)
[64442.321s][info][gc,heap        ] GC(238) Old regions: 85->85
[64442.321s][info][gc,heap        ] GC(238) Humongous regions: 11->11
[64442.321s][info][gc,metaspace   ] GC(238) Metaspace: 98996K->98996K(1140736K)
[64442.321s][info][gc             ] GC(238) Pause Young (Normal) (G1 Evacuation Pause) 481M->90M(491M) 13.347ms
[64442.321s][info][gc,cpu         ] GC(238) User=0.05s Sys=0.00s Real=0.02s
[65052.889s][info][gc,start       ] GC(239) Pause Young (Normal) (G1 Evacuation Pause)
[65052.889s][info][gc,task        ] GC(239) Using 8 workers of 8 for evacuation
[65052.903s][info][gc,phases      ] GC(239)   Pre Evacuate Collection Set: 0.0ms
[65052.903s][info][gc,phases      ] GC(239)   Evacuate Collection Set: 4.6ms
[65052.903s][info][gc,phases      ] GC(239)   Post Evacuate Collection Set: 8.9ms
[65052.904s][info][gc,phases      ] GC(239)   Other: 0.7ms
[65052.904s][info][gc,heap        ] GC(239) Eden regions: 391->0(390)
[65052.904s][info][gc,heap        ] GC(239) Survivor regions: 1->2(49)
[65052.904s][info][gc,heap        ] GC(239) Old regions: 85->85
[65052.904s][info][gc,heap        ] GC(239) Humongous regions: 11->11
[65052.904s][info][gc,metaspace   ] GC(239) Metaspace: 99141K->99141K(1140736K)
[65052.904s][info][gc             ] GC(239) Pause Young (Normal) (G1 Evacuation Pause) 481M->91M(491M) 14.651ms
[65052.904s][info][gc,cpu         ] GC(239) User=0.05s Sys=0.00s Real=0.02s
[65687.307s][info][gc,start       ] GC(240) Pause Young (Normal) (G1 Evacuation Pause)
[65687.307s][info][gc,task        ] GC(240) Using 8 workers of 8 for evacuation
[65687.316s][info][gc,phases      ] GC(240)   Pre Evacuate Collection Set: 0.0ms
[65687.317s][info][gc,phases      ] GC(240)   Evacuate Collection Set: 4.7ms
[65687.317s][info][gc,phases      ] GC(240)   Post Evacuate Collection Set: 4.2ms
[65687.317s][info][gc,phases      ] GC(240)   Other: 0.7ms
[65687.317s][info][gc,heap        ] GC(240) Eden regions: 390->0(390)
[65687.317s][info][gc,heap        ] GC(240) Survivor regions: 2->2(49)
[65687.317s][info][gc,heap        ] GC(240) Old regions: 85->85
[65687.317s][info][gc,heap        ] GC(240) Humongous regions: 11->11
[65687.317s][info][gc,metaspace   ] GC(240) Metaspace: 99141K->99141K(1140736K)
[65687.317s][info][gc             ] GC(240) Pause Young (Normal) (G1 Evacuation Pause) 481M->91M(491M) 9.880ms
[65687.317s][info][gc,cpu         ] GC(240) User=0.04s Sys=0.00s Real=0.01s
[66326.088s][info][gc,start       ] GC(241) Pause Young (Normal) (G1 Evacuation Pause)
[66326.089s][info][gc,task        ] GC(241) Using 8 workers of 8 for evacuation
[66326.102s][info][gc,phases      ] GC(241)   Pre Evacuate Collection Set: 0.4ms
[66326.103s][info][gc,phases      ] GC(241)   Evacuate Collection Set: 5.1ms
[66326.103s][info][gc,phases      ] GC(241)   Post Evacuate Collection Set: 7.2ms
[66326.103s][info][gc,phases      ] GC(241)   Other: 2.4ms
[66326.103s][info][gc,heap        ] GC(241) Eden regions: 390->0(390)
[66326.103s][info][gc,heap        ] GC(241) Survivor regions: 2->2(49)
[66326.103s][info][gc,heap        ] GC(241) Old regions: 85->85
[66326.103s][info][gc,heap        ] GC(241) Humongous regions: 11->11
[66326.103s][info][gc,metaspace   ] GC(241) Metaspace: 99141K->99141K(1140736K)
[66326.103s][info][gc             ] GC(241) Pause Young (Normal) (G1 Evacuation Pause) 481M->92M(491M) 15.056ms
[66326.104s][info][gc,cpu         ] GC(241) User=0.06s Sys=0.01s Real=0.02s
[66966.075s][info][gc,start       ] GC(242) Pause Young (Normal) (G1 Evacuation Pause)
[66966.076s][info][gc,task        ] GC(242) Using 8 workers of 8 for evacuation
[66966.086s][info][gc,phases      ] GC(242)   Pre Evacuate Collection Set: 0.0ms
[66966.086s][info][gc,phases      ] GC(242)   Evacuate Collection Set: 5.0ms
[66966.086s][info][gc,phases      ] GC(242)   Post Evacuate Collection Set: 5.0ms
[66966.086s][info][gc,phases      ] GC(242)   Other: 0.6ms
[66966.086s][info][gc,heap        ] GC(242) Eden regions: 390->0(390)
[66966.086s][info][gc,heap        ] GC(242) Survivor regions: 2->2(49)
[66966.086s][info][gc,heap        ] GC(242) Old regions: 85->85
[66966.086s][info][gc,heap        ] GC(242) Humongous regions: 11->11
[66966.086s][info][gc,metaspace   ] GC(242) Metaspace: 99141K->99141K(1140736K)
[66966.086s][info][gc             ] GC(242) Pause Young (Normal) (G1 Evacuation Pause) 482M->92M(491M) 10.888ms
[66966.086s][info][gc,cpu         ] GC(242) User=0.05s Sys=0.00s Real=0.01s
[67606.064s][info][gc,start       ] GC(243) Pause Young (Normal) (G1 Evacuation Pause)
[67606.064s][info][gc,task        ] GC(243) Using 8 workers of 8 for evacuation
[67606.071s][info][gc,phases      ] GC(243)   Pre Evacuate Collection Set: 0.0ms
[67606.071s][info][gc,phases      ] GC(243)   Evacuate Collection Set: 1.7ms
[67606.071s][info][gc,phases      ] GC(243)   Post Evacuate Collection Set: 5.3ms
[67606.071s][info][gc,phases      ] GC(243)   Other: 0.4ms
[67606.071s][info][gc,heap        ] GC(243) Eden regions: 390->0(391)
[67606.071s][info][gc,heap        ] GC(243) Survivor regions: 2->1(49)
[67606.072s][info][gc,heap        ] GC(243) Old regions: 85->85
[67606.072s][info][gc,heap        ] GC(243) Humongous regions: 11->11
[67606.072s][info][gc,metaspace   ] GC(243) Metaspace: 99141K->99141K(1140736K)
[67606.072s][info][gc             ] GC(243) Pause Young (Normal) (G1 Evacuation Pause) 482M->91M(491M) 7.486ms
[67606.072s][info][gc,cpu         ] GC(243) User=0.03s Sys=0.00s Real=0.01s
[68246.068s][info][gc,start       ] GC(244) Pause Young (Normal) (G1 Evacuation Pause)
[68246.068s][info][gc,task        ] GC(244) Using 8 workers of 8 for evacuation
[68246.076s][info][gc,phases      ] GC(244)   Pre Evacuate Collection Set: 0.0ms
[68246.076s][info][gc,phases      ] GC(244)   Evacuate Collection Set: 3.0ms
[68246.076s][info][gc,phases      ] GC(244)   Post Evacuate Collection Set: 4.0ms
[68246.076s][info][gc,phases      ] GC(244)   Other: 0.6ms
[68246.076s][info][gc,heap        ] GC(244) Eden regions: 391->0(391)
[68246.076s][info][gc,heap        ] GC(244) Survivor regions: 1->1(49)
[68246.076s][info][gc,heap        ] GC(244) Old regions: 85->85
[68246.076s][info][gc,heap        ] GC(244) Humongous regions: 11->11
[68246.076s][info][gc,metaspace   ] GC(244) Metaspace: 99141K->99141K(1140736K)
[68246.076s][info][gc             ] GC(244) Pause Young (Normal) (G1 Evacuation Pause) 482M->91M(491M) 7.844ms
[68246.076s][info][gc,cpu         ] GC(244) User=0.03s Sys=0.01s Real=0.01s
[68857.565s][info][gc,start       ] GC(245) Pause Young (Normal) (G1 Evacuation Pause)
[68857.565s][info][gc,task        ] GC(245) Using 8 workers of 8 for evacuation
[68857.579s][info][gc,phases      ] GC(245)   Pre Evacuate Collection Set: 0.1ms
[68857.579s][info][gc,phases      ] GC(245)   Evacuate Collection Set: 5.8ms
[68857.579s][info][gc,phases      ] GC(245)   Post Evacuate Collection Set: 7.4ms
[68857.579s][info][gc,phases      ] GC(245)   Other: 0.7ms
[68857.579s][info][gc,heap        ] GC(245) Eden regions: 391->0(390)
[68857.579s][info][gc,heap        ] GC(245) Survivor regions: 1->2(49)
[68857.579s][info][gc,heap        ] GC(245) Old regions: 85->85
[68857.579s][info][gc,heap        ] GC(245) Humongous regions: 11->11
[68857.579s][info][gc,metaspace   ] GC(245) Metaspace: 99291K->99291K(1142784K)
[68857.579s][info][gc             ] GC(245) Pause Young (Normal) (G1 Evacuation Pause) 482M->92M(491M) 14.199ms
[68857.580s][info][gc,cpu         ] GC(245) User=0.07s Sys=0.00s Real=0.02s
[69487.305s][info][gc,start       ] GC(246) Pause Young (Normal) (G1 Evacuation Pause)
[69487.305s][info][gc,task        ] GC(246) Using 8 workers of 8 for evacuation
[69487.316s][info][gc,phases      ] GC(246)   Pre Evacuate Collection Set: 0.0ms
[69487.316s][info][gc,phases      ] GC(246)   Evacuate Collection Set: 5.1ms
[69487.316s][info][gc,phases      ] GC(246)   Post Evacuate Collection Set: 5.0ms
[69487.316s][info][gc,phases      ] GC(246)   Other: 0.8ms
[69487.316s][info][gc,heap        ] GC(246) Eden regions: 390->0(389)
[69487.316s][info][gc,heap        ] GC(246) Survivor regions: 2->3(49)
[69487.316s][info][gc,heap        ] GC(246) Old regions: 85->85
[69487.316s][info][gc,heap        ] GC(246) Humongous regions: 11->11
[69487.316s][info][gc,metaspace   ] GC(246) Metaspace: 99301K->99301K(1142784K)
[69487.316s][info][gc             ] GC(246) Pause Young (Normal) (G1 Evacuation Pause) 482M->92M(491M) 11.091ms
[69487.316s][info][gc,cpu         ] GC(246) User=0.05s Sys=0.00s Real=0.01s
[70133.516s][info][gc,start       ] GC(247) Pause Young (Normal) (G1 Evacuation Pause)
[70133.516s][info][gc,task        ] GC(247) Using 8 workers of 8 for evacuation
[70133.528s][info][gc,phases      ] GC(247)   Pre Evacuate Collection Set: 0.1ms
[70133.528s][info][gc,phases      ] GC(247)   Evacuate Collection Set: 5.0ms
[70133.528s][info][gc,phases      ] GC(247)   Post Evacuate Collection Set: 5.8ms
[70133.528s][info][gc,phases      ] GC(247)   Other: 0.8ms
[70133.528s][info][gc,heap        ] GC(247) Eden regions: 389->0(389)
[70133.528s][info][gc,heap        ] GC(247) Survivor regions: 3->3(49)
[70133.528s][info][gc,heap        ] GC(247) Old regions: 85->85
[70133.528s][info][gc,heap        ] GC(247) Humongous regions: 11->11
[70133.528s][info][gc,metaspace   ] GC(247) Metaspace: 99301K->99301K(1142784K)
[70133.528s][info][gc             ] GC(247) Pause Young (Normal) (G1 Evacuation Pause) 481M->92M(491M) 11.842ms
[70133.528s][info][gc,cpu         ] GC(247) User=0.06s Sys=0.00s Real=0.01s
[70782.308s][info][gc,start       ] GC(248) Pause Young (Normal) (G1 Evacuation Pause)
[70782.308s][info][gc,task        ] GC(248) Using 8 workers of 8 for evacuation
[70782.320s][info][gc,phases      ] GC(248)   Pre Evacuate Collection Set: 0.0ms
[70782.320s][info][gc,phases      ] GC(248)   Evacuate Collection Set: 5.0ms
[70782.320s][info][gc,phases      ] GC(248)   Post Evacuate Collection Set: 6.0ms
[70782.320s][info][gc,phases      ] GC(248)   Other: 0.7ms
[70782.320s][info][gc,heap        ] GC(248) Eden regions: 389->0(390)
[70782.320s][info][gc,heap        ] GC(248) Survivor regions: 3->2(49)
[70782.320s][info][gc,heap        ] GC(248) Old regions: 85->85
[70782.320s][info][gc,heap        ] GC(248) Humongous regions: 11->11
[70782.320s][info][gc,metaspace   ] GC(248) Metaspace: 99301K->99301K(1142784K)
[70782.320s][info][gc             ] GC(248) Pause Young (Normal) (G1 Evacuation Pause) 481M->92M(491M) 11.959ms
[70782.320s][info][gc,cpu         ] GC(248) User=0.06s Sys=0.00s Real=0.02s
[71418.389s][info][gc,start       ] GC(249) Pause Young (Normal) (G1 Evacuation Pause)
[71418.389s][info][gc,task        ] GC(249) Using 8 workers of 8 for evacuation
[71418.400s][info][gc,phases      ] GC(249)   Pre Evacuate Collection Set: 0.0ms
[71418.401s][info][gc,phases      ] GC(249)   Evacuate Collection Set: 3.1ms
[71418.401s][info][gc,phases      ] GC(249)   Post Evacuate Collection Set: 7.4ms
[71418.401s][info][gc,phases      ] GC(249)   Other: 0.8ms
[71418.401s][info][gc,heap        ] GC(249) Eden regions: 390->0(391)
[71418.401s][info][gc,heap        ] GC(249) Survivor regions: 2->1(49)
[71418.401s][info][gc,heap        ] GC(249) Old regions: 85->85
[71418.401s][info][gc,heap        ] GC(249) Humongous regions: 11->11
[71418.401s][info][gc,metaspace   ] GC(249) Metaspace: 99301K->99301K(1142784K)
[71418.401s][info][gc             ] GC(249) Pause Young (Normal) (G1 Evacuation Pause) 482M->91M(491M) 11.548ms
[71418.401s][info][gc,cpu         ] GC(249) User=0.05s Sys=0.00s Real=0.02s
[72057.314s][info][gc,start       ] GC(250) Pause Young (Normal) (G1 Evacuation Pause)
[72057.315s][info][gc,task        ] GC(250) Using 8 workers of 8 for evacuation
[72057.322s][info][gc,phases      ] GC(250)   Pre Evacuate Collection Set: 0.0ms
[72057.322s][info][gc,phases      ] GC(250)   Evacuate Collection Set: 2.8ms
[72057.322s][info][gc,phases      ] GC(250)   Post Evacuate Collection Set: 4.1ms
[72057.322s][info][gc,phases      ] GC(250)   Other: 0.6ms
[72057.322s][info][gc,heap        ] GC(250) Eden regions: 391->0(391)
[72057.322s][info][gc,heap        ] GC(250) Survivor regions: 1->1(49)
[72057.322s][info][gc,heap        ] GC(250) Old regions: 85->85
[72057.322s][info][gc,heap        ] GC(250) Humongous regions: 11->11
[72057.322s][info][gc,metaspace   ] GC(250) Metaspace: 99301K->99301K(1142784K)
[72057.322s][info][gc             ] GC(250) Pause Young (Normal) (G1 Evacuation Pause) 482M->90M(491M) 7.702ms
[72057.322s][info][gc,cpu         ] GC(250) User=0.03s Sys=0.00s Real=0.01s
[72668.010s][info][gc,start       ] GC(251) Pause Young (Normal) (G1 Evacuation Pause)
[72668.010s][info][gc,task        ] GC(251) Using 8 workers of 8 for evacuation
[72668.020s][info][gc,phases      ] GC(251)   Pre Evacuate Collection Set: 0.0ms
[72668.020s][info][gc,phases      ] GC(251)   Evacuate Collection Set: 5.0ms
[72668.020s][info][gc,phases      ] GC(251)   Post Evacuate Collection Set: 4.9ms
[72668.020s][info][gc,phases      ] GC(251)   Other: 0.8ms
[72668.020s][info][gc,heap        ] GC(251) Eden regions: 391->0(390)
[72668.020s][info][gc,heap        ] GC(251) Survivor regions: 1->2(49)
[72668.020s][info][gc,heap        ] GC(251) Old regions: 85->85
[72668.020s][info][gc,heap        ] GC(251) Humongous regions: 11->11
[72668.020s][info][gc,metaspace   ] GC(251) Metaspace: 99444K->99444K(1142784K)
[72668.020s][info][gc             ] GC(251) Pause Young (Normal) (G1 Evacuation Pause) 481M->92M(491M) 10.736ms
[72668.021s][info][gc,cpu         ] GC(251) User=0.05s Sys=0.00s Real=0.01s
[73306.082s][info][gc,start       ] GC(252) Pause Young (Normal) (G1 Evacuation Pause)
[73306.082s][info][gc,task        ] GC(252) Using 8 workers of 8 for evacuation
[73306.088s][info][gc,phases      ] GC(252)   Pre Evacuate Collection Set: 0.0ms
[73306.088s][info][gc,phases      ] GC(252)   Evacuate Collection Set: 2.7ms
[73306.088s][info][gc,phases      ] GC(252)   Post Evacuate Collection Set: 3.2ms
[73306.088s][info][gc,phases      ] GC(252)   Other: 0.4ms
[73306.088s][info][gc,heap        ] GC(252) Eden regions: 390->0(390)
[73306.088s][info][gc,heap        ] GC(252) Survivor regions: 2->2(49)
[73306.088s][info][gc,heap        ] GC(252) Old regions: 85->85
[73306.088s][info][gc,heap        ] GC(252) Humongous regions: 11->11
[73306.088s][info][gc,metaspace   ] GC(252) Metaspace: 99444K->99444K(1142784K)
[73306.089s][info][gc             ] GC(252) Pause Young (Normal) (G1 Evacuation Pause) 482M->92M(491M) 6.437ms
[73306.089s][info][gc,cpu         ] GC(252) User=0.04s Sys=0.00s Real=0.00s
[73946.076s][info][gc,start       ] GC(253) Pause Young (Normal) (G1 Evacuation Pause)
[73946.076s][info][gc,task        ] GC(253) Using 8 workers of 8 for evacuation
[73946.086s][info][gc,phases      ] GC(253)   Pre Evacuate Collection Set: 0.0ms
[73946.086s][info][gc,phases      ] GC(253)   Evacuate Collection Set: 5.1ms
[73946.086s][info][gc,phases      ] GC(253)   Post Evacuate Collection Set: 4.3ms
[73946.086s][info][gc,phases      ] GC(253)   Other: 0.7ms
[73946.086s][info][gc,heap        ] GC(253) Eden regions: 390->0(390)
[73946.086s][info][gc,heap        ] GC(253) Survivor regions: 2->2(49)
[73946.086s][info][gc,heap        ] GC(253) Old regions: 85->85
[73946.086s][info][gc,heap        ] GC(253) Humongous regions: 11->11
[73946.086s][info][gc,metaspace   ] GC(253) Metaspace: 99444K->99444K(1142784K)
[73946.086s][info][gc             ] GC(253) Pause Young (Normal) (G1 Evacuation Pause) 482M->92M(491M) 10.324ms
[73946.086s][info][gc,cpu         ] GC(253) User=0.05s Sys=0.00s Real=0.01s
[74586.069s][info][gc,start       ] GC(254) Pause Young (Normal) (G1 Evacuation Pause)
[74586.069s][info][gc,task        ] GC(254) Using 8 workers of 8 for evacuation
[74586.080s][info][gc,phases      ] GC(254)   Pre Evacuate Collection Set: 0.1ms
[74586.080s][info][gc,phases      ] GC(254)   Evacuate Collection Set: 5.0ms
[74586.080s][info][gc,phases      ] GC(254)   Post Evacuate Collection Set: 5.4ms
[74586.080s][info][gc,phases      ] GC(254)   Other: 0.6ms
[74586.080s][info][gc,heap        ] GC(254) Eden regions: 390->0(390)
[74586.080s][info][gc,heap        ] GC(254) Survivor regions: 2->2(49)
[74586.081s][info][gc,heap        ] GC(254) Old regions: 85->85
[74586.081s][info][gc,heap        ] GC(254) Humongous regions: 11->11
[74586.081s][info][gc,metaspace   ] GC(254) Metaspace: 99444K->99444K(1142784K)
[74586.081s][info][gc             ] GC(254) Pause Young (Normal) (G1 Evacuation Pause) 482M->92M(491M) 11.335ms
[74586.081s][info][gc,cpu         ] GC(254) User=0.05s Sys=0.00s Real=0.02s
[75226.063s][info][gc,start       ] GC(255) Pause Young (Normal) (G1 Evacuation Pause)
[75226.063s][info][gc,task        ] GC(255) Using 8 workers of 8 for evacuation
[75226.076s][info][gc,phases      ] GC(255)   Pre Evacuate Collection Set: 0.0ms
[75226.076s][info][gc,phases      ] GC(255)   Evacuate Collection Set: 3.1ms
[75226.076s][info][gc,phases      ] GC(255)   Post Evacuate Collection Set: 9.6ms
[75226.077s][info][gc,phases      ] GC(255)   Other: 0.6ms
[75226.077s][info][gc,heap        ] GC(255) Eden regions: 390->0(391)
[75226.077s][info][gc,heap        ] GC(255) Survivor regions: 2->1(49)
[75226.077s][info][gc,heap        ] GC(255) Old regions: 85->85
[75226.077s][info][gc,heap        ] GC(255) Humongous regions: 11->11
[75226.077s][info][gc,metaspace   ] GC(255) Metaspace: 99444K->99444K(1142784K)
[75226.077s][info][gc             ] GC(255) Pause Young (Normal) (G1 Evacuation Pause) 482M->91M(491M) 13.645ms
[75226.077s][info][gc,cpu         ] GC(255) User=0.06s Sys=0.00s Real=0.01s
[75837.315s][info][gc,start       ] GC(256) Pause Young (Normal) (G1 Evacuation Pause)
[75837.315s][info][gc,task        ] GC(256) Using 8 workers of 8 for evacuation
[75837.327s][info][gc,phases      ] GC(256)   Pre Evacuate Collection Set: 0.0ms
[75837.327s][info][gc,phases      ] GC(256)   Evacuate Collection Set: 4.6ms
[75837.327s][info][gc,phases      ] GC(256)   Post Evacuate Collection Set: 6.8ms
[75837.327s][info][gc,phases      ] GC(256)   Other: 0.6ms
[75837.327s][info][gc,heap        ] GC(256) Eden regions: 391->0(390)
[75837.327s][info][gc,heap        ] GC(256) Survivor regions: 1->2(49)
[75837.327s][info][gc,heap        ] GC(256) Old regions: 85->85
[75837.327s][info][gc,heap        ] GC(256) Humongous regions: 11->11
[75837.327s][info][gc,metaspace   ] GC(256) Metaspace: 99587K->99587K(1142784K)
[75837.327s][info][gc             ] GC(256) Pause Young (Normal) (G1 Evacuation Pause) 482M->92M(491M) 12.281ms
[75837.327s][info][gc,cpu         ] GC(256) User=0.06s Sys=0.00s Real=0.01s
[76466.079s][info][gc,start       ] GC(257) Pause Young (Normal) (G1 Evacuation Pause)
[76466.080s][info][gc,task        ] GC(257) Using 8 workers of 8 for evacuation
[76466.091s][info][gc,phases      ] GC(257)   Pre Evacuate Collection Set: 0.0ms
[76466.091s][info][gc,phases      ] GC(257)   Evacuate Collection Set: 7.3ms
[76466.091s][info][gc,phases      ] GC(257)   Post Evacuate Collection Set: 3.7ms
[76466.091s][info][gc,phases      ] GC(257)   Other: 0.6ms
[76466.091s][info][gc,heap        ] GC(257) Eden regions: 390->0(389)
[76466.091s][info][gc,heap        ] GC(257) Survivor regions: 2->3(49)
[76466.091s][info][gc,heap        ] GC(257) Old regions: 85->85
[76466.091s][info][gc,heap        ] GC(257) Humongous regions: 11->11
[76466.091s][info][gc,metaspace   ] GC(257) Metaspace: 99597K->99597K(1142784K)
[76466.091s][info][gc             ] GC(257) Pause Young (Normal) (G1 Evacuation Pause) 482M->92M(491M) 11.646ms
[76466.091s][info][gc,cpu         ] GC(257) User=0.06s Sys=0.01s Real=0.02s
[77106.068s][info][gc,start       ] GC(258) Pause Young (Normal) (G1 Evacuation Pause)
[77106.068s][info][gc,task        ] GC(258) Using 8 workers of 8 for evacuation
[77106.078s][info][gc,phases      ] GC(258)   Pre Evacuate Collection Set: 0.1ms
[77106.078s][info][gc,phases      ] GC(258)   Evacuate Collection Set: 5.4ms
[77106.078s][info][gc,phases      ] GC(258)   Post Evacuate Collection Set: 4.1ms
[77106.078s][info][gc,phases      ] GC(258)   Other: 0.6ms
[77106.078s][info][gc,heap        ] GC(258) Eden regions: 389->0(389)
[77106.078s][info][gc,heap        ] GC(258) Survivor regions: 3->3(49)
[77106.079s][info][gc,heap        ] GC(258) Old regions: 85->85
[77106.079s][info][gc,heap        ] GC(258) Humongous regions: 11->11
[77106.079s][info][gc,metaspace   ] GC(258) Metaspace: 99597K->99597K(1142784K)
[77106.079s][info][gc             ] GC(258) Pause Young (Normal) (G1 Evacuation Pause) 481M->92M(491M) 10.427ms
[77106.079s][info][gc,cpu         ] GC(258) User=0.05s Sys=0.00s Real=0.01s
[77745.700s][info][gc,start       ] GC(259) Pause Young (Normal) (G1 Evacuation Pause)
[77745.700s][info][gc,task        ] GC(259) Using 8 workers of 8 for evacuation
[77745.719s][info][gc,phases      ] GC(259)   Pre Evacuate Collection Set: 0.0ms
[77745.719s][info][gc,phases      ] GC(259)   Evacuate Collection Set: 7.9ms
[77745.719s][info][gc,phases      ] GC(259)   Post Evacuate Collection Set: 10.5ms
[77745.719s][info][gc,phases      ] GC(259)   Other: 0.6ms
[77745.719s][info][gc,heap        ] GC(259) Eden regions: 389->0(390)
[77745.719s][info][gc,heap        ] GC(259) Survivor regions: 3->2(49)
[77745.719s][info][gc,heap        ] GC(259) Old regions: 85->85
[77745.719s][info][gc,heap        ] GC(259) Humongous regions: 11->11
[77745.719s][info][gc,metaspace   ] GC(259) Metaspace: 99597K->99597K(1142784K)
[77745.719s][info][gc             ] GC(259) Pause Young (Normal) (G1 Evacuation Pause) 481M->92M(491M) 19.132ms
[77745.719s][info][gc,cpu         ] GC(259) User=0.09s Sys=0.00s Real=0.01s
[78378.765s][info][gc,start       ] GC(260) Pause Young (Normal) (G1 Evacuation Pause)
[78378.765s][info][gc,task        ] GC(260) Using 8 workers of 8 for evacuation
[78378.775s][info][gc,phases      ] GC(260)   Pre Evacuate Collection Set: 0.0ms
[78378.775s][info][gc,phases      ] GC(260)   Evacuate Collection Set: 2.6ms
[78378.775s][info][gc,phases      ] GC(260)   Post Evacuate Collection Set: 7.1ms
[78378.775s][info][gc,phases      ] GC(260)   Other: 0.6ms
[78378.775s][info][gc,heap        ] GC(260) Eden regions: 390->0(391)
[78378.775s][info][gc,heap        ] GC(260) Survivor regions: 2->1(49)
[78378.775s][info][gc,heap        ] GC(260) Old regions: 85->86
[78378.775s][info][gc,heap        ] GC(260) Humongous regions: 11->11
[78378.775s][info][gc,metaspace   ] GC(260) Metaspace: 99597K->99597K(1142784K)
[78378.775s][info][gc             ] GC(260) Pause Young (Normal) (G1 Evacuation Pause) 482M->91M(491M) 10.592ms
[78378.775s][info][gc,cpu         ] GC(260) User=0.05s Sys=0.01s Real=0.01s
[79017.392s][info][gc,start       ] GC(261) Pause Young (Normal) (G1 Evacuation Pause)
[79017.392s][info][gc,task        ] GC(261) Using 8 workers of 8 for evacuation
[79017.402s][info][gc,phases      ] GC(261)   Pre Evacuate Collection Set: 0.0ms
[79017.402s][info][gc,phases      ] GC(261)   Evacuate Collection Set: 4.0ms
[79017.402s][info][gc,phases      ] GC(261)   Post Evacuate Collection Set: 5.0ms
[79017.402s][info][gc,phases      ] GC(261)   Other: 0.6ms
[79017.402s][info][gc,heap        ] GC(261) Eden regions: 391->0(391)
[79017.402s][info][gc,heap        ] GC(261) Survivor regions: 1->1(49)
[79017.402s][info][gc,heap        ] GC(261) Old regions: 86->86
[79017.402s][info][gc,heap        ] GC(261) Humongous regions: 11->11
[79017.402s][info][gc,metaspace   ] GC(261) Metaspace: 99597K->99597K(1142784K)
[79017.402s][info][gc             ] GC(261) Pause Young (Normal) (G1 Evacuation Pause) 482M->91M(491M) 9.648ms
[79017.402s][info][gc,cpu         ] GC(261) User=0.04s Sys=0.00s Real=0.01s
[79628.765s][info][gc,start       ] GC(262) Pause Young (Normal) (G1 Evacuation Pause)
[79628.765s][info][gc,task        ] GC(262) Using 8 workers of 8 for evacuation
[79628.775s][info][gc,phases      ] GC(262)   Pre Evacuate Collection Set: 0.0ms
[79628.775s][info][gc,phases      ] GC(262)   Evacuate Collection Set: 4.9ms
[79628.775s][info][gc,phases      ] GC(262)   Post Evacuate Collection Set: 4.3ms
[79628.775s][info][gc,phases      ] GC(262)   Other: 0.7ms
[79628.775s][info][gc,heap        ] GC(262) Eden regions: 391->0(390)
[79628.775s][info][gc,heap        ] GC(262) Survivor regions: 1->2(49)
[79628.775s][info][gc,heap        ] GC(262) Old regions: 86->86
[79628.775s][info][gc,heap        ] GC(262) Humongous regions: 11->11
[79628.775s][info][gc,metaspace   ] GC(262) Metaspace: 99741K->99741K(1142784K)
[79628.775s][info][gc             ] GC(262) Pause Young (Normal) (G1 Evacuation Pause) 482M->92M(491M) 10.107ms
[79628.776s][info][gc,cpu         ] GC(262) User=0.04s Sys=0.00s Real=0.01s
[80266.077s][info][gc,start       ] GC(263) Pause Young (Normal) (G1 Evacuation Pause)
[80266.077s][info][gc,task        ] GC(263) Using 8 workers of 8 for evacuation
[80266.089s][info][gc,phases      ] GC(263)   Pre Evacuate Collection Set: 0.0ms
[80266.089s][info][gc,phases      ] GC(263)   Evacuate Collection Set: 4.9ms
[80266.089s][info][gc,phases      ] GC(263)   Post Evacuate Collection Set: 6.5ms
[80266.089s][info][gc,phases      ] GC(263)   Other: 0.6ms
[80266.089s][info][gc,heap        ] GC(263) Eden regions: 390->0(390)
[80266.089s][info][gc,heap        ] GC(263) Survivor regions: 2->2(49)
[80266.089s][info][gc,heap        ] GC(263) Old regions: 86->86
[80266.089s][info][gc,heap        ] GC(263) Humongous regions: 11->11
[80266.089s][info][gc,metaspace   ] GC(263) Metaspace: 99741K->99741K(1142784K)
[80266.089s][info][gc             ] GC(263) Pause Young (Normal) (G1 Evacuation Pause) 482M->92M(491M) 12.086ms
[80266.089s][info][gc,cpu         ] GC(263) User=0.06s Sys=0.00s Real=0.01s
[80906.068s][info][gc,start       ] GC(264) Pause Young (Normal) (G1 Evacuation Pause)
[80906.068s][info][gc,task        ] GC(264) Using 8 workers of 8 for evacuation
[80906.082s][info][gc,phases      ] GC(264)   Pre Evacuate Collection Set: 0.1ms
[80906.082s][info][gc,phases      ] GC(264)   Evacuate Collection Set: 5.5ms
[80906.082s][info][gc,phases      ] GC(264)   Post Evacuate Collection Set: 7.2ms
[80906.082s][info][gc,phases      ] GC(264)   Other: 0.8ms
[80906.082s][info][gc,heap        ] GC(264) Eden regions: 390->0(390)
[80906.082s][info][gc,heap        ] GC(264) Survivor regions: 2->3(49)
[80906.082s][info][gc,heap        ] GC(264) Old regions: 86->86
[80906.082s][info][gc,heap        ] GC(264) Humongous regions: 11->11
[80906.082s][info][gc,metaspace   ] GC(264) Metaspace: 99741K->99741K(1142784K)
[80906.082s][info][gc             ] GC(264) Pause Young (Normal) (G1 Evacuation Pause) 482M->92M(492M) 13.748ms
[80906.082s][info][gc,cpu         ] GC(264) User=0.07s Sys=0.00s Real=0.02s
[81544.181s][info][gc,start       ] GC(265) Pause Young (Normal) (G1 Evacuation Pause)
[81544.181s][info][gc,task        ] GC(265) Using 8 workers of 8 for evacuation
[81544.190s][info][gc,phases      ] GC(265)   Pre Evacuate Collection Set: 0.0ms
[81544.190s][info][gc,phases      ] GC(265)   Evacuate Collection Set: 4.6ms
[81544.190s][info][gc,phases      ] GC(265)   Post Evacuate Collection Set: 4.1ms
[81544.190s][info][gc,phases      ] GC(265)   Other: 0.7ms
[81544.190s][info][gc,heap        ] GC(265) Eden regions: 390->0(391)
[81544.190s][info][gc,heap        ] GC(265) Survivor regions: 3->2(50)
[81544.190s][info][gc,heap        ] GC(265) Old regions: 86->86
[81544.190s][info][gc,heap        ] GC(265) Humongous regions: 11->11
[81544.190s][info][gc,metaspace   ] GC(265) Metaspace: 99741K->99741K(1142784K)
[81544.191s][info][gc             ] GC(265) Pause Young (Normal) (G1 Evacuation Pause) 482M->92M(492M) 9.607ms
[81544.191s][info][gc,cpu         ] GC(265) User=0.05s Sys=0.00s Real=0.01s
[82180.634s][info][gc,start       ] GC(266) Pause Young (Normal) (G1 Evacuation Pause)
[82180.634s][info][gc,task        ] GC(266) Using 8 workers of 8 for evacuation
[82180.644s][info][gc,phases      ] GC(266)   Pre Evacuate Collection Set: 0.0ms
[82180.644s][info][gc,phases      ] GC(266)   Evacuate Collection Set: 2.7ms
[82180.644s][info][gc,phases      ] GC(266)   Post Evacuate Collection Set: 6.8ms
[82180.644s][info][gc,phases      ] GC(266)   Other: 0.7ms
[82180.644s][info][gc,heap        ] GC(266) Eden regions: 391->0(392)
[82180.644s][info][gc,heap        ] GC(266) Survivor regions: 2->1(50)
[82180.644s][info][gc,heap        ] GC(266) Old regions: 86->86
[82180.644s][info][gc,heap        ] GC(266) Humongous regions: 11->11
[82180.644s][info][gc,metaspace   ] GC(266) Metaspace: 99741K->99741K(1142784K)
[82180.644s][info][gc             ] GC(266) Pause Young (Normal) (G1 Evacuation Pause) 483M->91M(492M) 10.386ms
[82180.644s][info][gc,cpu         ] GC(266) User=0.04s Sys=0.01s Real=0.01s
[82822.306s][info][gc,start       ] GC(267) Pause Young (Normal) (G1 Evacuation Pause)
[82822.306s][info][gc,task        ] GC(267) Using 8 workers of 8 for evacuation
[82822.321s][info][gc,phases      ] GC(267)   Pre Evacuate Collection Set: 0.0ms
[82822.321s][info][gc,phases      ] GC(267)   Evacuate Collection Set: 5.9ms
[82822.321s][info][gc,phases      ] GC(267)   Post Evacuate Collection Set: 8.5ms
[82822.321s][info][gc,phases      ] GC(267)   Other: 0.7ms
[82822.321s][info][gc,heap        ] GC(267) Eden regions: 392->0(392)
[82822.321s][info][gc,heap        ] GC(267) Survivor regions: 1->1(50)
[82822.321s][info][gc,heap        ] GC(267) Old regions: 86->86
[82822.321s][info][gc,heap        ] GC(267) Humongous regions: 11->11
[82822.321s][info][gc,metaspace   ] GC(267) Metaspace: 99741K->99741K(1142784K)
[82822.321s][info][gc             ] GC(267) Pause Young (Normal) (G1 Evacuation Pause) 483M->91M(492M) 15.265ms
[82822.321s][info][gc,cpu         ] GC(267) User=0.07s Sys=0.00s Real=0.02s
[83426.082s][info][gc,start       ] GC(268) Pause Young (Normal) (G1 Evacuation Pause)
[83426.082s][info][gc,task        ] GC(268) Using 8 workers of 8 for evacuation
[83426.092s][info][gc,phases      ] GC(268)   Pre Evacuate Collection Set: 0.0ms
[83426.092s][info][gc,phases      ] GC(268)   Evacuate Collection Set: 5.4ms
[83426.092s][info][gc,phases      ] GC(268)   Post Evacuate Collection Set: 4.1ms
[83426.092s][info][gc,phases      ] GC(268)   Other: 0.7ms
[83426.092s][info][gc,heap        ] GC(268) Eden regions: 392->0(391)
[83426.092s][info][gc,heap        ] GC(268) Survivor regions: 1->2(50)
[83426.092s][info][gc,heap        ] GC(268) Old regions: 86->86
[83426.092s][info][gc,heap        ] GC(268) Humongous regions: 11->11
[83426.092s][info][gc,metaspace   ] GC(268) Metaspace: 99898K->99898K(1142784K)
[83426.092s][info][gc             ] GC(268) Pause Young (Normal) (G1 Evacuation Pause) 483M->92M(492M) 10.381ms
[83426.093s][info][gc,cpu         ] GC(268) User=0.05s Sys=0.01s Real=0.01s
[84066.085s][info][gc,start       ] GC(269) Pause Young (Normal) (G1 Evacuation Pause)
[84066.085s][info][gc,task        ] GC(269) Using 8 workers of 8 for evacuation
[84066.095s][info][gc,phases      ] GC(269)   Pre Evacuate Collection Set: 0.0ms
[84066.095s][info][gc,phases      ] GC(269)   Evacuate Collection Set: 5.0ms
[84066.095s][info][gc,phases      ] GC(269)   Post Evacuate Collection Set: 4.3ms
[84066.095s][info][gc,phases      ] GC(269)   Other: 0.6ms
[84066.095s][info][gc,heap        ] GC(269) Eden regions: 391->0(391)
[84066.095s][info][gc,heap        ] GC(269) Survivor regions: 2->2(50)
[84066.095s][info][gc,heap        ] GC(269) Old regions: 86->86
[84066.095s][info][gc,heap        ] GC(269) Humongous regions: 11->11
[84066.095s][info][gc,metaspace   ] GC(269) Metaspace: 99898K->99898K(1142784K)
[84066.095s][info][gc             ] GC(269) Pause Young (Normal) (G1 Evacuation Pause) 483M->92M(492M) 10.125ms
[84066.095s][info][gc,cpu         ] GC(269) User=0.04s Sys=0.00s Real=0.01s
[84706.078s][info][gc,start       ] GC(270) Pause Young (Normal) (G1 Evacuation Pause)
[84706.078s][info][gc,task        ] GC(270) Using 8 workers of 8 for evacuation
[84706.085s][info][gc,phases      ] GC(270)   Pre Evacuate Collection Set: 0.0ms
[84706.085s][info][gc,phases      ] GC(270)   Evacuate Collection Set: 3.7ms
[84706.085s][info][gc,phases      ] GC(270)   Post Evacuate Collection Set: 3.1ms
[84706.085s][info][gc,phases      ] GC(270)   Other: 0.4ms
[84706.085s][info][gc,heap        ] GC(270) Eden regions: 391->0(391)
[84706.085s][info][gc,heap        ] GC(270) Survivor regions: 2->3(50)
[84706.085s][info][gc,heap        ] GC(270) Old regions: 86->86
[84706.085s][info][gc,heap        ] GC(270) Humongous regions: 11->11
[84706.085s][info][gc,metaspace   ] GC(270) Metaspace: 99898K->99898K(1142784K)
[84706.085s][info][gc             ] GC(270) Pause Young (Normal) (G1 Evacuation Pause) 483M->92M(493M) 7.238ms
[84706.085s][info][gc,cpu         ] GC(270) User=0.04s Sys=0.00s Real=0.01s
[85346.071s][info][gc,start       ] GC(271) Pause Young (Normal) (G1 Evacuation Pause)
[85346.071s][info][gc,task        ] GC(271) Using 8 workers of 8 for evacuation
[85346.078s][info][gc,phases      ] GC(271)   Pre Evacuate Collection Set: 0.0ms
[85346.078s][info][gc,phases      ] GC(271)   Evacuate Collection Set: 3.7ms
[85346.078s][info][gc,phases      ] GC(271)   Post Evacuate Collection Set: 2.9ms
[85346.078s][info][gc,phases      ] GC(271)   Other: 0.7ms
[85346.078s][info][gc,heap        ] GC(271) Eden regions: 391->0(392)
[85346.078s][info][gc,heap        ] GC(271) Survivor regions: 3->2(50)
[85346.078s][info][gc,heap        ] GC(271) Old regions: 86->86
[85346.078s][info][gc,heap        ] GC(271) Humongous regions: 11->11
[85346.078s][info][gc,metaspace   ] GC(271) Metaspace: 99898K->99898K(1142784K)
[85346.078s][info][gc             ] GC(271) Pause Young (Normal) (G1 Evacuation Pause) 483M->92M(493M) 7.284ms
[85346.078s][info][gc,cpu         ] GC(271) User=0.03s Sys=0.00s Real=0.00s
[85987.307s][info][gc,start       ] GC(272) Pause Young (Normal) (G1 Evacuation Pause)
[85987.307s][info][gc,task        ] GC(272) Using 8 workers of 8 for evacuation
[85987.317s][info][gc,phases      ] GC(272)   Pre Evacuate Collection Set: 0.0ms
[85987.317s][info][gc,phases      ] GC(272)   Evacuate Collection Set: 2.8ms
[85987.317s][info][gc,phases      ] GC(272)   Post Evacuate Collection Set: 7.1ms
[85987.318s][info][gc,phases      ] GC(272)   Other: 0.6ms
[85987.318s][info][gc,heap        ] GC(272) Eden regions: 392->0(393)
[85987.318s][info][gc,heap        ] GC(272) Survivor regions: 2->1(50)
[85987.318s][info][gc,heap        ] GC(272) Old regions: 86->86
[85987.318s][info][gc,heap        ] GC(272) Humongous regions: 11->11
[85987.318s][info][gc,metaspace   ] GC(272) Metaspace: 99898K->99898K(1142784K)
[85987.318s][info][gc             ] GC(272) Pause Young (Normal) (G1 Evacuation Pause) 484M->91M(493M) 10.799ms
[85987.318s][info][gc,cpu         ] GC(272) User=0.05s Sys=0.00s Real=0.01s
[86607.161s][info][gc,start       ] GC(273) Pause Young (Normal) (G1 Evacuation Pause)
[86607.161s][info][gc,task        ] GC(273) Using 8 workers of 8 for evacuation
[86607.174s][info][gc,phases      ] GC(273)   Pre Evacuate Collection Set: 0.0ms
[86607.174s][info][gc,phases      ] GC(273)   Evacuate Collection Set: 5.8ms
[86607.174s][info][gc,phases      ] GC(273)   Post Evacuate Collection Set: 7.0ms
[86607.174s][info][gc,phases      ] GC(273)   Other: 0.6ms
[86607.174s][info][gc,heap        ] GC(273) Eden regions: 393->0(392)
[86607.174s][info][gc,heap        ] GC(273) Survivor regions: 1->2(50)
[86607.174s][info][gc,heap        ] GC(273) Old regions: 86->86
[86607.174s][info][gc,heap        ] GC(273) Humongous regions: 11->11
[86607.174s][info][gc,metaspace   ] GC(273) Metaspace: 100041K->100041K(1142784K)
[86607.174s][info][gc             ] GC(273) Pause Young (Normal) (G1 Evacuation Pause) 484M->92M(493M) 13.671ms
[86607.175s][info][gc,cpu         ] GC(273) User=0.06s Sys=0.00s Real=0.01s
[87247.306s][info][gc,start       ] GC(274) Pause Young (Normal) (G1 Evacuation Pause)
[87247.306s][info][gc,task        ] GC(274) Using 8 workers of 8 for evacuation
[87247.317s][info][gc,phases      ] GC(274)   Pre Evacuate Collection Set: 0.0ms
[87247.317s][info][gc,phases      ] GC(274)   Evacuate Collection Set: 4.6ms
[87247.317s][info][gc,phases      ] GC(274)   Post Evacuate Collection Set: 5.9ms
[87247.317s][info][gc,phases      ] GC(274)   Other: 0.6ms
[87247.317s][info][gc,heap        ] GC(274) Eden regions: 392->0(392)
[87247.317s][info][gc,heap        ] GC(274) Survivor regions: 2->2(50)
[87247.317s][info][gc,heap        ] GC(274) Old regions: 86->86
[87247.317s][info][gc,heap        ] GC(274) Humongous regions: 11->11
[87247.317s][info][gc,metaspace   ] GC(274) Metaspace: 100041K->100041K(1142784K)
[87247.317s][info][gc             ] GC(274) Pause Young (Normal) (G1 Evacuation Pause) 484M->92M(493M) 11.364ms
[87247.317s][info][gc,cpu         ] GC(274) User=0.06s Sys=0.00s Real=0.01s
[87888.025s][info][gc,start       ] GC(275) Pause Young (Normal) (G1 Evacuation Pause)
[87888.025s][info][gc,task        ] GC(275) Using 8 workers of 8 for evacuation
[87888.029s][info][gc,phases      ] GC(275)   Pre Evacuate Collection Set: 0.0ms
[87888.029s][info][gc,phases      ] GC(275)   Evacuate Collection Set: 2.2ms
[87888.029s][info][gc,phases      ] GC(275)   Post Evacuate Collection Set: 2.1ms
[87888.029s][info][gc,phases      ] GC(275)   Other: 0.2ms
[87888.029s][info][gc,heap        ] GC(275) Eden regions: 392->0(392)
[87888.029s][info][gc,heap        ] GC(275) Survivor regions: 2->2(50)
[87888.029s][info][gc,heap        ] GC(275) Old regions: 86->86
[87888.029s][info][gc,heap        ] GC(275) Humongous regions: 11->11
[87888.029s][info][gc,metaspace   ] GC(275) Metaspace: 100041K->100041K(1142784K)
[87888.029s][info][gc             ] GC(275) Pause Young (Normal) (G1 Evacuation Pause) 484M->92M(493M) 4.536ms
[87888.029s][info][gc,cpu         ] GC(275) User=0.02s Sys=0.00s Real=0.00s
[88532.307s][info][gc,start       ] GC(276) Pause Young (Normal) (G1 Evacuation Pause)
[88532.307s][info][gc,task        ] GC(276) Using 8 workers of 8 for evacuation
[88532.317s][info][gc,phases      ] GC(276)   Pre Evacuate Collection Set: 0.0ms
[88532.317s][info][gc,phases      ] GC(276)   Evacuate Collection Set: 4.8ms
[88532.317s][info][gc,phases      ] GC(276)   Post Evacuate Collection Set: 4.3ms
[88532.317s][info][gc,phases      ] GC(276)   Other: 0.6ms
[88532.317s][info][gc,heap        ] GC(276) Eden regions: 392->0(392)
[88532.317s][info][gc,heap        ] GC(276) Survivor regions: 2->2(50)
[88532.317s][info][gc,heap        ] GC(276) Old regions: 86->86
[88532.317s][info][gc,heap        ] GC(276) Humongous regions: 11->11
[88532.317s][info][gc,metaspace   ] GC(276) Metaspace: 100041K->100041K(1142784K)
[88532.317s][info][gc             ] GC(276) Pause Young (Normal) (G1 Evacuation Pause) 484M->92M(493M) 9.921ms
[88532.317s][info][gc,cpu         ] GC(276) User=0.05s Sys=0.00s Real=0.01s
[89172.917s][info][gc,start       ] GC(277) Pause Young (Normal) (G1 Evacuation Pause)
[89172.917s][info][gc,task        ] GC(277) Using 8 workers of 8 for evacuation
[89172.927s][info][gc,phases      ] GC(277)   Pre Evacuate Collection Set: 0.0ms
[89172.927s][info][gc,phases      ] GC(277)   Evacuate Collection Set: 3.8ms
[89172.927s][info][gc,phases      ] GC(277)   Post Evacuate Collection Set: 5.2ms
[89172.927s][info][gc,phases      ] GC(277)   Other: 0.5ms
[89172.927s][info][gc,heap        ] GC(277) Eden regions: 392->0(393)
[89172.927s][info][gc,heap        ] GC(277) Survivor regions: 2->1(50)
[89172.927s][info][gc,heap        ] GC(277) Old regions: 86->86
[89172.927s][info][gc,heap        ] GC(277) Humongous regions: 11->11
[89172.927s][info][gc,metaspace   ] GC(277) Metaspace: 100041K->100041K(1142784K)
[89172.927s][info][gc             ] GC(277) Pause Young (Normal) (G1 Evacuation Pause) 484M->91M(493M) 9.553ms
[89172.927s][info][gc,cpu         ] GC(277) User=0.05s Sys=0.00s Real=0.01s
[89817.307s][info][gc,start       ] GC(278) Pause Young (Normal) (G1 Evacuation Pause)
[89817.307s][info][gc,task        ] GC(278) Using 8 workers of 8 for evacuation
[89817.314s][info][gc,phases      ] GC(278)   Pre Evacuate Collection Set: 0.0ms
[89817.314s][info][gc,phases      ] GC(278)   Evacuate Collection Set: 2.6ms
[89817.314s][info][gc,phases      ] GC(278)   Post Evacuate Collection Set: 4.1ms
[89817.314s][info][gc,phases      ] GC(278)   Other: 0.6ms
[89817.314s][info][gc,heap        ] GC(278) Eden regions: 393->0(393)
[89817.314s][info][gc,heap        ] GC(278) Survivor regions: 1->1(50)
[89817.314s][info][gc,heap        ] GC(278) Old regions: 86->86
[89817.314s][info][gc,heap        ] GC(278) Humongous regions: 11->11
[89817.314s][info][gc,metaspace   ] GC(278) Metaspace: 100041K->100041K(1142784K)
[89817.314s][info][gc             ] GC(278) Pause Young (Normal) (G1 Evacuation Pause) 484M->91M(493M) 7.534ms
[89817.315s][info][gc,cpu         ] GC(278) User=0.02s Sys=0.00s Real=0.01s
[90435.702s][info][gc,start       ] GC(279) Pause Young (Normal) (G1 Evacuation Pause)
[90435.703s][info][gc,task        ] GC(279) Using 8 workers of 8 for evacuation
[90435.713s][info][gc,phases      ] GC(279)   Pre Evacuate Collection Set: 0.0ms
[90435.713s][info][gc,phases      ] GC(279)   Evacuate Collection Set: 4.9ms
[90435.713s][info][gc,phases      ] GC(279)   Post Evacuate Collection Set: 5.1ms
[90435.713s][info][gc,phases      ] GC(279)   Other: 0.7ms
[90435.713s][info][gc,heap        ] GC(279) Eden regions: 393->0(392)
[90435.713s][info][gc,heap        ] GC(279) Survivor regions: 1->2(50)
[90435.713s][info][gc,heap        ] GC(279) Old regions: 86->86
[90435.713s][info][gc,heap        ] GC(279) Humongous regions: 11->11
[90435.713s][info][gc,metaspace   ] GC(279) Metaspace: 100185K->100185K(1142784K)
[90435.713s][info][gc             ] GC(279) Pause Young (Normal) (G1 Evacuation Pause) 484M->92M(493M) 10.874ms
[90435.713s][info][gc,cpu         ] GC(279) User=0.05s Sys=0.00s Real=0.01s
[91067.306s][info][gc,start       ] GC(280) Pause Young (Normal) (G1 Evacuation Pause)
[91067.306s][info][gc,task        ] GC(280) Using 8 workers of 8 for evacuation
[91067.318s][info][gc,phases      ] GC(280)   Pre Evacuate Collection Set: 0.0ms
[91067.318s][info][gc,phases      ] GC(280)   Evacuate Collection Set: 4.8ms
[91067.318s][info][gc,phases      ] GC(280)   Post Evacuate Collection Set: 6.4ms
[91067.318s][info][gc,phases      ] GC(280)   Other: 0.6ms
[91067.318s][info][gc,heap        ] GC(280) Eden regions: 392->0(392)
[91067.318s][info][gc,heap        ] GC(280) Survivor regions: 2->2(50)
[91067.318s][info][gc,heap        ] GC(280) Old regions: 86->86
[91067.318s][info][gc,heap        ] GC(280) Humongous regions: 11->11
[91067.318s][info][gc,metaspace   ] GC(280) Metaspace: 100194K->100194K(1142784K)
[91067.318s][info][gc             ] GC(280) Pause Young (Normal) (G1 Evacuation Pause) 484M->92M(493M) 12.069ms
[91067.318s][info][gc,cpu         ] GC(280) User=0.06s Sys=0.00s Real=0.01s
[91708.161s][info][gc,start       ] GC(281) Pause Young (Normal) (G1 Evacuation Pause)
[91708.161s][info][gc,task        ] GC(281) Using 8 workers of 8 for evacuation
[91708.171s][info][gc,phases      ] GC(281)   Pre Evacuate Collection Set: 0.0ms
[91708.171s][info][gc,phases      ] GC(281)   Evacuate Collection Set: 4.9ms
[91708.171s][info][gc,phases      ] GC(281)   Post Evacuate Collection Set: 4.3ms
[91708.171s][info][gc,phases      ] GC(281)   Other: 0.6ms
[91708.171s][info][gc,heap        ] GC(281) Eden regions: 392->0(392)
[91708.171s][info][gc,heap        ] GC(281) Survivor regions: 2->2(50)
[91708.171s][info][gc,heap        ] GC(281) Old regions: 86->86
[91708.171s][info][gc,heap        ] GC(281) Humongous regions: 11->11
[91708.171s][info][gc,metaspace   ] GC(281) Metaspace: 100204K->100204K(1142784K)
[91708.171s][info][gc             ] GC(281) Pause Young (Normal) (G1 Evacuation Pause) 484M->92M(493M) 10.201ms
[91708.171s][info][gc,cpu         ] GC(281) User=0.05s Sys=0.00s Real=0.01s
[92351.161s][info][gc,start       ] GC(282) Pause Young (Normal) (G1 Evacuation Pause)
[92351.161s][info][gc,task        ] GC(282) Using 8 workers of 8 for evacuation
[92351.178s][info][gc,phases      ] GC(282)   Pre Evacuate Collection Set: 0.0ms
[92351.178s][info][gc,phases      ] GC(282)   Evacuate Collection Set: 8.9ms
[92351.178s][info][gc,phases      ] GC(282)   Post Evacuate Collection Set: 7.5ms
[92351.178s][info][gc,phases      ] GC(282)   Other: 0.7ms
[92351.178s][info][gc,heap        ] GC(282) Eden regions: 392->0(392)
[92351.178s][info][gc,heap        ] GC(282) Survivor regions: 2->2(50)
[92351.178s][info][gc,heap        ] GC(282) Old regions: 86->86
[92351.178s][info][gc,heap        ] GC(282) Humongous regions: 11->11
[92351.178s][info][gc,metaspace   ] GC(282) Metaspace: 100204K->100204K(1142784K)
[92351.178s][info][gc             ] GC(282) Pause Young (Normal) (G1 Evacuation Pause) 484M->92M(493M) 17.421ms
[92351.178s][info][gc,cpu         ] GC(282) User=0.08s Sys=0.00s Real=0.01s
[92992.306s][info][gc,start       ] GC(283) Pause Young (Normal) (G1 Evacuation Pause)
[92992.306s][info][gc,task        ] GC(283) Using 8 workers of 8 for evacuation
[92992.315s][info][gc,phases      ] GC(283)   Pre Evacuate Collection Set: 0.0ms
[92992.315s][info][gc,phases      ] GC(283)   Evacuate Collection Set: 2.7ms
[92992.315s][info][gc,phases      ] GC(283)   Post Evacuate Collection Set: 5.5ms
[92992.315s][info][gc,phases      ] GC(283)   Other: 0.6ms
[92992.315s][info][gc,heap        ] GC(283) Eden regions: 392->0(393)
[92992.315s][info][gc,heap        ] GC(283) Survivor regions: 2->1(50)
[92992.315s][info][gc,heap        ] GC(283) Old regions: 86->86
[92992.315s][info][gc,heap        ] GC(283) Humongous regions: 11->11
[92992.315s][info][gc,metaspace   ] GC(283) Metaspace: 100204K->100204K(1142784K)
[92992.315s][info][gc             ] GC(283) Pause Young (Normal) (G1 Evacuation Pause) 484M->91M(493M) 9.004ms
[92992.315s][info][gc,cpu         ] GC(283) User=0.03s Sys=0.00s Real=0.01s
[93637.306s][info][gc,start       ] GC(284) Pause Young (Normal) (G1 Evacuation Pause)
[93637.306s][info][gc,task        ] GC(284) Using 8 workers of 8 for evacuation
[93637.322s][info][gc,phases      ] GC(284)   Pre Evacuate Collection Set: 0.0ms
[93637.322s][info][gc,phases      ] GC(284)   Evacuate Collection Set: 2.6ms
[93637.322s][info][gc,phases      ] GC(284)   Post Evacuate Collection Set: 12.8ms
[93637.322s][info][gc,phases      ] GC(284)   Other: 0.7ms
[93637.322s][info][gc,heap        ] GC(284) Eden regions: 393->0(393)
[93637.322s][info][gc,heap        ] GC(284) Survivor regions: 1->1(50)
[93637.322s][info][gc,heap        ] GC(284) Old regions: 86->86
[93637.322s][info][gc,heap        ] GC(284) Humongous regions: 11->11
[93637.322s][info][gc,metaspace   ] GC(284) Metaspace: 100208K->100208K(1142784K)
[93637.322s][info][gc             ] GC(284) Pause Young (Normal) (G1 Evacuation Pause) 484M->91M(493M) 16.334ms
[93637.323s][info][gc,cpu         ] GC(284) User=0.07s Sys=0.00s Real=0.02s
[94255.159s][info][gc,start       ] GC(285) Pause Young (Normal) (G1 Evacuation Pause)
[94255.159s][info][gc,task        ] GC(285) Using 8 workers of 8 for evacuation
[94255.168s][info][gc,phases      ] GC(285)   Pre Evacuate Collection Set: 0.0ms
[94255.168s][info][gc,phases      ] GC(285)   Evacuate Collection Set: 4.5ms
[94255.168s][info][gc,phases      ] GC(285)   Post Evacuate Collection Set: 4.2ms
[94255.168s][info][gc,phases      ] GC(285)   Other: 0.6ms
[94255.168s][info][gc,heap        ] GC(285) Eden regions: 393->0(392)
[94255.168s][info][gc,heap        ] GC(285) Survivor regions: 1->2(50)
[94255.168s][info][gc,heap        ] GC(285) Old regions: 86->86
[94255.168s][info][gc,heap        ] GC(285) Humongous regions: 11->11
[94255.168s][info][gc,metaspace   ] GC(285) Metaspace: 100359K->100359K(1142784K)
[94255.168s][info][gc             ] GC(285) Pause Young (Normal) (G1 Evacuation Pause) 484M->92M(493M) 9.463ms
[94255.168s][info][gc,cpu         ] GC(285) User=0.04s Sys=0.00s Real=0.01s
[94894.015s][info][gc,start       ] GC(286) Pause Young (Normal) (G1 Evacuation Pause)
[94894.016s][info][gc,task        ] GC(286) Using 8 workers of 8 for evacuation
[94894.025s][info][gc,phases      ] GC(286)   Pre Evacuate Collection Set: 0.0ms
[94894.025s][info][gc,phases      ] GC(286)   Evacuate Collection Set: 4.6ms
[94894.025s][info][gc,phases      ] GC(286)   Post Evacuate Collection Set: 4.4ms
[94894.025s][info][gc,phases      ] GC(286)   Other: 0.7ms
[94894.025s][info][gc,heap        ] GC(286) Eden regions: 392->0(392)
[94894.025s][info][gc,heap        ] GC(286) Survivor regions: 2->2(50)
[94894.025s][info][gc,heap        ] GC(286) Old regions: 86->86
[94894.025s][info][gc,heap        ] GC(286) Humongous regions: 11->11
[94894.025s][info][gc,metaspace   ] GC(286) Metaspace: 100359K->100359K(1142784K)
[94894.025s][info][gc             ] GC(286) Pause Young (Normal) (G1 Evacuation Pause) 484M->92M(493M) 10.015ms
[94894.026s][info][gc,cpu         ] GC(286) User=0.04s Sys=0.00s Real=0.01s
[95535.702s][info][gc,start       ] GC(287) Pause Young (Normal) (G1 Evacuation Pause)
[95535.702s][info][gc,task        ] GC(287) Using 8 workers of 8 for evacuation
[95535.711s][info][gc,phases      ] GC(287)   Pre Evacuate Collection Set: 0.0ms
[95535.712s][info][gc,phases      ] GC(287)   Evacuate Collection Set: 4.7ms
[95535.712s][info][gc,phases      ] GC(287)   Post Evacuate Collection Set: 4.2ms
[95535.712s][info][gc,phases      ] GC(287)   Other: 0.7ms
[95535.712s][info][gc,heap        ] GC(287) Eden regions: 392->0(392)
[95535.712s][info][gc,heap        ] GC(287) Survivor regions: 2->2(50)
[95535.712s][info][gc,heap        ] GC(287) Old regions: 86->86
[95535.712s][info][gc,heap        ] GC(287) Humongous regions: 11->11
[95535.712s][info][gc,metaspace   ] GC(287) Metaspace: 100359K->100359K(1142784K)
[95535.712s][info][gc             ] GC(287) Pause Young (Normal) (G1 Evacuation Pause) 484M->92M(493M) 9.820ms
[95535.712s][info][gc,cpu         ] GC(287) User=0.04s Sys=0.01s Real=0.01s
[96177.307s][info][gc,start       ] GC(288) Pause Young (Normal) (G1 Evacuation Pause)
[96177.307s][info][gc,task        ] GC(288) Using 8 workers of 8 for evacuation
[96177.318s][info][gc,phases      ] GC(288)   Pre Evacuate Collection Set: 0.0ms
[96177.318s][info][gc,phases      ] GC(288)   Evacuate Collection Set: 4.4ms
[96177.318s][info][gc,phases      ] GC(288)   Post Evacuate Collection Set: 6.7ms
[96177.319s][info][gc,phases      ] GC(288)   Other: 0.6ms
[96177.319s][info][gc,heap        ] GC(288) Eden regions: 392->0(392)
[96177.319s][info][gc,heap        ] GC(288) Survivor regions: 2->2(50)
[96177.319s][info][gc,heap        ] GC(288) Old regions: 86->86
[96177.319s][info][gc,heap        ] GC(288) Humongous regions: 11->11
[96177.319s][info][gc,metaspace   ] GC(288) Metaspace: 100359K->100359K(1142784K)
[96177.319s][info][gc             ] GC(288) Pause Young (Normal) (G1 Evacuation Pause) 484M->92M(493M) 11.971ms
[96177.319s][info][gc,cpu         ] GC(288) User=0.06s Sys=0.01s Real=0.01s
[96820.444s][info][gc,start       ] GC(289) Pause Young (Normal) (G1 Evacuation Pause)
[96820.444s][info][gc,task        ] GC(289) Using 8 workers of 8 for evacuation
[96820.457s][info][gc,phases      ] GC(289)   Pre Evacuate Collection Set: 0.0ms
[96820.457s][info][gc,phases      ] GC(289)   Evacuate Collection Set: 2.7ms
[96820.457s][info][gc,phases      ] GC(289)   Post Evacuate Collection Set: 9.4ms
[96820.457s][info][gc,phases      ] GC(289)   Other: 0.7ms
[96820.457s][info][gc,heap        ] GC(289) Eden regions: 392->0(393)
[96820.457s][info][gc,heap        ] GC(289) Survivor regions: 2->1(50)
[96820.457s][info][gc,heap        ] GC(289) Old regions: 86->86
[96820.457s][info][gc,heap        ] GC(289) Humongous regions: 11->11
[96820.457s][info][gc,metaspace   ] GC(289) Metaspace: 100359K->100359K(1142784K)
[96820.457s][info][gc             ] GC(289) Pause Young (Normal) (G1 Evacuation Pause) 484M->91M(493M) 12.984ms
[96820.457s][info][gc,cpu         ] GC(289) User=0.06s Sys=0.00s Real=0.01s
[97437.312s][info][gc,start       ] GC(290) Pause Young (Normal) (G1 Evacuation Pause)
[97437.312s][info][gc,task        ] GC(290) Using 8 workers of 8 for evacuation
[97437.326s][info][gc,phases      ] GC(290)   Pre Evacuate Collection Set: 0.0ms
[97437.326s][info][gc,phases      ] GC(290)   Evacuate Collection Set: 6.8ms
[97437.326s][info][gc,phases      ] GC(290)   Post Evacuate Collection Set: 6.7ms
[97437.327s][info][gc,phases      ] GC(290)   Other: 0.7ms
[97437.327s][info][gc,heap        ] GC(290) Eden regions: 393->0(392)
[97437.327s][info][gc,heap        ] GC(290) Survivor regions: 1->2(50)
[97437.327s][info][gc,heap        ] GC(290) Old regions: 86->86
[97437.327s][info][gc,heap        ] GC(290) Humongous regions: 11->11
[97437.327s][info][gc,metaspace   ] GC(290) Metaspace: 100510K->100510K(1142784K)
[97437.327s][info][gc             ] GC(290) Pause Young (Normal) (G1 Evacuation Pause) 484M->92M(493M) 14.574ms
[97437.327s][info][gc,cpu         ] GC(290) User=0.08s Sys=0.00s Real=0.01s
[98069.056s][info][gc,start       ] GC(291) Pause Young (Normal) (G1 Evacuation Pause)
[98069.056s][info][gc,task        ] GC(291) Using 8 workers of 8 for evacuation
[98069.065s][info][gc,phases      ] GC(291)   Pre Evacuate Collection Set: 0.0ms
[98069.065s][info][gc,phases      ] GC(291)   Evacuate Collection Set: 4.8ms
[98069.065s][info][gc,phases      ] GC(291)   Post Evacuate Collection Set: 4.1ms
[98069.065s][info][gc,phases      ] GC(291)   Other: 0.6ms
[98069.065s][info][gc,heap        ] GC(291) Eden regions: 392->0(392)
[98069.065s][info][gc,heap        ] GC(291) Survivor regions: 2->2(50)
[98069.065s][info][gc,heap        ] GC(291) Old regions: 86->86
[98069.065s][info][gc,heap        ] GC(291) Humongous regions: 11->11
[98069.066s][info][gc,metaspace   ] GC(291) Metaspace: 100520K->100520K(1142784K)
[98069.066s][info][gc             ] GC(291) Pause Young (Normal) (G1 Evacuation Pause) 484M->92M(493M) 9.747ms
[98069.066s][info][gc,cpu         ] GC(291) User=0.04s Sys=0.01s Real=0.01s
[98712.307s][info][gc,start       ] GC(292) Pause Young (Normal) (G1 Evacuation Pause)
[98712.307s][info][gc,task        ] GC(292) Using 8 workers of 8 for evacuation
[98712.317s][info][gc,phases      ] GC(292)   Pre Evacuate Collection Set: 0.0ms
[98712.317s][info][gc,phases      ] GC(292)   Evacuate Collection Set: 4.8ms
[98712.317s][info][gc,phases      ] GC(292)   Post Evacuate Collection Set: 4.3ms
[98712.317s][info][gc,phases      ] GC(292)   Other: 0.7ms
[98712.317s][info][gc,heap        ] GC(292) Eden regions: 392->0(392)
[98712.317s][info][gc,heap        ] GC(292) Survivor regions: 2->2(50)
[98712.317s][info][gc,heap        ] GC(292) Old regions: 86->86
[98712.317s][info][gc,heap        ] GC(292) Humongous regions: 11->11
[98712.317s][info][gc,metaspace   ] GC(292) Metaspace: 100520K->100520K(1142784K)
[98712.317s][info][gc             ] GC(292) Pause Young (Normal) (G1 Evacuation Pause) 484M->92M(493M) 9.981ms
[98712.317s][info][gc,cpu         ] GC(292) User=0.04s Sys=0.00s Real=0.01s
[99352.306s][info][gc,start       ] GC(293) Pause Young (Normal) (G1 Evacuation Pause)
[99352.306s][info][gc,task        ] GC(293) Using 8 workers of 8 for evacuation
[99352.318s][info][gc,phases      ] GC(293)   Pre Evacuate Collection Set: 0.0ms
[99352.318s][info][gc,phases      ] GC(293)   Evacuate Collection Set: 4.9ms
[99352.318s][info][gc,phases      ] GC(293)   Post Evacuate Collection Set: 5.8ms
[99352.318s][info][gc,phases      ] GC(293)   Other: 0.7ms
[99352.318s][info][gc,heap        ] GC(293) Eden regions: 392->0(392)
[99352.318s][info][gc,heap        ] GC(293) Survivor regions: 2->2(50)
[99352.318s][info][gc,heap        ] GC(293) Old regions: 86->86
[99352.318s][info][gc,heap        ] GC(293) Humongous regions: 11->11
[99352.318s][info][gc,metaspace   ] GC(293) Metaspace: 100520K->100520K(1142784K)
[99352.318s][info][gc             ] GC(293) Pause Young (Normal) (G1 Evacuation Pause) 484M->92M(493M) 11.643ms
[99352.318s][info][gc,cpu         ] GC(293) User=0.05s Sys=0.00s Real=0.01s
[99992.307s][info][gc,start       ] GC(294) Pause Young (Normal) (G1 Evacuation Pause)
[99992.307s][info][gc,task        ] GC(294) Using 8 workers of 8 for evacuation
[99992.316s][info][gc,phases      ] GC(294)   Pre Evacuate Collection Set: 0.0ms
[99992.316s][info][gc,phases      ] GC(294)   Evacuate Collection Set: 2.8ms
[99992.316s][info][gc,phases      ] GC(294)   Post Evacuate Collection Set: 5.6ms
[99992.316s][info][gc,phases      ] GC(294)   Other: 0.6ms
[99992.316s][info][gc,heap        ] GC(294) Eden regions: 392->0(393)
[99992.316s][info][gc,heap        ] GC(294) Survivor regions: 2->1(50)
[99992.316s][info][gc,heap        ] GC(294) Old regions: 86->86
[99992.316s][info][gc,heap        ] GC(294) Humongous regions: 11->11
[99992.316s][info][gc,metaspace   ] GC(294) Metaspace: 100520K->100520K(1142784K)
[99992.316s][info][gc             ] GC(294) Pause Young (Normal) (G1 Evacuation Pause) 484M->91M(493M) 9.240ms
[99992.316s][info][gc,cpu         ] GC(294) User=0.04s Sys=0.00s Real=0.01s
[100635.701s][info][gc,start       ] GC(295) Pause Young (Normal) (G1 Evacuation Pause)
[100635.701s][info][gc,task        ] GC(295) Using 8 workers of 8 for evacuation
[100635.709s][info][gc,phases      ] GC(295)   Pre Evacuate Collection Set: 0.0ms
[100635.709s][info][gc,phases      ] GC(295)   Evacuate Collection Set: 2.7ms
[100635.709s][info][gc,phases      ] GC(295)   Post Evacuate Collection Set: 4.9ms
[100635.709s][info][gc,phases      ] GC(295)   Other: 0.6ms
[100635.709s][info][gc,heap        ] GC(295) Eden regions: 393->0(393)
[100635.709s][info][gc,heap        ] GC(295) Survivor regions: 1->1(50)
[100635.709s][info][gc,heap        ] GC(295) Old regions: 86->86
[100635.709s][info][gc,heap        ] GC(295) Humongous regions: 11->11
[100635.709s][info][gc,metaspace   ] GC(295) Metaspace: 100520K->100520K(1142784K)
[100635.709s][info][gc             ] GC(295) Pause Young (Normal) (G1 Evacuation Pause) 484M->91M(493M) 8.451ms
[100635.710s][info][gc,cpu         ] GC(295) User=0.03s Sys=0.00s Real=0.01s
[101252.305s][info][gc,start       ] GC(296) Pause Young (Normal) (G1 Evacuation Pause)
[101252.305s][info][gc,task        ] GC(296) Using 8 workers of 8 for evacuation
[101252.317s][info][gc,phases      ] GC(296)   Pre Evacuate Collection Set: 0.0ms
[101252.317s][info][gc,phases      ] GC(296)   Evacuate Collection Set: 4.5ms
[101252.317s][info][gc,phases      ] GC(296)   Post Evacuate Collection Set: 6.8ms
[101252.317s][info][gc,phases      ] GC(296)   Other: 0.6ms
[101252.317s][info][gc,heap        ] GC(296) Eden regions: 393->0(392)
[101252.317s][info][gc,heap        ] GC(296) Survivor regions: 1->2(50)
[101252.317s][info][gc,heap        ] GC(296) Old regions: 86->86
[101252.317s][info][gc,heap        ] GC(296) Humongous regions: 11->11
[101252.317s][info][gc,metaspace   ] GC(296) Metaspace: 100663K->100663K(1142784K)
[101252.317s][info][gc             ] GC(296) Pause Young (Normal) (G1 Evacuation Pause) 484M->92M(493M) 12.052ms
[101252.317s][info][gc,cpu         ] GC(296) User=0.06s Sys=0.00s Real=0.01s
[101892.309s][info][gc,start       ] GC(297) Pause Young (Normal) (G1 Evacuation Pause)
[101892.309s][info][gc,task        ] GC(297) Using 8 workers of 8 for evacuation
[101892.318s][info][gc,phases      ] GC(297)   Pre Evacuate Collection Set: 0.0ms
[101892.318s][info][gc,phases      ] GC(297)   Evacuate Collection Set: 4.5ms
[101892.318s][info][gc,phases      ] GC(297)   Post Evacuate Collection Set: 4.4ms
[101892.318s][info][gc,phases      ] GC(297)   Other: 0.7ms
[101892.318s][info][gc,heap        ] GC(297) Eden regions: 392->0(392)
[101892.318s][info][gc,heap        ] GC(297) Survivor regions: 2->2(50)
[101892.318s][info][gc,heap        ] GC(297) Old regions: 86->86
[101892.318s][info][gc,heap        ] GC(297) Humongous regions: 11->11
[101892.318s][info][gc,metaspace   ] GC(297) Metaspace: 100663K->100663K(1142784K)
[101892.319s][info][gc             ] GC(297) Pause Young (Normal) (G1 Evacuation Pause) 484M->92M(493M) 9.862ms
[101892.319s][info][gc,cpu         ] GC(297) User=0.04s Sys=0.00s Real=0.01s
[102533.159s][info][gc,start       ] GC(298) Pause Young (Normal) (G1 Evacuation Pause)
[102533.159s][info][gc,task        ] GC(298) Using 8 workers of 8 for evacuation
[102533.170s][info][gc,phases      ] GC(298)   Pre Evacuate Collection Set: 0.0ms
[102533.170s][info][gc,phases      ] GC(298)   Evacuate Collection Set: 4.6ms
[102533.170s][info][gc,phases      ] GC(298)   Post Evacuate Collection Set: 6.0ms
[102533.170s][info][gc,phases      ] GC(298)   Other: 0.6ms
[102533.170s][info][gc,heap        ] GC(298) Eden regions: 392->0(392)
[102533.170s][info][gc,heap        ] GC(298) Survivor regions: 2->2(50)
[102533.170s][info][gc,heap        ] GC(298) Old regions: 86->86
[102533.170s][info][gc,heap        ] GC(298) Humongous regions: 11->11
[102533.170s][info][gc,metaspace   ] GC(298) Metaspace: 100663K->100663K(1142784K)
[102533.170s][info][gc             ] GC(298) Pause Young (Normal) (G1 Evacuation Pause) 484M->92M(493M) 11.470ms
[102533.170s][info][gc,cpu         ] GC(298) User=0.05s Sys=0.01s Real=0.02s
[103175.702s][info][gc,start       ] GC(299) Pause Young (Normal) (G1 Evacuation Pause)
[103175.702s][info][gc,task        ] GC(299) Using 8 workers of 8 for evacuation
[103175.712s][info][gc,phases      ] GC(299)   Pre Evacuate Collection Set: 0.1ms
[103175.712s][info][gc,phases      ] GC(299)   Evacuate Collection Set: 4.6ms
[103175.712s][info][gc,phases      ] GC(299)   Post Evacuate Collection Set: 4.5ms
[103175.712s][info][gc,phases      ] GC(299)   Other: 0.6ms
[103175.712s][info][gc,heap        ] GC(299) Eden regions: 392->0(392)
[103175.712s][info][gc,heap        ] GC(299) Survivor regions: 2->2(50)
[103175.712s][info][gc,heap        ] GC(299) Old regions: 86->86
[103175.712s][info][gc,heap        ] GC(299) Humongous regions: 11->11
[103175.712s][info][gc,metaspace   ] GC(299) Metaspace: 100663K->100663K(1142784K)
[103175.712s][info][gc             ] GC(299) Pause Young (Normal) (G1 Evacuation Pause) 484M->92M(493M) 10.003ms
[103175.712s][info][gc,cpu         ] GC(299) User=0.04s Sys=0.00s Real=0.01s
[103815.701s][info][gc,start       ] GC(300) Pause Young (Normal) (G1 Evacuation Pause)
[103815.701s][info][gc,task        ] GC(300) Using 8 workers of 8 for evacuation
[103815.708s][info][gc,phases      ] GC(300)   Pre Evacuate Collection Set: 0.0ms
[103815.708s][info][gc,phases      ] GC(300)   Evacuate Collection Set: 2.5ms
[103815.708s][info][gc,phases      ] GC(300)   Post Evacuate Collection Set: 4.2ms
[103815.708s][info][gc,phases      ] GC(300)   Other: 0.6ms
[103815.708s][info][gc,heap        ] GC(300) Eden regions: 392->0(393)
[103815.708s][info][gc,heap        ] GC(300) Survivor regions: 2->1(50)
[103815.708s][info][gc,heap        ] GC(300) Old regions: 86->86
[103815.708s][info][gc,heap        ] GC(300) Humongous regions: 11->11
[103815.708s][info][gc,metaspace   ] GC(300) Metaspace: 100663K->100663K(1142784K)
[103815.709s][info][gc             ] GC(300) Pause Young (Normal) (G1 Evacuation Pause) 484M->91M(493M) 7.357ms
[103815.709s][info][gc,cpu         ] GC(300) User=0.03s Sys=0.00s Real=0.00s
[104457.524s][info][gc,start       ] GC(301) Pause Young (Normal) (G1 Evacuation Pause)
[104457.524s][info][gc,task        ] GC(301) Using 8 workers of 8 for evacuation
[104457.532s][info][gc,phases      ] GC(301)   Pre Evacuate Collection Set: 0.0ms
[104457.532s][info][gc,phases      ] GC(301)   Evacuate Collection Set: 2.6ms
[104457.532s][info][gc,phases      ] GC(301)   Post Evacuate Collection Set: 4.8ms
[104457.532s][info][gc,phases      ] GC(301)   Other: 0.7ms
[104457.532s][info][gc,heap        ] GC(301) Eden regions: 393->0(393)
[104457.532s][info][gc,heap        ] GC(301) Survivor regions: 1->1(50)
[104457.532s][info][gc,heap        ] GC(301) Old regions: 86->86
[104457.532s][info][gc,heap        ] GC(301) Humongous regions: 11->11
[104457.532s][info][gc,metaspace   ] GC(301) Metaspace: 100663K->100663K(1142784K)
[104457.532s][info][gc             ] GC(301) Pause Young (Normal) (G1 Evacuation Pause) 484M->91M(493M) 8.256ms
[104457.532s][info][gc,cpu         ] GC(301) User=0.03s Sys=0.00s Real=0.01s
[105037.306s][info][gc,start       ] GC(302) Pause Young (Normal) (G1 Evacuation Pause)
[105037.306s][info][gc,task        ] GC(302) Using 8 workers of 8 for evacuation
[105037.320s][info][gc,phases      ] GC(302)   Pre Evacuate Collection Set: 0.0ms
[105037.320s][info][gc,phases      ] GC(302)   Evacuate Collection Set: 7.5ms
[105037.320s][info][gc,phases      ] GC(302)   Post Evacuate Collection Set: 5.2ms
[105037.320s][info][gc,phases      ] GC(302)   Other: 0.7ms
[105037.320s][info][gc,heap        ] GC(302) Eden regions: 393->0(392)
[105037.320s][info][gc,heap        ] GC(302) Survivor regions: 1->3(50)
[105037.320s][info][gc,heap        ] GC(302) Old regions: 86->86
[105037.320s][info][gc,heap        ] GC(302) Humongous regions: 11->11
[105037.320s][info][gc,metaspace   ] GC(302) Metaspace: 100951K->100951K(1142784K)
[105037.320s][info][gc             ] GC(302) Pause Young (Normal) (G1 Evacuation Pause) 484M->94M(494M) 13.646ms
[105037.320s][info][gc,cpu         ] GC(302) User=0.08s Sys=0.00s Real=0.02s
[105678.023s][info][gc,start       ] GC(303) Pause Young (Normal) (G1 Evacuation Pause)
[105678.023s][info][gc,task        ] GC(303) Using 8 workers of 8 for evacuation
[105678.048s][info][gc,mmu         ] GC(303) MMU target violated: 21.0ms (20.0ms/21.0ms)
[105678.048s][info][gc,phases      ] GC(303)   Pre Evacuate Collection Set: 0.0ms
[105678.048s][info][gc,phases      ] GC(303)   Evacuate Collection Set: 15.2ms
[105678.048s][info][gc,phases      ] GC(303)   Post Evacuate Collection Set: 9.0ms
[105678.048s][info][gc,phases      ] GC(303)   Other: 0.8ms
[105678.048s][info][gc,heap        ] GC(303) Eden regions: 392->0(392)
[105678.048s][info][gc,heap        ] GC(303) Survivor regions: 3->4(50)
[105678.048s][info][gc,heap        ] GC(303) Old regions: 86->86
[105678.048s][info][gc,heap        ] GC(303) Humongous regions: 11->11
[105678.048s][info][gc,metaspace   ] GC(303) Metaspace: 100951K->100951K(1142784K)
[105678.048s][info][gc             ] GC(303) Pause Young (Normal) (G1 Evacuation Pause) 486M->94M(496M) 25.056ms
[105678.048s][info][gc,cpu         ] GC(303) User=0.11s Sys=0.00s Real=0.02s
[106319.204s][info][gc,start       ] GC(304) Pause Young (Normal) (G1 Evacuation Pause)
[106319.204s][info][gc,task        ] GC(304) Using 8 workers of 8 for evacuation
[106319.217s][info][gc,phases      ] GC(304)   Pre Evacuate Collection Set: 0.1ms
[106319.217s][info][gc,phases      ] GC(304)   Evacuate Collection Set: 7.9ms
[106319.217s][info][gc,phases      ] GC(304)   Post Evacuate Collection Set: 3.7ms
[106319.217s][info][gc,phases      ] GC(304)   Other: 0.8ms
[106319.217s][info][gc,heap        ] GC(304) Eden regions: 392->0(393)
[106319.217s][info][gc,heap        ] GC(304) Survivor regions: 4->4(50)
[106319.217s][info][gc,heap        ] GC(304) Old regions: 86->86
[106319.217s][info][gc,heap        ] GC(304) Humongous regions: 11->11
[106319.217s][info][gc,metaspace   ] GC(304) Metaspace: 100951K->100951K(1142784K)
[106319.217s][info][gc             ] GC(304) Pause Young (Normal) (G1 Evacuation Pause) 486M->94M(497M) 12.559ms
[106319.217s][info][gc,cpu         ] GC(304) User=0.06s Sys=0.00s Real=0.01s
[106965.704s][info][gc,start       ] GC(305) Pause Young (Normal) (G1 Evacuation Pause)
[106965.704s][info][gc,task        ] GC(305) Using 8 workers of 8 for evacuation
[106965.716s][info][gc,phases      ] GC(305)   Pre Evacuate Collection Set: 0.0ms
[106965.716s][info][gc,phases      ] GC(305)   Evacuate Collection Set: 7.3ms
[106965.716s][info][gc,phases      ] GC(305)   Post Evacuate Collection Set: 4.2ms
[106965.716s][info][gc,phases      ] GC(305)   Other: 0.7ms
[106965.716s][info][gc,heap        ] GC(305) Eden regions: 393->0(394)
[106965.716s][info][gc,heap        ] GC(305) Survivor regions: 4->4(50)
[106965.716s][info][gc,heap        ] GC(305) Old regions: 86->86
[106965.716s][info][gc,heap        ] GC(305) Humongous regions: 11->11
[106965.716s][info][gc,metaspace   ] GC(305) Metaspace: 100951K->100951K(1142784K)
[106965.716s][info][gc             ] GC(305) Pause Young (Normal) (G1 Evacuation Pause) 487M->94M(498M) 12.508ms
[106965.716s][info][gc,cpu         ] GC(305) User=0.06s Sys=0.01s Real=0.01s
[107606.072s][info][gc,start       ] GC(306) Pause Young (Normal) (G1 Evacuation Pause)
[107606.072s][info][gc,task        ] GC(306) Using 8 workers of 8 for evacuation
[107606.087s][info][gc,phases      ] GC(306)   Pre Evacuate Collection Set: 0.0ms
[107606.087s][info][gc,phases      ] GC(306)   Evacuate Collection Set: 3.5ms
[107606.087s][info][gc,phases      ] GC(306)   Post Evacuate Collection Set: 10.4ms
[107606.087s][info][gc,phases      ] GC(306)   Other: 0.6ms
[107606.087s][info][gc,heap        ] GC(306) Eden regions: 394->0(397)
[107606.087s][info][gc,heap        ] GC(306) Survivor regions: 4->1(50)
[107606.087s][info][gc,heap        ] GC(306) Old regions: 86->86
[107606.087s][info][gc,heap        ] GC(306) Humongous regions: 11->11
[107606.087s][info][gc,metaspace   ] GC(306) Metaspace: 100951K->100951K(1142784K)
[107606.087s][info][gc             ] GC(306) Pause Young (Normal) (G1 Evacuation Pause) 488M->92M(498M) 14.768ms
[107606.087s][info][gc,cpu         ] GC(306) User=0.07s Sys=0.01s Real=0.01s
[108226.085s][info][gc,start       ] GC(307) Pause Young (Normal) (G1 Evacuation Pause)
[108226.085s][info][gc,task        ] GC(307) Using 8 workers of 8 for evacuation
[108226.097s][info][gc,phases      ] GC(307)   Pre Evacuate Collection Set: 0.0ms
[108226.097s][info][gc,phases      ] GC(307)   Evacuate Collection Set: 4.8ms
[108226.097s][info][gc,phases      ] GC(307)   Post Evacuate Collection Set: 6.8ms
[108226.097s][info][gc,phases      ] GC(307)   Other: 0.6ms
[108226.097s][info][gc,heap        ] GC(307) Eden regions: 397->0(396)
[108226.097s][info][gc,heap        ] GC(307) Survivor regions: 1->2(50)
[108226.097s][info][gc,heap        ] GC(307) Old regions: 86->86
[108226.097s][info][gc,heap        ] GC(307) Humongous regions: 11->11
[108226.097s][info][gc,metaspace   ] GC(307) Metaspace: 101094K->101094K(1142784K)
[108226.097s][info][gc             ] GC(307) Pause Young (Normal) (G1 Evacuation Pause) 489M->92M(498M) 12.430ms
[108226.098s][info][gc,cpu         ] GC(307) User=0.05s Sys=0.01s Real=0.01s
[108875.704s][info][gc,start       ] GC(308) Pause Young (Normal) (G1 Evacuation Pause)
[108875.704s][info][gc,task        ] GC(308) Using 8 workers of 8 for evacuation
[108875.716s][info][gc,phases      ] GC(308)   Pre Evacuate Collection Set: 0.0ms
[108875.716s][info][gc,phases      ] GC(308)   Evacuate Collection Set: 5.1ms
[108875.716s][info][gc,phases      ] GC(308)   Post Evacuate Collection Set: 6.9ms
[108875.716s][info][gc,phases      ] GC(308)   Other: 0.7ms
[108875.716s][info][gc,heap        ] GC(308) Eden regions: 396->0(396)
[108875.716s][info][gc,heap        ] GC(308) Survivor regions: 2->2(50)
[108875.716s][info][gc,heap        ] GC(308) Old regions: 86->86
[108875.716s][info][gc,heap        ] GC(308) Humongous regions: 11->11
[108875.716s][info][gc,metaspace   ] GC(308) Metaspace: 101094K->101094K(1142784K)
[108875.716s][info][gc             ] GC(308) Pause Young (Normal) (G1 Evacuation Pause) 488M->92M(498M) 12.909ms
[108875.717s][info][gc,cpu         ] GC(308) User=0.06s Sys=0.00s Real=0.01s
[109526.063s][info][gc,start       ] GC(309) Pause Young (Normal) (G1 Evacuation Pause)
[109526.063s][info][gc,task        ] GC(309) Using 8 workers of 8 for evacuation
[109526.079s][info][gc,phases      ] GC(309)   Pre Evacuate Collection Set: 0.0ms
[109526.079s][info][gc,phases      ] GC(309)   Evacuate Collection Set: 5.3ms
[109526.079s][info][gc,phases      ] GC(309)   Post Evacuate Collection Set: 10.0ms
[109526.079s][info][gc,phases      ] GC(309)   Other: 0.8ms
[109526.079s][info][gc,heap        ] GC(309) Eden regions: 396->0(396)
[109526.079s][info][gc,heap        ] GC(309) Survivor regions: 2->2(50)
[109526.079s][info][gc,heap        ] GC(309) Old regions: 86->86
[109526.079s][info][gc,heap        ] GC(309) Humongous regions: 11->11
[109526.079s][info][gc,metaspace   ] GC(309) Metaspace: 101094K->101094K(1142784K)
[109526.079s][info][gc             ] GC(309) Pause Young (Normal) (G1 Evacuation Pause) 488M->92M(498M) 16.297ms
[109526.079s][info][gc,cpu         ] GC(309) User=0.08s Sys=0.00s Real=0.01s
[110167.306s][info][gc,start       ] GC(310) Pause Young (Normal) (G1 Evacuation Pause)
[110167.306s][info][gc,task        ] GC(310) Using 8 workers of 8 for evacuation
[110167.315s][info][gc,phases      ] GC(310)   Pre Evacuate Collection Set: 0.1ms
[110167.315s][info][gc,phases      ] GC(310)   Evacuate Collection Set: 3.2ms
[110167.315s][info][gc,phases      ] GC(310)   Post Evacuate Collection Set: 4.7ms
[110167.315s][info][gc,phases      ] GC(310)   Other: 0.6ms
[110167.315s][info][gc,heap        ] GC(310) Eden regions: 396->0(397)
[110167.315s][info][gc,heap        ] GC(310) Survivor regions: 2->1(50)
[110167.315s][info][gc,heap        ] GC(310) Old regions: 86->86
[110167.315s][info][gc,heap        ] GC(310) Humongous regions: 11->11
[110167.315s][info][gc,metaspace   ] GC(310) Metaspace: 101094K->101094K(1142784K)
[110167.315s][info][gc             ] GC(310) Pause Young (Normal) (G1 Evacuation Pause) 488M->91M(498M) 8.773ms
[110167.315s][info][gc,cpu         ] GC(310) User=0.04s Sys=0.00s Real=0.01s
[110822.338s][info][gc,start       ] GC(311) Pause Young (Normal) (G1 Evacuation Pause)
[110822.338s][info][gc,task        ] GC(311) Using 8 workers of 8 for evacuation
[110822.353s][info][gc,phases      ] GC(311)   Pre Evacuate Collection Set: 0.0ms
[110822.353s][info][gc,phases      ] GC(311)   Evacuate Collection Set: 6.0ms
[110822.353s][info][gc,phases      ] GC(311)   Post Evacuate Collection Set: 7.7ms
[110822.353s][info][gc,phases      ] GC(311)   Other: 0.7ms
[110822.353s][info][gc,heap        ] GC(311) Eden regions: 397->0(397)
[110822.353s][info][gc,heap        ] GC(311) Survivor regions: 1->1(50)
[110822.353s][info][gc,heap        ] GC(311) Old regions: 86->86
[110822.353s][info][gc,heap        ] GC(311) Humongous regions: 11->11
[110822.353s][info][gc,metaspace   ] GC(311) Metaspace: 101094K->101094K(1142784K)
[110822.353s][info][gc             ] GC(311) Pause Young (Normal) (G1 Evacuation Pause) 488M->91M(498M) 14.644ms
[110822.353s][info][gc,cpu         ] GC(311) User=0.07s Sys=0.00s Real=0.02s
[111466.078s][info][gc,start       ] GC(312) Pause Young (Normal) (G1 Evacuation Pause)
[111466.078s][info][gc,task        ] GC(312) Using 8 workers of 8 for evacuation
[111466.086s][info][gc,phases      ] GC(312)   Pre Evacuate Collection Set: 0.0ms
[111466.087s][info][gc,phases      ] GC(312)   Evacuate Collection Set: 3.4ms
[111466.087s][info][gc,phases      ] GC(312)   Post Evacuate Collection Set: 4.1ms
[111466.087s][info][gc,phases      ] GC(312)   Other: 0.7ms
[111466.087s][info][gc,heap        ] GC(312) Eden regions: 397->0(397)
[111466.087s][info][gc,heap        ] GC(312) Survivor regions: 1->1(50)
[111466.087s][info][gc,heap        ] GC(312) Old regions: 86->86
[111466.087s][info][gc,heap        ] GC(312) Humongous regions: 11->11
[111466.087s][info][gc,metaspace   ] GC(312) Metaspace: 101094K->101094K(1142784K)
[111466.087s][info][gc             ] GC(312) Pause Young (Normal) (G1 Evacuation Pause) 488M->91M(498M) 8.498ms
[111466.087s][info][gc,cpu         ] GC(312) User=0.03s Sys=0.00s Real=0.01s
[112086.072s][info][gc,start       ] GC(313) Pause Young (Normal) (G1 Evacuation Pause)
[112086.072s][info][gc,task        ] GC(313) Using 8 workers of 8 for evacuation
[112086.088s][info][gc,phases      ] GC(313)   Pre Evacuate Collection Set: 0.0ms
[112086.088s][info][gc,phases      ] GC(313)   Evacuate Collection Set: 5.9ms
[112086.088s][info][gc,phases      ] GC(313)   Post Evacuate Collection Set: 10.0ms
[112086.088s][info][gc,phases      ] GC(313)   Other: 0.7ms
[112086.088s][info][gc,heap        ] GC(313) Eden regions: 397->0(395)
[112086.088s][info][gc,heap        ] GC(313) Survivor regions: 1->3(50)
[112086.088s][info][gc,heap        ] GC(313) Old regions: 86->86
[112086.088s][info][gc,heap        ] GC(313) Humongous regions: 11->11
[112086.088s][info][gc,metaspace   ] GC(313) Metaspace: 101274K->101274K(1142784K)
[112086.089s][info][gc             ] GC(313) Pause Young (Normal) (G1 Evacuation Pause) 488M->93M(498M) 16.743ms
[112086.089s][info][gc,cpu         ] GC(313) User=0.09s Sys=0.00s Real=0.01s
[112727.307s][info][gc,start       ] GC(314) Pause Young (Normal) (G1 Evacuation Pause)
[112727.307s][info][gc,task        ] GC(314) Using 8 workers of 8 for evacuation
[112727.319s][info][gc,phases      ] GC(314)   Pre Evacuate Collection Set: 0.0ms
[112727.319s][info][gc,phases      ] GC(314)   Evacuate Collection Set: 5.3ms
[112727.319s][info][gc,phases      ] GC(314)   Post Evacuate Collection Set: 6.3ms
[112727.319s][info][gc,phases      ] GC(314)   Other: 0.7ms
[112727.319s][info][gc,heap        ] GC(314) Eden regions: 395->0(396)
[112727.319s][info][gc,heap        ] GC(314) Survivor regions: 3->2(50)
[112727.319s][info][gc,heap        ] GC(314) Old regions: 86->86
[112727.319s][info][gc,heap        ] GC(314) Humongous regions: 11->11
[112727.319s][info][gc,metaspace   ] GC(314) Metaspace: 101274K->101274K(1142784K)
[112727.319s][info][gc             ] GC(314) Pause Young (Normal) (G1 Evacuation Pause) 488M->93M(498M) 12.475ms
[112727.320s][info][gc,cpu         ] GC(314) User=0.06s Sys=0.00s Real=0.02s
[113378.137s][info][gc,start       ] GC(315) Pause Young (Normal) (G1 Evacuation Pause)
[113378.137s][info][gc,task        ] GC(315) Using 8 workers of 8 for evacuation
[113378.148s][info][gc,phases      ] GC(315)   Pre Evacuate Collection Set: 0.0ms
[113378.148s][info][gc,phases      ] GC(315)   Evacuate Collection Set: 5.4ms
[113378.148s][info][gc,phases      ] GC(315)   Post Evacuate Collection Set: 5.3ms
[113378.148s][info][gc,phases      ] GC(315)   Other: 0.7ms
[113378.148s][info][gc,heap        ] GC(315) Eden regions: 396->0(396)
[113378.148s][info][gc,heap        ] GC(315) Survivor regions: 2->2(50)
[113378.148s][info][gc,heap        ] GC(315) Old regions: 86->86
[113378.148s][info][gc,heap        ] GC(315) Humongous regions: 11->11
[113378.148s][info][gc,metaspace   ] GC(315) Metaspace: 101274K->101274K(1142784K)
[113378.148s][info][gc             ] GC(315) Pause Young (Normal) (G1 Evacuation Pause) 489M->93M(498M) 11.525ms
[113378.148s][info][gc,cpu         ] GC(315) User=0.05s Sys=0.00s Real=0.01s
[114026.067s][info][gc,start       ] GC(316) Pause Young (Normal) (G1 Evacuation Pause)
[114026.067s][info][gc,task        ] GC(316) Using 8 workers of 8 for evacuation
[114026.081s][info][gc,phases      ] GC(316)   Pre Evacuate Collection Set: 0.0ms
[114026.081s][info][gc,phases      ] GC(316)   Evacuate Collection Set: 3.7ms
[114026.081s][info][gc,phases      ] GC(316)   Post Evacuate Collection Set: 9.8ms
[114026.081s][info][gc,phases      ] GC(316)   Other: 0.6ms
[114026.081s][info][gc,heap        ] GC(316) Eden regions: 396->0(397)
[114026.081s][info][gc,heap        ] GC(316) Survivor regions: 2->1(50)
[114026.081s][info][gc,heap        ] GC(316) Old regions: 86->86
[114026.081s][info][gc,heap        ] GC(316) Humongous regions: 11->11
[114026.081s][info][gc,metaspace   ] GC(316) Metaspace: 101274K->101274K(1142784K)
[114026.081s][info][gc             ] GC(316) Pause Young (Normal) (G1 Evacuation Pause) 489M->92M(498M) 14.405ms
[114026.082s][info][gc,cpu         ] GC(316) User=0.07s Sys=0.01s Real=0.02s
[114672.304s][info][gc,start       ] GC(317) Pause Young (Normal) (G1 Evacuation Pause)
[114672.304s][info][gc,task        ] GC(317) Using 8 workers of 8 for evacuation
[114672.313s][info][gc,phases      ] GC(317)   Pre Evacuate Collection Set: 0.0ms
[114672.313s][info][gc,phases      ] GC(317)   Evacuate Collection Set: 3.1ms
[114672.313s][info][gc,phases      ] GC(317)   Post Evacuate Collection Set: 5.1ms
[114672.313s][info][gc,phases      ] GC(317)   Other: 0.7ms
[114672.313s][info][gc,heap        ] GC(317) Eden regions: 397->0(397)
[114672.313s][info][gc,heap        ] GC(317) Survivor regions: 1->1(50)
[114672.314s][info][gc,heap        ] GC(317) Old regions: 86->86
[114672.314s][info][gc,heap        ] GC(317) Humongous regions: 11->11
[114672.314s][info][gc,metaspace   ] GC(317) Metaspace: 101274K->101274K(1142784K)
[114672.314s][info][gc             ] GC(317) Pause Young (Normal) (G1 Evacuation Pause) 489M->91M(498M) 9.344ms
[114672.314s][info][gc,cpu         ] GC(317) User=0.03s Sys=0.00s Real=0.01s
[115307.376s][info][gc,start       ] GC(318) Pause Young (Normal) (G1 Evacuation Pause)
[115307.376s][info][gc,task        ] GC(318) Using 8 workers of 8 for evacuation
[115307.382s][info][gc,phases      ] GC(318)   Pre Evacuate Collection Set: 0.0ms
[115307.382s][info][gc,phases      ] GC(318)   Evacuate Collection Set: 2.2ms
[115307.382s][info][gc,phases      ] GC(318)   Post Evacuate Collection Set: 3.0ms
[115307.382s][info][gc,phases      ] GC(318)   Other: 0.3ms
[115307.382s][info][gc,heap        ] GC(318) Eden regions: 397->0(397)
[115307.382s][info][gc,heap        ] GC(318) Survivor regions: 1->1(50)
[115307.382s][info][gc,heap        ] GC(318) Old regions: 86->86
[115307.382s][info][gc,heap        ] GC(318) Humongous regions: 11->11
[115307.382s][info][gc,metaspace   ] GC(318) Metaspace: 101333K->101333K(1142784K)
[115307.382s][info][gc             ] GC(318) Pause Young (Normal) (G1 Evacuation Pause) 488M->92M(498M) 5.599ms
[115307.382s][info][gc,cpu         ] GC(318) User=0.03s Sys=0.00s Real=0.01s
[115946.076s][info][gc,start       ] GC(319) Pause Young (Normal) (G1 Evacuation Pause)
[115946.076s][info][gc,task        ] GC(319) Using 8 workers of 8 for evacuation
[115946.086s][info][gc,phases      ] GC(319)   Pre Evacuate Collection Set: 0.0ms
[115946.087s][info][gc,phases      ] GC(319)   Evacuate Collection Set: 5.1ms
[115946.087s][info][gc,phases      ] GC(319)   Post Evacuate Collection Set: 5.0ms
[115946.087s][info][gc,phases      ] GC(319)   Other: 0.6ms
[115946.087s][info][gc,heap        ] GC(319) Eden regions: 397->0(396)
[115946.087s][info][gc,heap        ] GC(319) Survivor regions: 1->2(50)
[115946.087s][info][gc,heap        ] GC(319) Old regions: 86->86
[115946.087s][info][gc,heap        ] GC(319) Humongous regions: 11->11
[115946.087s][info][gc,metaspace   ] GC(319) Metaspace: 101416K->101416K(1142784K)
[115946.087s][info][gc             ] GC(319) Pause Young (Normal) (G1 Evacuation Pause) 489M->93M(498M) 10.983ms
[115946.087s][info][gc,cpu         ] GC(319) User=0.05s Sys=0.00s Real=0.01s
[116595.701s][info][gc,start       ] GC(320) Pause Young (Normal) (G1 Evacuation Pause)
[116595.701s][info][gc,task        ] GC(320) Using 8 workers of 8 for evacuation
[116595.711s][info][gc,phases      ] GC(320)   Pre Evacuate Collection Set: 0.0ms
[116595.711s][info][gc,phases      ] GC(320)   Evacuate Collection Set: 4.4ms
[116595.711s][info][gc,phases      ] GC(320)   Post Evacuate Collection Set: 4.6ms
[116595.711s][info][gc,phases      ] GC(320)   Other: 0.7ms
[116595.711s][info][gc,heap        ] GC(320) Eden regions: 396->0(396)
[116595.711s][info][gc,heap        ] GC(320) Survivor regions: 2->2(50)
[116595.711s][info][gc,heap        ] GC(320) Old regions: 86->86
[116595.711s][info][gc,heap        ] GC(320) Humongous regions: 11->11
[116595.711s][info][gc,metaspace   ] GC(320) Metaspace: 101416K->101416K(1142784K)
[116595.711s][info][gc             ] GC(320) Pause Young (Normal) (G1 Evacuation Pause) 489M->93M(498M) 9.909ms
[116595.711s][info][gc,cpu         ] GC(320) User=0.04s Sys=0.00s Real=0.01s
[117245.703s][info][gc,start       ] GC(321) Pause Young (Normal) (G1 Evacuation Pause)
[117245.704s][info][gc,task        ] GC(321) Using 8 workers of 8 for evacuation
[117245.717s][info][gc,phases      ] GC(321)   Pre Evacuate Collection Set: 0.0ms
[117245.717s][info][gc,phases      ] GC(321)   Evacuate Collection Set: 4.4ms
[117245.717s][info][gc,phases      ] GC(321)   Post Evacuate Collection Set: 8.1ms
[117245.717s][info][gc,phases      ] GC(321)   Other: 0.7ms
[117245.717s][info][gc,heap        ] GC(321) Eden regions: 396->0(396)
[117245.717s][info][gc,heap        ] GC(321) Survivor regions: 2->2(50)
[117245.717s][info][gc,heap        ] GC(321) Old regions: 86->86
[117245.717s][info][gc,heap        ] GC(321) Humongous regions: 11->11
[117245.717s][info][gc,metaspace   ] GC(321) Metaspace: 101416K->101416K(1142784K)
[117245.717s][info][gc             ] GC(321) Pause Young (Normal) (G1 Evacuation Pause) 489M->92M(498M) 13.441ms
[117245.717s][info][gc,cpu         ] GC(321) User=0.06s Sys=0.00s Real=0.01s
[117886.080s][info][gc,start       ] GC(322) Pause Young (Normal) (G1 Evacuation Pause)
[117886.080s][info][gc,task        ] GC(322) Using 8 workers of 8 for evacuation
[117886.092s][info][gc,phases      ] GC(322)   Pre Evacuate Collection Set: 0.0ms
[117886.092s][info][gc,phases      ] GC(322)   Evacuate Collection Set: 3.0ms
[117886.092s][info][gc,phases      ] GC(322)   Post Evacuate Collection Set: 8.5ms
[117886.092s][info][gc,phases      ] GC(322)   Other: 0.7ms
[117886.092s][info][gc,heap        ] GC(322) Eden regions: 396->0(397)
[117886.092s][info][gc,heap        ] GC(322) Survivor regions: 2->1(50)
[117886.092s][info][gc,heap        ] GC(322) Old regions: 86->86
[117886.092s][info][gc,heap        ] GC(322) Humongous regions: 11->11
[117886.092s][info][gc,metaspace   ] GC(322) Metaspace: 101416K->101416K(1142784K)
[117886.092s][info][gc             ] GC(322) Pause Young (Normal) (G1 Evacuation Pause) 488M->91M(498M) 12.323ms
[117886.092s][info][gc,cpu         ] GC(322) User=0.06s Sys=0.00s Real=0.01s
[118541.479s][info][gc,start       ] GC(323) Pause Young (Normal) (G1 Evacuation Pause)
[118541.479s][info][gc,task        ] GC(323) Using 8 workers of 8 for evacuation
[118541.488s][info][gc,phases      ] GC(323)   Pre Evacuate Collection Set: 0.0ms
[118541.488s][info][gc,phases      ] GC(323)   Evacuate Collection Set: 2.7ms
[118541.488s][info][gc,phases      ] GC(323)   Post Evacuate Collection Set: 5.8ms
[118541.488s][info][gc,phases      ] GC(323)   Other: 0.7ms
[118541.488s][info][gc,heap        ] GC(323) Eden regions: 397->0(397)
[118541.488s][info][gc,heap        ] GC(323) Survivor regions: 1->1(50)
[118541.488s][info][gc,heap        ] GC(323) Old regions: 86->86
[118541.488s][info][gc,heap        ] GC(323) Humongous regions: 11->11
[118541.488s][info][gc,metaspace   ] GC(323) Metaspace: 101416K->101416K(1142784K)
[118541.488s][info][gc             ] GC(323) Pause Young (Normal) (G1 Evacuation Pause) 488M->91M(498M) 9.491ms
[118541.488s][info][gc,cpu         ] GC(323) User=0.03s Sys=0.01s Real=0.01s
[119166.064s][info][gc,start       ] GC(324) Pause Young (Normal) (G1 Evacuation Pause)
[119166.064s][info][gc,task        ] GC(324) Using 8 workers of 8 for evacuation
[119166.074s][info][gc,phases      ] GC(324)   Pre Evacuate Collection Set: 0.0ms
[119166.074s][info][gc,phases      ] GC(324)   Evacuate Collection Set: 4.7ms
[119166.074s][info][gc,phases      ] GC(324)   Post Evacuate Collection Set: 4.7ms
[119166.074s][info][gc,phases      ] GC(324)   Other: 0.7ms
[119166.074s][info][gc,heap        ] GC(324) Eden regions: 397->0(396)
[119166.074s][info][gc,heap        ] GC(324) Survivor regions: 1->2(50)
[119166.074s][info][gc,heap        ] GC(324) Old regions: 86->86
[119166.074s][info][gc,heap        ] GC(324) Humongous regions: 11->11
[119166.074s][info][gc,metaspace   ] GC(324) Metaspace: 101560K->101560K(1142784K)
[119166.074s][info][gc             ] GC(324) Pause Young (Normal) (G1 Evacuation Pause) 488M->92M(498M) 10.347ms
[119166.075s][info][gc,cpu         ] GC(324) User=0.05s Sys=0.00s Real=0.01s
[119806.069s][info][gc,start       ] GC(325) Pause Young (Normal) (G1 Evacuation Pause)
[119806.069s][info][gc,task        ] GC(325) Using 8 workers of 8 for evacuation
[119806.079s][info][gc,phases      ] GC(325)   Pre Evacuate Collection Set: 0.0ms
[119806.079s][info][gc,phases      ] GC(325)   Evacuate Collection Set: 5.2ms
[119806.079s][info][gc,phases      ] GC(325)   Post Evacuate Collection Set: 4.4ms
[119806.079s][info][gc,phases      ] GC(325)   Other: 0.7ms
[119806.079s][info][gc,heap        ] GC(325) Eden regions: 396->0(396)
[119806.079s][info][gc,heap        ] GC(325) Survivor regions: 2->2(50)
[119806.079s][info][gc,heap        ] GC(325) Old regions: 86->86
[119806.079s][info][gc,heap        ] GC(325) Humongous regions: 11->11
[119806.079s][info][gc,metaspace   ] GC(325) Metaspace: 101578K->101578K(1142784K)
[119806.079s][info][gc             ] GC(325) Pause Young (Normal) (G1 Evacuation Pause) 488M->93M(498M) 10.587ms
[119806.080s][info][gc,cpu         ] GC(325) User=0.05s Sys=0.00s Real=0.01s
[120452.306s][info][gc,start       ] GC(326) Pause Young (Normal) (G1 Evacuation Pause)
[120452.306s][info][gc,task        ] GC(326) Using 8 workers of 8 for evacuation
[120452.318s][info][gc,phases      ] GC(326)   Pre Evacuate Collection Set: 0.0ms
[120452.318s][info][gc,phases      ] GC(326)   Evacuate Collection Set: 4.9ms
[120452.318s][info][gc,phases      ] GC(326)   Post Evacuate Collection Set: 7.0ms
[120452.318s][info][gc,phases      ] GC(326)   Other: 0.6ms
[120452.318s][info][gc,heap        ] GC(326) Eden regions: 396->0(396)
[120452.318s][info][gc,heap        ] GC(326) Survivor regions: 2->2(50)
[120452.318s][info][gc,heap        ] GC(326) Old regions: 86->86
[120452.318s][info][gc,heap        ] GC(326) Humongous regions: 11->11
[120452.318s][info][gc,metaspace   ] GC(326) Metaspace: 101578K->101578K(1142784K)
[120452.318s][info][gc             ] GC(326) Pause Young (Normal) (G1 Evacuation Pause) 489M->93M(498M) 12.718ms
[120452.319s][info][gc,cpu         ] GC(326) User=0.06s Sys=0.00s Real=0.01s
[121103.161s][info][gc,start       ] GC(327) Pause Young (Normal) (G1 Evacuation Pause)
[121103.161s][info][gc,task        ] GC(327) Using 8 workers of 8 for evacuation
[121103.173s][info][gc,phases      ] GC(327)   Pre Evacuate Collection Set: 0.0ms
[121103.173s][info][gc,phases      ] GC(327)   Evacuate Collection Set: 3.3ms
[121103.173s][info][gc,phases      ] GC(327)   Post Evacuate Collection Set: 8.2ms
[121103.173s][info][gc,phases      ] GC(327)   Other: 0.6ms
[121103.173s][info][gc,heap        ] GC(327) Eden regions: 396->0(397)
[121103.173s][info][gc,heap        ] GC(327) Survivor regions: 2->1(50)
[121103.173s][info][gc,heap        ] GC(327) Old regions: 86->86
[121103.173s][info][gc,heap        ] GC(327) Humongous regions: 11->11
[121103.173s][info][gc,metaspace   ] GC(327) Metaspace: 101578K->101578K(1142784K)
[121103.173s][info][gc             ] GC(327) Pause Young (Normal) (G1 Evacuation Pause) 489M->92M(498M) 12.356ms
[121103.174s][info][gc,cpu         ] GC(327) User=0.06s Sys=0.00s Real=0.01s
[121747.306s][info][gc,start       ] GC(328) Pause Young (Normal) (G1 Evacuation Pause)
[121747.306s][info][gc,task        ] GC(328) Using 8 workers of 8 for evacuation
[121747.319s][info][gc,phases      ] GC(328)   Pre Evacuate Collection Set: 0.0ms
[121747.319s][info][gc,phases      ] GC(328)   Evacuate Collection Set: 5.4ms
[121747.319s][info][gc,phases      ] GC(328)   Post Evacuate Collection Set: 6.7ms
[121747.319s][info][gc,phases      ] GC(328)   Other: 0.6ms
[121747.319s][info][gc,heap        ] GC(328) Eden regions: 397->0(397)
[121747.319s][info][gc,heap        ] GC(328) Survivor regions: 1->1(50)
[121747.319s][info][gc,heap        ] GC(328) Old regions: 86->86
[121747.319s][info][gc,heap        ] GC(328) Humongous regions: 11->11
[121747.319s][info][gc,metaspace   ] GC(328) Metaspace: 101578K->101578K(1142784K)
[121747.319s][info][gc             ] GC(328) Pause Young (Normal) (G1 Evacuation Pause) 489M->91M(498M) 12.892ms
[121747.319s][info][gc,cpu         ] GC(328) User=0.06s Sys=0.00s Real=0.01s
[122402.307s][info][gc,start       ] GC(329) Pause Young (Normal) (G1 Evacuation Pause)
[122402.307s][info][gc,task        ] GC(329) Using 8 workers of 8 for evacuation
[122402.315s][info][gc,phases      ] GC(329)   Pre Evacuate Collection Set: 0.0ms
[122402.315s][info][gc,phases      ] GC(329)   Evacuate Collection Set: 2.0ms
[122402.315s][info][gc,phases      ] GC(329)   Post Evacuate Collection Set: 5.3ms
[122402.315s][info][gc,phases      ] GC(329)   Other: 0.5ms
[122402.315s][info][gc,heap        ] GC(329) Eden regions: 397->0(397)
[122402.315s][info][gc,heap        ] GC(329) Survivor regions: 1->1(50)
[122402.315s][info][gc,heap        ] GC(329) Old regions: 86->86
[122402.315s][info][gc,heap        ] GC(329) Humongous regions: 11->11
[122402.315s][info][gc,metaspace   ] GC(329) Metaspace: 101578K->101578K(1142784K)
[122402.315s][info][gc             ] GC(329) Pause Young (Normal) (G1 Evacuation Pause) 488M->91M(498M) 8.048ms
[122402.315s][info][gc,cpu         ] GC(329) User=0.03s Sys=0.00s Real=0.01s
[123026.066s][info][gc,start       ] GC(330) Pause Young (Normal) (G1 Evacuation Pause)
[123026.067s][info][gc,task        ] GC(330) Using 8 workers of 8 for evacuation
[123026.077s][info][gc,phases      ] GC(330)   Pre Evacuate Collection Set: 0.0ms
[123026.077s][info][gc,phases      ] GC(330)   Evacuate Collection Set: 5.1ms
[123026.077s][info][gc,phases      ] GC(330)   Post Evacuate Collection Set: 5.2ms
[123026.078s][info][gc,phases      ] GC(330)   Other: 0.6ms
[123026.078s][info][gc,heap        ] GC(330) Eden regions: 397->0(396)
[123026.078s][info][gc,heap        ] GC(330) Survivor regions: 1->2(50)
[123026.078s][info][gc,heap        ] GC(330) Old regions: 86->86
[123026.078s][info][gc,heap        ] GC(330) Humongous regions: 11->11
[123026.078s][info][gc,metaspace   ] GC(330) Metaspace: 101721K->101721K(1142784K)
[123026.078s][info][gc             ] GC(330) Pause Young (Normal) (G1 Evacuation Pause) 488M->93M(498M) 11.264ms
[123026.078s][info][gc,cpu         ] GC(330) User=0.06s Sys=0.00s Real=0.01s
[123667.316s][info][gc,start       ] GC(331) Pause Young (Normal) (G1 Evacuation Pause)
[123667.316s][info][gc,task        ] GC(331) Using 8 workers of 8 for evacuation
[123667.329s][info][gc,phases      ] GC(331)   Pre Evacuate Collection Set: 0.0ms
[123667.329s][info][gc,phases      ] GC(331)   Evacuate Collection Set: 4.8ms
[123667.329s][info][gc,phases      ] GC(331)   Post Evacuate Collection Set: 7.3ms
[123667.329s][info][gc,phases      ] GC(331)   Other: 0.6ms
[123667.329s][info][gc,heap        ] GC(331) Eden regions: 396->0(396)
[123667.329s][info][gc,heap        ] GC(331) Survivor regions: 2->2(50)
[123667.329s][info][gc,heap        ] GC(331) Old regions: 86->86
[123667.329s][info][gc,heap        ] GC(331) Humongous regions: 11->11
[123667.329s][info][gc,metaspace   ] GC(331) Metaspace: 101721K->101721K(1142784K)
[123667.329s][info][gc             ] GC(331) Pause Young (Normal) (G1 Evacuation Pause) 489M->93M(498M) 12.935ms
[123667.329s][info][gc,cpu         ] GC(331) User=0.06s Sys=0.00s Real=0.01s
[124319.161s][info][gc,start       ] GC(332) Pause Young (Normal) (G1 Evacuation Pause)
[124319.161s][info][gc,task        ] GC(332) Using 8 workers of 8 for evacuation
[124319.173s][info][gc,phases      ] GC(332)   Pre Evacuate Collection Set: 0.0ms
[124319.173s][info][gc,phases      ] GC(332)   Evacuate Collection Set: 4.8ms
[124319.174s][info][gc,phases      ] GC(332)   Post Evacuate Collection Set: 7.0ms
[124319.174s][info][gc,phases      ] GC(332)   Other: 0.7ms
[124319.174s][info][gc,heap        ] GC(332) Eden regions: 396->0(396)
[124319.174s][info][gc,heap        ] GC(332) Survivor regions: 2->2(50)
[124319.174s][info][gc,heap        ] GC(332) Old regions: 86->86
[124319.174s][info][gc,heap        ] GC(332) Humongous regions: 11->11
[124319.174s][info][gc,metaspace   ] GC(332) Metaspace: 101721K->101721K(1142784K)
[124319.174s][info][gc             ] GC(332) Pause Young (Normal) (G1 Evacuation Pause) 489M->93M(498M) 12.744ms
[124319.174s][info][gc,cpu         ] GC(332) User=0.06s Sys=0.00s Real=0.01s
[124966.070s][info][gc,start       ] GC(333) Pause Young (Normal) (G1 Evacuation Pause)
[124966.071s][info][gc,task        ] GC(333) Using 8 workers of 8 for evacuation
[124966.083s][info][gc,phases      ] GC(333)   Pre Evacuate Collection Set: 0.0ms
[124966.083s][info][gc,phases      ] GC(333)   Evacuate Collection Set: 3.4ms
[124966.083s][info][gc,phases      ] GC(333)   Post Evacuate Collection Set: 8.8ms
[124966.083s][info][gc,phases      ] GC(333)   Other: 0.7ms
[124966.083s][info][gc,heap        ] GC(333) Eden regions: 396->0(397)
[124966.084s][info][gc,heap        ] GC(333) Survivor regions: 2->1(50)
[124966.084s][info][gc,heap        ] GC(333) Old regions: 86->86
[124966.084s][info][gc,heap        ] GC(333) Humongous regions: 11->11
[124966.084s][info][gc,metaspace   ] GC(333) Metaspace: 101721K->101721K(1142784K)
[124966.084s][info][gc             ] GC(333) Pause Young (Normal) (G1 Evacuation Pause) 489M->92M(498M) 13.221ms
[124966.084s][info][gc,cpu         ] GC(333) User=0.06s Sys=0.00s Real=0.01s
[125614.317s][info][gc,start       ] GC(334) Pause Young (Normal) (G1 Evacuation Pause)
[125614.317s][info][gc,task        ] GC(334) Using 8 workers of 8 for evacuation
[125614.325s][info][gc,phases      ] GC(334)   Pre Evacuate Collection Set: 0.0ms
[125614.325s][info][gc,phases      ] GC(334)   Evacuate Collection Set: 2.6ms
[125614.326s][info][gc,phases      ] GC(334)   Post Evacuate Collection Set: 4.9ms
[125614.326s][info][gc,phases      ] GC(334)   Other: 0.7ms
[125614.326s][info][gc,heap        ] GC(334) Eden regions: 397->0(397)
[125614.326s][info][gc,heap        ] GC(334) Survivor regions: 1->1(50)
[125614.326s][info][gc,heap        ] GC(334) Old regions: 86->86
[125614.326s][info][gc,heap        ] GC(334) Humongous regions: 11->11
[125614.326s][info][gc,metaspace   ] GC(334) Metaspace: 101721K->101721K(1142784K)
[125614.326s][info][gc             ] GC(334) Pause Young (Normal) (G1 Evacuation Pause) 489M->91M(498M) 8.385ms
[125614.326s][info][gc,cpu         ] GC(334) User=0.03s Sys=0.00s Real=0.01s
[126239.162s][info][gc,start       ] GC(335) Pause Young (Normal) (G1 Evacuation Pause)
[126239.162s][info][gc,task        ] GC(335) Using 8 workers of 8 for evacuation
[126239.172s][info][gc,phases      ] GC(335)   Pre Evacuate Collection Set: 0.0ms
[126239.172s][info][gc,phases      ] GC(335)   Evacuate Collection Set: 4.8ms
[126239.172s][info][gc,phases      ] GC(335)   Post Evacuate Collection Set: 4.2ms
[126239.172s][info][gc,phases      ] GC(335)   Other: 0.7ms
[126239.172s][info][gc,heap        ] GC(335) Eden regions: 397->0(396)
[126239.172s][info][gc,heap        ] GC(335) Survivor regions: 1->2(50)
[126239.172s][info][gc,heap        ] GC(335) Old regions: 86->86
[126239.172s][info][gc,heap        ] GC(335) Humongous regions: 11->11
[126239.172s][info][gc,metaspace   ] GC(335) Metaspace: 101873K->101873K(1144832K)
[126239.172s][info][gc             ] GC(335) Pause Young (Normal) (G1 Evacuation Pause) 488M->93M(498M) 9.932ms
[126239.172s][info][gc,cpu         ] GC(335) User=0.05s Sys=0.00s Real=0.01s
[126882.307s][info][gc,start       ] GC(336) Pause Young (Normal) (G1 Evacuation Pause)
[126882.307s][info][gc,task        ] GC(336) Using 8 workers of 8 for evacuation
[126882.321s][info][gc,phases      ] GC(336)   Pre Evacuate Collection Set: 0.0ms
[126882.321s][info][gc,phases      ] GC(336)   Evacuate Collection Set: 6.0ms
[126882.321s][info][gc,phases      ] GC(336)   Post Evacuate Collection Set: 6.9ms
[126882.321s][info][gc,phases      ] GC(336)   Other: 0.6ms
[126882.321s][info][gc,heap        ] GC(336) Eden regions: 396->0(396)
[126882.321s][info][gc,heap        ] GC(336) Survivor regions: 2->2(50)
[126882.321s][info][gc,heap        ] GC(336) Old regions: 86->86
[126882.321s][info][gc,heap        ] GC(336) Humongous regions: 11->11
[126882.321s][info][gc,metaspace   ] GC(336) Metaspace: 101883K->101883K(1144832K)
[126882.321s][info][gc             ] GC(336) Pause Young (Normal) (G1 Evacuation Pause) 489M->93M(498M) 13.772ms
[126882.321s][info][gc,cpu         ] GC(336) User=0.06s Sys=0.01s Real=0.02s
[127526.073s][info][gc,start       ] GC(337) Pause Young (Normal) (G1 Evacuation Pause)
[127526.073s][info][gc,task        ] GC(337) Using 8 workers of 8 for evacuation
[127526.083s][info][gc,phases      ] GC(337)   Pre Evacuate Collection Set: 0.0ms
[127526.083s][info][gc,phases      ] GC(337)   Evacuate Collection Set: 5.1ms
[127526.083s][info][gc,phases      ] GC(337)   Post Evacuate Collection Set: 4.4ms
[127526.083s][info][gc,phases      ] GC(337)   Other: 0.6ms
[127526.083s][info][gc,heap        ] GC(337) Eden regions: 396->0(395)
[127526.083s][info][gc,heap        ] GC(337) Survivor regions: 2->3(50)
[127526.083s][info][gc,heap        ] GC(337) Old regions: 86->86
[127526.083s][info][gc,heap        ] GC(337) Humongous regions: 11->11
[127526.083s][info][gc,metaspace   ] GC(337) Metaspace: 101883K->101883K(1144832K)
[127526.083s][info][gc             ] GC(337) Pause Young (Normal) (G1 Evacuation Pause) 489M->93M(498M) 10.410ms
[127526.083s][info][gc,cpu         ] GC(337) User=0.05s Sys=0.00s Real=0.01s
[128167.313s][info][gc,start       ] GC(338) Pause Young (Normal) (G1 Evacuation Pause)
[128167.313s][info][gc,task        ] GC(338) Using 8 workers of 8 for evacuation
[128167.324s][info][gc,phases      ] GC(338)   Pre Evacuate Collection Set: 0.0ms
[128167.324s][info][gc,phases      ] GC(338)   Evacuate Collection Set: 3.4ms
[128167.324s][info][gc,phases      ] GC(338)   Post Evacuate Collection Set: 7.5ms
[128167.325s][info][gc,phases      ] GC(338)   Other: 0.7ms
[128167.325s][info][gc,heap        ] GC(338) Eden regions: 395->0(396)
[128167.325s][info][gc,heap        ] GC(338) Survivor regions: 3->2(50)
[128167.325s][info][gc,heap        ] GC(338) Old regions: 86->86
[128167.325s][info][gc,heap        ] GC(338) Humongous regions: 11->11
[128167.325s][info][gc,metaspace   ] GC(338) Metaspace: 101883K->101883K(1144832K)
[128167.325s][info][gc             ] GC(338) Pause Young (Normal) (G1 Evacuation Pause) 488M->92M(498M) 11.827ms
[128167.325s][info][gc,cpu         ] GC(338) User=0.05s Sys=0.00s Real=0.01s
[128818.765s][info][gc,start       ] GC(339) Pause Young (Normal) (G1 Evacuation Pause)
[128818.765s][info][gc,task        ] GC(339) Using 8 workers of 8 for evacuation
[128818.769s][info][gc,phases      ] GC(339)   Pre Evacuate Collection Set: 0.0ms
[128818.769s][info][gc,phases      ] GC(339)   Evacuate Collection Set: 1.7ms
[128818.770s][info][gc,phases      ] GC(339)   Post Evacuate Collection Set: 3.0ms
[128818.770s][info][gc,phases      ] GC(339)   Other: 0.2ms
[128818.770s][info][gc,heap        ] GC(339) Eden regions: 396->0(397)
[128818.770s][info][gc,heap        ] GC(339) Survivor regions: 2->1(50)
[128818.770s][info][gc,heap        ] GC(339) Old regions: 86->86
[128818.770s][info][gc,heap        ] GC(339) Humongous regions: 11->11
[128818.770s][info][gc,metaspace   ] GC(339) Metaspace: 101883K->101883K(1144832K)
[128818.770s][info][gc             ] GC(339) Pause Young (Normal) (G1 Evacuation Pause) 488M->91M(498M) 4.993ms
[128818.770s][info][gc,cpu         ] GC(339) User=0.02s Sys=0.00s Real=0.01s
[129466.073s][info][gc,start       ] GC(340) Pause Young (Normal) (G1 Evacuation Pause)
[129466.073s][info][gc,task        ] GC(340) Using 8 workers of 8 for evacuation
[129466.086s][info][gc,phases      ] GC(340)   Pre Evacuate Collection Set: 0.1ms
[129466.086s][info][gc,phases      ] GC(340)   Evacuate Collection Set: 6.6ms
[129466.086s][info][gc,phases      ] GC(340)   Post Evacuate Collection Set: 5.6ms
[129466.086s][info][gc,phases      ] GC(340)   Other: 0.9ms
[129466.086s][info][gc,heap        ] GC(340) Eden regions: 397->0(397)
[129466.086s][info][gc,heap        ] GC(340) Survivor regions: 1->1(50)
[129466.086s][info][gc,heap        ] GC(340) Old regions: 86->86
[129466.086s][info][gc,heap        ] GC(340) Humongous regions: 11->11
[129466.086s][info][gc,metaspace   ] GC(340) Metaspace: 101883K->101883K(1144832K)
[129466.086s][info][gc             ] GC(340) Pause Young (Normal) (G1 Evacuation Pause) 488M->92M(498M) 13.115ms
[129466.086s][info][gc,cpu         ] GC(340) User=0.06s Sys=0.00s Real=0.01s
[130087.306s][info][gc,start       ] GC(341) Pause Young (Normal) (G1 Evacuation Pause)
[130087.306s][info][gc,task        ] GC(341) Using 8 workers of 8 for evacuation
[130087.318s][info][gc,phases      ] GC(341)   Pre Evacuate Collection Set: 0.0ms
[130087.318s][info][gc,phases      ] GC(341)   Evacuate Collection Set: 4.7ms
[130087.318s][info][gc,phases      ] GC(341)   Post Evacuate Collection Set: 6.1ms
[130087.318s][info][gc,phases      ] GC(341)   Other: 0.8ms
[130087.318s][info][gc,heap        ] GC(341) Eden regions: 397->0(396)
[130087.318s][info][gc,heap        ] GC(341) Survivor regions: 1->2(50)
[130087.318s][info][gc,heap        ] GC(341) Old regions: 86->86
[130087.318s][info][gc,heap        ] GC(341) Humongous regions: 11->11
[130087.318s][info][gc,metaspace   ] GC(341) Metaspace: 102037K->102037K(1144832K)
[130087.318s][info][gc             ] GC(341) Pause Young (Normal) (G1 Evacuation Pause) 489M->93M(498M) 11.712ms
[130087.318s][info][gc,cpu         ] GC(341) User=0.06s Sys=0.00s Real=0.01s
[130738.386s][info][gc,start       ] GC(342) Pause Young (Normal) (G1 Evacuation Pause)
[130738.386s][info][gc,task        ] GC(342) Using 8 workers of 8 for evacuation
[130738.398s][info][gc,phases      ] GC(342)   Pre Evacuate Collection Set: 0.0ms
[130738.398s][info][gc,phases      ] GC(342)   Evacuate Collection Set: 4.6ms
[130738.399s][info][gc,phases      ] GC(342)   Post Evacuate Collection Set: 7.2ms
[130738.399s][info][gc,phases      ] GC(342)   Other: 0.7ms
[130738.399s][info][gc,heap        ] GC(342) Eden regions: 396->0(396)
[130738.399s][info][gc,heap        ] GC(342) Survivor regions: 2->2(50)
[130738.399s][info][gc,heap        ] GC(342) Old regions: 86->86
[130738.399s][info][gc,heap        ] GC(342) Humongous regions: 11->11
[130738.399s][info][gc,metaspace   ] GC(342) Metaspace: 102037K->102037K(1144832K)
[130738.399s][info][gc             ] GC(342) Pause Young (Normal) (G1 Evacuation Pause) 489M->93M(498M) 12.699ms
[130738.399s][info][gc,cpu         ] GC(342) User=0.06s Sys=0.00s Real=0.01s
[131386.070s][info][gc,start       ] GC(343) Pause Young (Normal) (G1 Evacuation Pause)
[131386.070s][info][gc,task        ] GC(343) Using 8 workers of 8 for evacuation
[131386.082s][info][gc,phases      ] GC(343)   Pre Evacuate Collection Set: 0.0ms
[131386.082s][info][gc,phases      ] GC(343)   Evacuate Collection Set: 5.2ms
[131386.082s][info][gc,phases      ] GC(343)   Post Evacuate Collection Set: 6.0ms
[131386.082s][info][gc,phases      ] GC(343)   Other: 0.7ms
[131386.082s][info][gc,heap        ] GC(343) Eden regions: 396->0(396)
[131386.082s][info][gc,heap        ] GC(343) Survivor regions: 2->2(50)
[131386.082s][info][gc,heap        ] GC(343) Old regions: 86->86
[131386.082s][info][gc,heap        ] GC(343) Humongous regions: 11->11
[131386.082s][info][gc,metaspace   ] GC(343) Metaspace: 102037K->102037K(1144832K)
[131386.082s][info][gc             ] GC(343) Pause Young (Normal) (G1 Evacuation Pause) 489M->93M(498M) 12.180ms
[131386.082s][info][gc,cpu         ] GC(343) User=0.05s Sys=0.00s Real=0.01s
[132028.098s][info][gc,start       ] GC(344) Pause Young (Normal) (G1 Evacuation Pause)
[132028.098s][info][gc,task        ] GC(344) Using 8 workers of 8 for evacuation
[132028.111s][info][gc,phases      ] GC(344)   Pre Evacuate Collection Set: 0.0ms
[132028.111s][info][gc,phases      ] GC(344)   Evacuate Collection Set: 2.8ms
[132028.111s][info][gc,phases      ] GC(344)   Post Evacuate Collection Set: 9.7ms
[132028.111s][info][gc,phases      ] GC(344)   Other: 0.7ms
[132028.111s][info][gc,heap        ] GC(344) Eden regions: 396->0(397)
[132028.111s][info][gc,heap        ] GC(344) Survivor regions: 2->1(50)
[132028.111s][info][gc,heap        ] GC(344) Old regions: 86->86
[132028.111s][info][gc,heap        ] GC(344) Humongous regions: 11->11
[132028.111s][info][gc,metaspace   ] GC(344) Metaspace: 102037K->102037K(1144832K)
[132028.111s][info][gc             ] GC(344) Pause Young (Normal) (G1 Evacuation Pause) 489M->92M(498M) 13.370ms
[132028.111s][info][gc,cpu         ] GC(344) User=0.06s Sys=0.00s Real=0.02s
[132683.158s][info][gc,start       ] GC(345) Pause Young (Normal) (G1 Evacuation Pause)
[132683.158s][info][gc,task        ] GC(345) Using 8 workers of 8 for evacuation
[132683.166s][info][gc,phases      ] GC(345)   Pre Evacuate Collection Set: 0.0ms
[132683.166s][info][gc,phases      ] GC(345)   Evacuate Collection Set: 2.7ms
[132683.166s][info][gc,phases      ] GC(345)   Post Evacuate Collection Set: 4.2ms
[132683.166s][info][gc,phases      ] GC(345)   Other: 0.7ms
[132683.166s][info][gc,heap        ] GC(345) Eden regions: 397->0(397)
[132683.166s][info][gc,heap        ] GC(345) Survivor regions: 1->1(50)
[132683.166s][info][gc,heap        ] GC(345) Old regions: 86->86
[132683.166s][info][gc,heap        ] GC(345) Humongous regions: 11->11
[132683.166s][info][gc,metaspace   ] GC(345) Metaspace: 102037K->102037K(1144832K)
[132683.166s][info][gc             ] GC(345) Pause Young (Normal) (G1 Evacuation Pause) 489M->92M(498M) 7.739ms
[132683.166s][info][gc,cpu         ] GC(345) User=0.02s Sys=0.00s Real=0.01s
[133307.393s][info][gc,start       ] GC(346) Pause Young (Normal) (G1 Evacuation Pause)
[133307.393s][info][gc,task        ] GC(346) Using 8 workers of 8 for evacuation
[133307.398s][info][gc,phases      ] GC(346)   Pre Evacuate Collection Set: 0.0ms
[133307.398s][info][gc,phases      ] GC(346)   Evacuate Collection Set: 2.1ms
[133307.398s][info][gc,phases      ] GC(346)   Post Evacuate Collection Set: 2.1ms
[133307.398s][info][gc,phases      ] GC(346)   Other: 0.2ms
[133307.398s][info][gc,heap        ] GC(346) Eden regions: 397->0(396)
[133307.398s][info][gc,heap        ] GC(346) Survivor regions: 1->2(50)
[133307.398s][info][gc,heap        ] GC(346) Old regions: 86->86
[133307.398s][info][gc,heap        ] GC(346) Humongous regions: 11->11
[133307.398s][info][gc,metaspace   ] GC(346) Metaspace: 102146K->102146K(1144832K)
[133307.398s][info][gc             ] GC(346) Pause Young (Normal) (G1 Evacuation Pause) 489M->92M(498M) 4.523ms
[133307.398s][info][gc,cpu         ] GC(346) User=0.02s Sys=0.00s Real=0.00s
[133946.070s][info][gc,start       ] GC(347) Pause Young (Normal) (G1 Evacuation Pause)
[133946.070s][info][gc,task        ] GC(347) Using 8 workers of 8 for evacuation
[133946.081s][info][gc,phases      ] GC(347)   Pre Evacuate Collection Set: 0.0ms
[133946.081s][info][gc,phases      ] GC(347)   Evacuate Collection Set: 6.0ms
[133946.081s][info][gc,phases      ] GC(347)   Post Evacuate Collection Set: 4.5ms
[133946.081s][info][gc,phases      ] GC(347)   Other: 0.6ms
[133946.081s][info][gc,heap        ] GC(347) Eden regions: 396->0(395)
[133946.081s][info][gc,heap        ] GC(347) Survivor regions: 2->3(50)
[133946.081s][info][gc,heap        ] GC(347) Old regions: 86->86
[133946.081s][info][gc,heap        ] GC(347) Humongous regions: 11->11
[133946.081s][info][gc,metaspace   ] GC(347) Metaspace: 102217K->102217K(1144832K)
[133946.081s][info][gc             ] GC(347) Pause Young (Normal) (G1 Evacuation Pause) 488M->93M(498M) 11.382ms
[133946.081s][info][gc,cpu         ] GC(347) User=0.05s Sys=0.01s Real=0.01s
[134587.307s][info][gc,start       ] GC(348) Pause Young (Normal) (G1 Evacuation Pause)
[134587.307s][info][gc,task        ] GC(348) Using 8 workers of 8 for evacuation
[134587.317s][info][gc,phases      ] GC(348)   Pre Evacuate Collection Set: 0.0ms
[134587.317s][info][gc,phases      ] GC(348)   Evacuate Collection Set: 4.9ms
[134587.317s][info][gc,phases      ] GC(348)   Post Evacuate Collection Set: 4.3ms
[134587.317s][info][gc,phases      ] GC(348)   Other: 0.6ms
[134587.317s][info][gc,heap        ] GC(348) Eden regions: 395->0(396)
[134587.317s][info][gc,heap        ] GC(348) Survivor regions: 3->2(50)
[134587.317s][info][gc,heap        ] GC(348) Old regions: 86->86
[134587.317s][info][gc,heap        ] GC(348) Humongous regions: 11->11
[134587.317s][info][gc,metaspace   ] GC(348) Metaspace: 102217K->102217K(1144832K)
[134587.317s][info][gc             ] GC(348) Pause Young (Normal) (G1 Evacuation Pause) 488M->93M(498M) 10.012ms
[134587.317s][info][gc,cpu         ] GC(348) User=0.05s Sys=0.00s Real=0.01s
[135238.148s][info][gc,start       ] GC(349) Pause Young (Normal) (G1 Evacuation Pause)
[135238.148s][info][gc,task        ] GC(349) Using 8 workers of 8 for evacuation
[135238.158s][info][gc,phases      ] GC(349)   Pre Evacuate Collection Set: 0.0ms
[135238.158s][info][gc,phases      ] GC(349)   Evacuate Collection Set: 4.7ms
[135238.158s][info][gc,phases      ] GC(349)   Post Evacuate Collection Set: 4.9ms
[135238.159s][info][gc,phases      ] GC(349)   Other: 0.7ms
[135238.159s][info][gc,heap        ] GC(349) Eden regions: 396->0(396)
[135238.159s][info][gc,heap        ] GC(349) Survivor regions: 2->2(50)
[135238.159s][info][gc,heap        ] GC(349) Old regions: 86->86
[135238.159s][info][gc,heap        ] GC(349) Humongous regions: 11->11
[135238.159s][info][gc,metaspace   ] GC(349) Metaspace: 102217K->102217K(1144832K)
[135238.159s][info][gc             ] GC(349) Pause Young (Normal) (G1 Evacuation Pause) 489M->93M(498M) 10.503ms
[135238.159s][info][gc,cpu         ] GC(349) User=0.05s Sys=0.00s Real=0.01s
[135886.071s][info][gc,start       ] GC(350) Pause Young (Normal) (G1 Evacuation Pause)
[135886.071s][info][gc,task        ] GC(350) Using 8 workers of 8 for evacuation
[135886.081s][info][gc,phases      ] GC(350)   Pre Evacuate Collection Set: 0.0ms
[135886.081s][info][gc,phases      ] GC(350)   Evacuate Collection Set: 3.2ms
[135886.081s][info][gc,phases      ] GC(350)   Post Evacuate Collection Set: 6.3ms
[135886.081s][info][gc,phases      ] GC(350)   Other: 0.7ms
[135886.081s][info][gc,heap        ] GC(350) Eden regions: 396->0(397)
[135886.081s][info][gc,heap        ] GC(350) Survivor regions: 2->1(50)
[135886.081s][info][gc,heap        ] GC(350) Old regions: 86->86
[135886.081s][info][gc,heap        ] GC(350) Humongous regions: 11->11
[135886.081s][info][gc,metaspace   ] GC(350) Metaspace: 102217K->102217K(1144832K)
[135886.081s][info][gc             ] GC(350) Pause Young (Normal) (G1 Evacuation Pause) 489M->92M(498M) 10.420ms
[135886.081s][info][gc,cpu         ] GC(350) User=0.05s Sys=0.00s Real=0.01s
[136535.524s][info][gc,start       ] GC(351) Pause Young (Normal) (G1 Evacuation Pause)
[136535.524s][info][gc,task        ] GC(351) Using 8 workers of 8 for evacuation
[136535.531s][info][gc,phases      ] GC(351)   Pre Evacuate Collection Set: 0.0ms
[136535.532s][info][gc,phases      ] GC(351)   Evacuate Collection Set: 2.6ms
[136535.532s][info][gc,phases      ] GC(351)   Post Evacuate Collection Set: 4.2ms
[136535.532s][info][gc,phases      ] GC(351)   Other: 0.7ms
[136535.532s][info][gc,heap        ] GC(351) Eden regions: 397->0(397)
[136535.532s][info][gc,heap        ] GC(351) Survivor regions: 1->1(50)
[136535.532s][info][gc,heap        ] GC(351) Old regions: 86->86
[136535.532s][info][gc,heap        ] GC(351) Humongous regions: 11->11
[136535.532s][info][gc,metaspace   ] GC(351) Metaspace: 102217K->102217K(1144832K)
[136535.532s][info][gc             ] GC(351) Pause Young (Normal) (G1 Evacuation Pause) 489M->92M(498M) 7.704ms
[136535.532s][info][gc,cpu         ] GC(351) User=0.02s Sys=0.00s Real=0.01s
[137162.338s][info][gc,start       ] GC(352) Pause Young (Normal) (G1 Evacuation Pause)
[137162.338s][info][gc,task        ] GC(352) Using 8 workers of 8 for evacuation
[137162.348s][info][gc,phases      ] GC(352)   Pre Evacuate Collection Set: 0.0ms
[137162.348s][info][gc,phases      ] GC(352)   Evacuate Collection Set: 4.9ms
[137162.348s][info][gc,phases      ] GC(352)   Post Evacuate Collection Set: 4.4ms
[137162.348s][info][gc,phases      ] GC(352)   Other: 0.7ms
[137162.348s][info][gc,heap        ] GC(352) Eden regions: 397->0(396)
[137162.348s][info][gc,heap        ] GC(352) Survivor regions: 1->2(50)
[137162.348s][info][gc,heap        ] GC(352) Old regions: 86->86
[137162.348s][info][gc,heap        ] GC(352) Humongous regions: 11->11
[137162.348s][info][gc,metaspace   ] GC(352) Metaspace: 102359K->102359K(1144832K)
[137162.348s][info][gc             ] GC(352) Pause Young (Normal) (G1 Evacuation Pause) 489M->93M(498M) 10.149ms
[137162.349s][info][gc,cpu         ] GC(352) User=0.04s Sys=0.00s Real=0.01s
[137806.072s][info][gc,start       ] GC(353) Pause Young (Normal) (G1 Evacuation Pause)
[137806.072s][info][gc,task        ] GC(353) Using 8 workers of 8 for evacuation
[137806.084s][info][gc,phases      ] GC(353)   Pre Evacuate Collection Set: 0.0ms
[137806.084s][info][gc,phases      ] GC(353)   Evacuate Collection Set: 7.1ms
[137806.085s][info][gc,phases      ] GC(353)   Post Evacuate Collection Set: 5.2ms
[137806.085s][info][gc,phases      ] GC(353)   Other: 0.7ms
[137806.085s][info][gc,heap        ] GC(353) Eden regions: 396->0(396)
[137806.085s][info][gc,heap        ] GC(353) Survivor regions: 2->2(50)
[137806.085s][info][gc,heap        ] GC(353) Old regions: 86->86
[137806.085s][info][gc,heap        ] GC(353) Humongous regions: 11->11
[137806.085s][info][gc,metaspace   ] GC(353) Metaspace: 102359K->102359K(1144832K)
[137806.085s][info][gc             ] GC(353) Pause Young (Normal) (G1 Evacuation Pause) 489M->93M(498M) 13.255ms
[137806.085s][info][gc,cpu         ] GC(353) User=0.06s Sys=0.00s Real=0.01s
[138452.306s][info][gc,start       ] GC(354) Pause Young (Normal) (G1 Evacuation Pause)
[138452.307s][info][gc,task        ] GC(354) Using 8 workers of 8 for evacuation
[138452.318s][info][gc,phases      ] GC(354)   Pre Evacuate Collection Set: 0.0ms
[138452.318s][info][gc,phases      ] GC(354)   Evacuate Collection Set: 4.9ms
[138452.318s][info][gc,phases      ] GC(354)   Post Evacuate Collection Set: 6.2ms
[138452.318s][info][gc,phases      ] GC(354)   Other: 0.6ms
[138452.318s][info][gc,heap        ] GC(354) Eden regions: 396->0(396)
[138452.318s][info][gc,heap        ] GC(354) Survivor regions: 2->2(50)
[138452.318s][info][gc,heap        ] GC(354) Old regions: 86->86
[138452.318s][info][gc,heap        ] GC(354) Humongous regions: 11->11
[138452.318s][info][gc,metaspace   ] GC(354) Metaspace: 102359K->102359K(1144832K)
[138452.319s][info][gc             ] GC(354) Pause Young (Normal) (G1 Evacuation Pause) 489M->93M(498M) 12.105ms
[138452.319s][info][gc,cpu         ] GC(354) User=0.06s Sys=0.00s Real=0.01s
[139102.485s][info][gc,start       ] GC(355) Pause Young (Normal) (G1 Evacuation Pause)
[139102.486s][info][gc,task        ] GC(355) Using 8 workers of 8 for evacuation
[139102.499s][info][gc,phases      ] GC(355)   Pre Evacuate Collection Set: 0.0ms
[139102.499s][info][gc,phases      ] GC(355)   Evacuate Collection Set: 2.9ms
[139102.499s][info][gc,phases      ] GC(355)   Post Evacuate Collection Set: 9.9ms
[139102.499s][info][gc,phases      ] GC(355)   Other: 0.6ms
[139102.499s][info][gc,heap        ] GC(355) Eden regions: 396->0(397)
[139102.499s][info][gc,heap        ] GC(355) Survivor regions: 2->1(50)
[139102.499s][info][gc,heap        ] GC(355) Old regions: 86->86
[139102.499s][info][gc,heap        ] GC(355) Humongous regions: 11->11
[139102.499s][info][gc,metaspace   ] GC(355) Metaspace: 102359K->102359K(1144832K)
[139102.499s][info][gc             ] GC(355) Pause Young (Normal) (G1 Evacuation Pause) 489M->92M(498M) 13.623ms
[139102.499s][info][gc,cpu         ] GC(355) User=0.06s Sys=0.00s Real=0.01s
[139746.080s][info][gc,start       ] GC(356) Pause Young (Normal) (G1 Evacuation Pause)
[139746.081s][info][gc,task        ] GC(356) Using 8 workers of 8 for evacuation
[139746.091s][info][gc,phases      ] GC(356)   Pre Evacuate Collection Set: 0.0ms
[139746.091s][info][gc,phases      ] GC(356)   Evacuate Collection Set: 3.4ms
[139746.091s][info][gc,phases      ] GC(356)   Post Evacuate Collection Set: 6.8ms
[139746.091s][info][gc,phases      ] GC(356)   Other: 0.6ms
[139746.091s][info][gc,heap        ] GC(356) Eden regions: 397->0(397)
[139746.091s][info][gc,heap        ] GC(356) Survivor regions: 1->1(50)
[139746.091s][info][gc,heap        ] GC(356) Old regions: 86->86
[139746.091s][info][gc,heap        ] GC(356) Humongous regions: 11->11
[139746.091s][info][gc,metaspace   ] GC(356) Metaspace: 102359K->102359K(1144832K)
[139746.091s][info][gc             ] GC(356) Pause Young (Normal) (G1 Evacuation Pause) 489M->92M(498M) 10.866ms
[139746.091s][info][gc,cpu         ] GC(356) User=0.04s Sys=0.00s Real=0.01s
[140399.161s][info][gc,start       ] GC(357) Pause Young (Normal) (G1 Evacuation Pause)
[140399.161s][info][gc,task        ] GC(357) Using 8 workers of 8 for evacuation
[140399.169s][info][gc,phases      ] GC(357)   Pre Evacuate Collection Set: 0.1ms
[140399.169s][info][gc,phases      ] GC(357)   Evacuate Collection Set: 2.7ms
[140399.169s][info][gc,phases      ] GC(357)   Post Evacuate Collection Set: 4.9ms
[140399.169s][info][gc,phases      ] GC(357)   Other: 0.6ms
[140399.170s][info][gc,heap        ] GC(357) Eden regions: 397->0(397)
[140399.170s][info][gc,heap        ] GC(357) Survivor regions: 1->1(50)
[140399.170s][info][gc,heap        ] GC(357) Old regions: 86->86
[140399.170s][info][gc,heap        ] GC(357) Humongous regions: 11->11
[140399.170s][info][gc,metaspace   ] GC(357) Metaspace: 102359K->102359K(1144832K)
[140399.170s][info][gc             ] GC(357) Pause Young (Normal) (G1 Evacuation Pause) 489M->92M(498M) 8.458ms
[140399.170s][info][gc,cpu         ] GC(357) User=0.03s Sys=0.00s Real=0.01s
[141015.705s][info][gc,start       ] GC(358) Pause Young (Normal) (G1 Evacuation Pause)
[141015.705s][info][gc,task        ] GC(358) Using 8 workers of 8 for evacuation
[141015.715s][info][gc,phases      ] GC(358)   Pre Evacuate Collection Set: 0.0ms
[141015.715s][info][gc,phases      ] GC(358)   Evacuate Collection Set: 5.0ms
[141015.715s][info][gc,phases      ] GC(358)   Post Evacuate Collection Set: 4.4ms
[141015.715s][info][gc,phases      ] GC(358)   Other: 0.7ms
[141015.715s][info][gc,heap        ] GC(358) Eden regions: 397->0(396)
[141015.715s][info][gc,heap        ] GC(358) Survivor regions: 1->2(50)
[141015.715s][info][gc,heap        ] GC(358) Old regions: 86->86
[141015.715s][info][gc,heap        ] GC(358) Humongous regions: 11->11
[141015.715s][info][gc,metaspace   ] GC(358) Metaspace: 102513K->102513K(1144832K)
[141015.715s][info][gc             ] GC(358) Pause Young (Normal) (G1 Evacuation Pause) 489M->93M(498M) 10.314ms
[141015.716s][info][gc,cpu         ] GC(358) User=0.05s Sys=0.00s Real=0.01s
[141666.064s][info][gc,start       ] GC(359) Pause Young (Normal) (G1 Evacuation Pause)
[141666.064s][info][gc,task        ] GC(359) Using 8 workers of 8 for evacuation
[141666.076s][info][gc,phases      ] GC(359)   Pre Evacuate Collection Set: 0.1ms
[141666.076s][info][gc,phases      ] GC(359)   Evacuate Collection Set: 5.0ms
[141666.076s][info][gc,phases      ] GC(359)   Post Evacuate Collection Set: 6.4ms
[141666.076s][info][gc,phases      ] GC(359)   Other: 0.6ms
[141666.076s][info][gc,heap        ] GC(359) Eden regions: 396->0(396)
[141666.076s][info][gc,heap        ] GC(359) Survivor regions: 2->2(50)
[141666.076s][info][gc,heap        ] GC(359) Old regions: 86->86
[141666.076s][info][gc,heap        ] GC(359) Humongous regions: 11->11
[141666.076s][info][gc,metaspace   ] GC(359) Metaspace: 102513K->102513K(1144832K)
[141666.076s][info][gc             ] GC(359) Pause Young (Normal) (G1 Evacuation Pause) 489M->93M(498M) 12.266ms
[141666.077s][info][gc,cpu         ] GC(359) User=0.06s Sys=0.01s Real=0.01s
[142306.939s][info][gc,start       ] GC(360) Pause Young (Normal) (G1 Evacuation Pause)
[142306.939s][info][gc,task        ] GC(360) Using 8 workers of 8 for evacuation
[142306.950s][info][gc,phases      ] GC(360)   Pre Evacuate Collection Set: 0.0ms
[142306.950s][info][gc,phases      ] GC(360)   Evacuate Collection Set: 4.8ms
[142306.950s][info][gc,phases      ] GC(360)   Post Evacuate Collection Set: 5.1ms
[142306.950s][info][gc,phases      ] GC(360)   Other: 0.7ms
[142306.950s][info][gc,heap        ] GC(360) Eden regions: 396->0(396)
[142306.950s][info][gc,heap        ] GC(360) Survivor regions: 2->2(50)
[142306.950s][info][gc,heap        ] GC(360) Old regions: 86->86
[142306.950s][info][gc,heap        ] GC(360) Humongous regions: 11->11
[142306.950s][info][gc,metaspace   ] GC(360) Metaspace: 102513K->102513K(1144832K)
[142306.950s][info][gc             ] GC(360) Pause Young (Normal) (G1 Evacuation Pause) 489M->93M(498M) 10.830ms
[142306.950s][info][gc,cpu         ] GC(360) User=0.05s Sys=0.00s Real=0.02s
[142957.307s][info][gc,start       ] GC(361) Pause Young (Normal) (G1 Evacuation Pause)
[142957.307s][info][gc,task        ] GC(361) Using 8 workers of 8 for evacuation
[142957.318s][info][gc,phases      ] GC(361)   Pre Evacuate Collection Set: 0.0ms
[142957.318s][info][gc,phases      ] GC(361)   Evacuate Collection Set: 2.8ms
[142957.318s][info][gc,phases      ] GC(361)   Post Evacuate Collection Set: 8.0ms
[142957.318s][info][gc,phases      ] GC(361)   Other: 0.8ms
[142957.318s][info][gc,heap        ] GC(361) Eden regions: 396->0(397)
[142957.318s][info][gc,heap        ] GC(361) Survivor regions: 2->1(50)
[142957.318s][info][gc,heap        ] GC(361) Old regions: 86->86
[142957.318s][info][gc,heap        ] GC(361) Humongous regions: 11->11
[142957.318s][info][gc,metaspace   ] GC(361) Metaspace: 102513K->102513K(1144832K)
[142957.318s][info][gc             ] GC(361) Pause Young (Normal) (G1 Evacuation Pause) 489M->92M(498M) 11.738ms
[142957.318s][info][gc,cpu         ] GC(361) User=0.05s Sys=0.00s Real=0.01s
[143606.072s][info][gc,start       ] GC(362) Pause Young (Normal) (G1 Evacuation Pause)
[143606.072s][info][gc,task        ] GC(362) Using 8 workers of 8 for evacuation
[143606.086s][info][gc,phases      ] GC(362)   Pre Evacuate Collection Set: 0.0ms
[143606.086s][info][gc,phases      ] GC(362)   Evacuate Collection Set: 5.5ms
[143606.086s][info][gc,phases      ] GC(362)   Post Evacuate Collection Set: 7.3ms
[143606.086s][info][gc,phases      ] GC(362)   Other: 0.7ms
[143606.086s][info][gc,heap        ] GC(362) Eden regions: 397->0(397)
[143606.086s][info][gc,heap        ] GC(362) Survivor regions: 1->1(50)
[143606.086s][info][gc,heap        ] GC(362) Old regions: 86->87
[143606.086s][info][gc,heap        ] GC(362) Humongous regions: 11->11
[143606.086s][info][gc,metaspace   ] GC(362) Metaspace: 102513K->102513K(1144832K)
[143606.086s][info][gc             ] GC(362) Pause Young (Normal) (G1 Evacuation Pause) 489M->92M(498M) 13.656ms
[143606.086s][info][gc,cpu         ] GC(362) User=0.06s Sys=0.00s Real=0.01s
[144227.308s][info][gc,start       ] GC(363) Pause Young (Normal) (G1 Evacuation Pause)
[144227.308s][info][gc,task        ] GC(363) Using 8 workers of 8 for evacuation
[144227.316s][info][gc,phases      ] GC(363)   Pre Evacuate Collection Set: 0.0ms
[144227.316s][info][gc,phases      ] GC(363)   Evacuate Collection Set: 3.1ms
[144227.316s][info][gc,phases      ] GC(363)   Post Evacuate Collection Set: 4.8ms
[144227.316s][info][gc,phases      ] GC(363)   Other: 0.4ms
[144227.316s][info][gc,heap        ] GC(363) Eden regions: 397->0(396)
[144227.316s][info][gc,heap        ] GC(363) Survivor regions: 1->2(50)
[144227.316s][info][gc,heap        ] GC(363) Old regions: 87->87
[144227.316s][info][gc,heap        ] GC(363) Humongous regions: 11->11
[144227.316s][info][gc,metaspace   ] GC(363) Metaspace: 102656K->102656K(1144832K)
[144227.316s][info][gc             ] GC(363) Pause Young (Normal) (G1 Evacuation Pause) 489M->93M(498M) 8.494ms
[144227.316s][info][gc,cpu         ] GC(363) User=0.04s Sys=0.00s Real=0.01s
[144879.157s][info][gc,start       ] GC(364) Pause Young (Normal) (G1 Evacuation Pause)
[144879.157s][info][gc,task        ] GC(364) Using 8 workers of 8 for evacuation
[144879.162s][info][gc,phases      ] GC(364)   Pre Evacuate Collection Set: 0.0ms
[144879.162s][info][gc,phases      ] GC(364)   Evacuate Collection Set: 2.4ms
[144879.162s][info][gc,phases      ] GC(364)   Post Evacuate Collection Set: 2.2ms
[144879.162s][info][gc,phases      ] GC(364)   Other: 0.2ms
[144879.162s][info][gc,heap        ] GC(364) Eden regions: 396->0(396)
[144879.162s][info][gc,heap        ] GC(364) Survivor regions: 2->2(50)
[144879.162s][info][gc,heap        ] GC(364) Old regions: 87->87
[144879.162s][info][gc,heap        ] GC(364) Humongous regions: 11->11
[144879.162s][info][gc,metaspace   ] GC(364) Metaspace: 102656K->102656K(1144832K)
[144879.162s][info][gc             ] GC(364) Pause Young (Normal) (G1 Evacuation Pause) 489M->93M(498M) 4.921ms
[144879.162s][info][gc,cpu         ] GC(364) User=0.02s Sys=0.00s Real=0.01s
[145048.144s][info][gc,start       ] GC(365) Pause Young (Normal) (G1 Evacuation Pause)
[145048.144s][info][gc,task        ] GC(365) Using 8 workers of 8 for evacuation
[145048.153s][info][gc,phases      ] GC(365)   Pre Evacuate Collection Set: 0.0ms
[145048.153s][info][gc,phases      ] GC(365)   Evacuate Collection Set: 6.9ms
[145048.153s][info][gc,phases      ] GC(365)   Post Evacuate Collection Set: 1.8ms
[145048.153s][info][gc,phases      ] GC(365)   Other: 0.2ms
[145048.153s][info][gc,heap        ] GC(365) Eden regions: 396->0(394)
[145048.153s][info][gc,heap        ] GC(365) Survivor regions: 2->10(50)
[145048.153s][info][gc,heap        ] GC(365) Old regions: 87->87
[145048.153s][info][gc,heap        ] GC(365) Humongous regions: 11->11
[145048.153s][info][gc,metaspace   ] GC(365) Metaspace: 102917K->102917K(1144832K)
[145048.153s][info][gc             ] GC(365) Pause Young (Normal) (G1 Evacuation Pause) 489M->100M(506M) 9.025ms
[145048.153s][info][gc,cpu         ] GC(365) User=0.05s Sys=0.00s Real=0.01s
[145049.116s][info][gc,start       ] GC(366) Pause Young (Normal) (G1 Evacuation Pause)
[145049.116s][info][gc,task        ] GC(366) Using 8 workers of 8 for evacuation
[145049.128s][info][gc,phases      ] GC(366)   Pre Evacuate Collection Set: 0.0ms
[145049.128s][info][gc,phases      ] GC(366)   Evacuate Collection Set: 11.2ms
[145049.128s][info][gc,phases      ] GC(366)   Post Evacuate Collection Set: 1.3ms
[145049.128s][info][gc,phases      ] GC(366)   Other: 0.2ms
[145049.128s][info][gc,heap        ] GC(366) Eden regions: 394->0(398)
[145049.128s][info][gc,heap        ] GC(366) Survivor regions: 10->14(51)
[145049.128s][info][gc,heap        ] GC(366) Old regions: 87->87
[145049.128s][info][gc,heap        ] GC(366) Humongous regions: 11->11
[145049.128s][info][gc,metaspace   ] GC(366) Metaspace: 102917K->102917K(1144832K)
[145049.128s][info][gc             ] GC(366) Pause Young (Normal) (G1 Evacuation Pause) 494M->105M(516M) 12.754ms
[145049.128s][info][gc,cpu         ] GC(366) User=0.07s Sys=0.00s Real=0.01s
[145050.041s][info][gc,start       ] GC(367) Pause Young (Normal) (G1 Evacuation Pause)
[145050.041s][info][gc,task        ] GC(367) Using 8 workers of 8 for evacuation
[145050.058s][info][gc,phases      ] GC(367)   Pre Evacuate Collection Set: 0.0ms
[145050.058s][info][gc,phases      ] GC(367)   Evacuate Collection Set: 15.8ms
[145050.058s][info][gc,phases      ] GC(367)   Post Evacuate Collection Set: 1.3ms
[145050.058s][info][gc,phases      ] GC(367)   Other: 0.2ms
[145050.058s][info][gc,heap        ] GC(367) Eden regions: 398->0(403)
[145050.058s][info][gc,heap        ] GC(367) Survivor regions: 14->24(52)
[145050.058s][info][gc,heap        ] GC(367) Old regions: 87->87
[145050.058s][info][gc,heap        ] GC(367) Humongous regions: 11->11
[145050.058s][info][gc,metaspace   ] GC(367) Metaspace: 102918K->102918K(1144832K)
[145050.058s][info][gc             ] GC(367) Pause Young (Normal) (G1 Evacuation Pause) 503M->115M(534M) 17.361ms
[145050.058s][info][gc,cpu         ] GC(367) User=0.11s Sys=0.00s Real=0.01s
[145050.960s][info][gc,start       ] GC(368) Pause Young (Normal) (G1 Evacuation Pause)
[145050.960s][info][gc,task        ] GC(368) Using 8 workers of 8 for evacuation
[145050.999s][info][gc,mmu         ] GC(368) MMU target violated: 21.0ms (20.0ms/21.0ms)
[145050.999s][info][gc,phases      ] GC(368)   Pre Evacuate Collection Set: 0.0ms
[145050.999s][info][gc,phases      ] GC(368)   Evacuate Collection Set: 36.1ms
[145050.999s][info][gc,phases      ] GC(368)   Post Evacuate Collection Set: 2.0ms
[145050.999s][info][gc,phases      ] GC(368)   Other: 0.3ms
[145050.999s][info][gc,heap        ] GC(368) Eden regions: 403->0(413)
[145050.999s][info][gc,heap        ] GC(368) Survivor regions: 24->35(54)
[145050.999s][info][gc,heap        ] GC(368) Old regions: 87->87
[145050.999s][info][gc,heap        ] GC(368) Humongous regions: 11->11
[145050.999s][info][gc,metaspace   ] GC(368) Metaspace: 102918K->102918K(1144832K)
[145050.999s][info][gc             ] GC(368) Pause Young (Normal) (G1 Evacuation Pause) 518M->126M(560M) 38.409ms
[145050.999s][info][gc,cpu         ] GC(368) User=0.18s Sys=0.00s Real=0.03s
[145051.873s][info][gc,start       ] GC(369) Pause Young (Normal) (G1 Evacuation Pause)
[145051.873s][info][gc,task        ] GC(369) Using 8 workers of 8 for evacuation
[145051.903s][info][gc,mmu         ] GC(369) MMU target violated: 21.0ms (20.0ms/21.0ms)
[145051.903s][info][gc,phases      ] GC(369)   Pre Evacuate Collection Set: 0.0ms
[145051.903s][info][gc,phases      ] GC(369)   Evacuate Collection Set: 29.2ms
[145051.904s][info][gc,phases      ] GC(369)   Post Evacuate Collection Set: 1.2ms
[145051.904s][info][gc,phases      ] GC(369)   Other: 0.2ms
[145051.904s][info][gc,heap        ] GC(369) Eden regions: 413->0(433)
[145051.904s][info][gc,heap        ] GC(369) Survivor regions: 35->41(56)
[145051.904s][info][gc,heap        ] GC(369) Old regions: 87->93
[145051.904s][info][gc,heap        ] GC(369) Humongous regions: 11->11
[145051.904s][info][gc,metaspace   ] GC(369) Metaspace: 102918K->102918K(1144832K)
[145051.904s][info][gc             ] GC(369) Pause Young (Normal) (G1 Evacuation Pause) 539M->139M(593M) 30.640ms
[145051.904s][info][gc,cpu         ] GC(369) User=0.22s Sys=0.00s Real=0.03s
[145052.968s][info][gc,start       ] GC(370) Pause Young (Normal) (G1 Evacuation Pause)
[145052.968s][info][gc,task        ] GC(370) Using 8 workers of 8 for evacuation
[145052.999s][info][gc,mmu         ] GC(370) MMU target violated: 21.0ms (20.0ms/21.0ms)
[145052.999s][info][gc,phases      ] GC(370)   Pre Evacuate Collection Set: 0.0ms
[145052.999s][info][gc,phases      ] GC(370)   Evacuate Collection Set: 29.5ms
[145052.999s][info][gc,phases      ] GC(370)   Post Evacuate Collection Set: 1.2ms
[145052.999s][info][gc,phases      ] GC(370)   Other: 0.2ms
[145052.999s][info][gc,heap        ] GC(370) Eden regions: 433->0(468)
[145052.999s][info][gc,heap        ] GC(370) Survivor regions: 41->35(60)
[145052.999s][info][gc,heap        ] GC(370) Old regions: 93->109
[145052.999s][info][gc,heap        ] GC(370) Humongous regions: 11->11
[145052.999s][info][gc,metaspace   ] GC(370) Metaspace: 102918K->102918K(1144832K)
[145052.999s][info][gc             ] GC(370) Pause Young (Normal) (G1 Evacuation Pause) 572M->149M(629M) 30.937ms
[145052.999s][info][gc,cpu         ] GC(370) User=0.22s Sys=0.00s Real=0.03s
[145053.873s][info][gc,start       ] GC(371) Pause Young (Normal) (G1 Evacuation Pause)
[145053.873s][info][gc,task        ] GC(371) Using 8 workers of 8 for evacuation
[145053.918s][info][gc,mmu         ] GC(371) MMU target violated: 21.0ms (20.0ms/21.0ms)
[145053.918s][info][gc,phases      ] GC(371)   Pre Evacuate Collection Set: 0.0ms
[145053.918s][info][gc,phases      ] GC(371)   Evacuate Collection Set: 43.9ms
[145053.918s][info][gc,phases      ] GC(371)   Post Evacuate Collection Set: 1.2ms
[145053.918s][info][gc,phases      ] GC(371)   Other: 0.2ms
[145053.918s][info][gc,heap        ] GC(371) Eden regions: 468->0(499)
[145053.918s][info][gc,heap        ] GC(371) Survivor regions: 35->41(63)
[145053.918s][info][gc,heap        ] GC(371) Old regions: 109->120
[145053.918s][info][gc,heap        ] GC(371) Humongous regions: 11->11
[145053.918s][info][gc,metaspace   ] GC(371) Metaspace: 102918K->102918K(1144832K)
[145053.918s][info][gc             ] GC(371) Pause Young (Normal) (G1 Evacuation Pause) 617M->166M(675M) 45.386ms
[145053.919s][info][gc,cpu         ] GC(371) User=0.30s Sys=0.00s Real=0.04s
[145054.997s][info][gc,start       ] GC(372) Pause Young (Normal) (G1 Evacuation Pause)
[145054.997s][info][gc,task        ] GC(372) Using 8 workers of 8 for evacuation
[145055.034s][info][gc,mmu         ] GC(372) MMU target violated: 21.0ms (20.0ms/21.0ms)
[145055.034s][info][gc,phases      ] GC(372)   Pre Evacuate Collection Set: 0.0ms
[145055.034s][info][gc,phases      ] GC(372)   Evacuate Collection Set: 36.1ms
[145055.034s][info][gc,phases      ] GC(372)   Post Evacuate Collection Set: 1.2ms
[145055.034s][info][gc,phases      ] GC(372)   Other: 0.2ms
[145055.034s][info][gc,heap        ] GC(372) Eden regions: 499->0(539)
[145055.034s][info][gc,heap        ] GC(372) Survivor regions: 41->41(68)
[145055.034s][info][gc,heap        ] GC(372) Old regions: 120->134
[145055.034s][info][gc,heap        ] GC(372) Humongous regions: 11->11
[145055.034s][info][gc,metaspace   ] GC(372) Metaspace: 102918K->102918K(1144832K)
[145055.034s][info][gc             ] GC(372) Pause Young (Normal) (G1 Evacuation Pause) 665M->180M(726M) 37.570ms
[145055.034s][info][gc,cpu         ] GC(372) User=0.27s Sys=0.00s Real=0.04s
[145056.149s][info][gc,start       ] GC(373) Pause Young (Normal) (G1 Evacuation Pause)
[145056.149s][info][gc,task        ] GC(373) Using 8 workers of 8 for evacuation
[145056.210s][info][gc,mmu         ] GC(373) MMU target violated: 21.0ms (20.0ms/21.0ms)
[145056.210s][info][gc,phases      ] GC(373)   Pre Evacuate Collection Set: 0.0ms
[145056.210s][info][gc,phases      ] GC(373)   Evacuate Collection Set: 57.9ms
[145056.210s][info][gc,phases      ] GC(373)   Post Evacuate Collection Set: 2.9ms
[145056.210s][info][gc,phases      ] GC(373)   Other: 0.3ms
[145056.210s][info][gc,heap        ] GC(373) Eden regions: 539->0(580)
[145056.210s][info][gc,heap        ] GC(373) Survivor regions: 41->42(73)
[145056.210s][info][gc,heap        ] GC(373) Old regions: 134->145
[145056.210s][info][gc,heap        ] GC(373) Humongous regions: 11->11
[145056.210s][info][gc,metaspace   ] GC(373) Metaspace: 102918K->102918K(1144832K)
[145056.210s][info][gc             ] GC(373) Pause Young (Normal) (G1 Evacuation Pause) 719M->192M(778M) 61.175ms
[145056.210s][info][gc,cpu         ] GC(373) User=0.33s Sys=0.00s Real=0.07s
[145057.467s][info][gc,start       ] GC(374) Pause Young (Normal) (G1 Evacuation Pause)
[145057.467s][info][gc,task        ] GC(374) Using 8 workers of 8 for evacuation
[145057.504s][info][gc,mmu         ] GC(374) MMU target violated: 21.0ms (20.0ms/21.0ms)
[145057.504s][info][gc,phases      ] GC(374)   Pre Evacuate Collection Set: 0.0ms
[145057.504s][info][gc,phases      ] GC(374)   Evacuate Collection Set: 35.3ms
[145057.504s][info][gc,phases      ] GC(374)   Post Evacuate Collection Set: 2.0ms
[145057.504s][info][gc,phases      ] GC(374)   Other: 0.2ms
[145057.504s][info][gc,heap        ] GC(374) Eden regions: 580->0(626)
[145057.504s][info][gc,heap        ] GC(374) Survivor regions: 42->31(78)
[145057.504s][info][gc,heap        ] GC(374) Old regions: 145->158
[145057.504s][info][gc,heap        ] GC(374) Humongous regions: 11->11
[145057.504s][info][gc,metaspace   ] GC(374) Metaspace: 102918K->102918K(1144832K)
[145057.504s][info][gc             ] GC(374) Pause Young (Normal) (G1 Evacuation Pause) 772M->194M(822M) 37.567ms
[145057.504s][info][gc,cpu         ] GC(374) User=0.21s Sys=0.00s Real=0.04s
[145058.651s][info][gc,start       ] GC(375) Pause Young (Normal) (G1 Evacuation Pause)
[145058.651s][info][gc,task        ] GC(375) Using 8 workers of 8 for evacuation
[145058.677s][info][gc,mmu         ] GC(375) MMU target violated: 21.0ms (20.0ms/21.0ms)
[145058.677s][info][gc,phases      ] GC(375)   Pre Evacuate Collection Set: 0.0ms
[145058.677s][info][gc,phases      ] GC(375)   Evacuate Collection Set: 25.0ms
[145058.677s][info][gc,phases      ] GC(375)   Post Evacuate Collection Set: 1.3ms
[145058.677s][info][gc,phases      ] GC(375)   Other: 0.2ms
[145058.677s][info][gc,heap        ] GC(375) Eden regions: 622->0(650)
[145058.677s][info][gc,heap        ] GC(375) Survivor regions: 31->35(83)
[145058.677s][info][gc,heap        ] GC(375) Old regions: 158->158
[145058.677s][info][gc,heap        ] GC(375) Humongous regions: 11->11
[145058.677s][info][gc,metaspace   ] GC(375) Metaspace: 102918K->102918K(1144832K)
[145058.678s][info][gc             ] GC(375) Pause Young (Normal) (G1 Evacuation Pause) 816M->198M(857M) 26.567ms
[145058.678s][info][gc,cpu         ] GC(375) User=0.16s Sys=0.00s Real=0.02s
[145075.516s][info][gc,heap,exit   ] Heap
[145075.516s][info][gc,heap,exit   ]  garbage-first heap   total 877568K, used 692462K [0x0000000083000000, 0x0000000100000000)
[145075.516s][info][gc,heap,exit   ]   region size 1024K, 515 young (527360K), 35 survivors (35840K)
[145075.516s][info][gc,heap,exit   ]  Metaspace       used 105021K, capacity 113981K, committed 114216K, reserved 1146880K
[145075.516s][info][gc,heap,exit   ]   class space    used 14099K, capacity 16759K, committed 16840K, reserved 1048576K
